
> coding-ui@0.0.0 build
> tsc -b && vite build

src/App.tsx(1,62): error TS17008: JSX element 'span' has no corresponding closing tag.
src/App.tsx(1,115): error TS17008: JSX element 'span' has no corresponding closing tag.
src/App.tsx(15,30): error TS1382: Unexpected token. Did you mean `{'>'}` or `&gt;`?
src/App.tsx(15,75): error TS1382: Unexpected token. Did you mean `{'>'}` or `&gt;`?
src/App.tsx(15,80): error TS1109: Expression expected.
src/App.tsx(15,103): error TS1381: Unexpected token. Did you mean `{'}'}` or `&rbrace;`?
src/App.tsx(16,31): error TS1382: Unexpected token. Did you mean `{'>'}` or `&gt;`?
src/App.tsx(16,72): error TS1382: Unexpected token. Did you mean `{'>'}` or `&gt;`?
src/App.tsx(16,77): error TS1109: Expression expected.
src/App.tsx(16,101): error TS1381: Unexpected token. Did you mean `{'}'}` or `&rbrace;`?
src/App.tsx(17,33): error TS1382: Unexpected token. Did you mean `{'>'}` or `&gt;`?
src/App.tsx(17,76): error TS1382: Unexpected token. Did you mean `{'>'}` or `&gt;`?
src/App.tsx(17,81): error TS1109: Expression expected.
src/App.tsx(17,107): error TS1381: Unexpected token. Did you mean `{'}'}` or `&rbrace;`?
src/App.tsx(18,37): error TS1382: Unexpected token. Did you mean `{'>'}` or `&gt;`?
src/App.tsx(18,84): error TS1382: Unexpected token. Did you mean `{'>'}` or `&gt;`?
src/App.tsx(18,89): error TS1109: Expression expected.
src/App.tsx(18,119): error TS1381: Unexpected token. Did you mean `{'}'}` or `&rbrace;`?
src/App.tsx(19,31): error TS1382: Unexpected token. Did you mean `{'>'}` or `&gt;`?
src/App.tsx(19,72): error TS1382: Unexpected token. Did you mean `{'>'}` or `&gt;`?
src/App.tsx(19,77): error TS1109: Expression expected.
src/App.tsx(19,101): error TS1381: Unexpected token. Did you mean `{'}'}` or `&rbrace;`?
src/App.tsx(22,3): error TS1109: Expression expected.
src/App.tsx(22,36): error TS17008: JSX element 'boolean' has no corresponding closing tag.
src/App.tsx(22,49): error TS1382: Unexpected token. Did you mean `{'>'}` or `&gt;`?
src/App.tsx(23,5): error TS1109: Expression expected.
src/App.tsx(27,3): error TS1381: Unexpected token. Did you mean `{'}'}` or `&rbrace;`?
src/App.tsx(29,17): error TS1382: Unexpected token. Did you mean `{'>'}` or `&gt;`?
src/App.tsx(30,5): error TS1109: Expression expected.
src/App.tsx(34,3): error TS1381: Unexpected token. Did you mean `{'}'}` or `&rbrace;`?
src/App.tsx(37,1): error TS1381: Unexpected token. Did you mean `{'}'}` or `&rbrace;`?
src/App.tsx(41,3): error TS1109: Expression expected.
src/App.tsx(74,1): error TS1381: Unexpected token. Did you mean `{'}'}` or `&rbrace;`?
src/App.tsx(77,3): error TS1109: Expression expected.
src/App.tsx(77,55): error TS1382: Unexpected token. Did you mean `{'>'}` or `&gt;`?
src/App.tsx(79,38): error TS1005: '}' expected.
src/App.tsx(95,1): error TS1381: Unexpected token. Did you mean `{'}'}` or `&rbrace;`?
src/App.tsx(95,2): error TS1005: '</' expected.
src/components/AccessibleLoadingSpinner.tsx(1,44): error TS1180: Property destructuring pattern expected.
src/components/AccessibleLoadingSpinner.tsx(1,50): error TS1005: ',' expected.
src/components/AccessibleLoadingSpinner.tsx(1,55): error TS1005: '{' expected.
src/components/AccessibleLoadingSpinner.tsx(1,67): error TS1005: ';' expected.
src/components/AccessibleLoadingSpinner.tsx(1,98): error TS17008: JSX element 'span' has no corresponding closing tag.
src/components/AccessibleLoadingSpinner.tsx(4,1): error TS1381: Unexpected token. Did you mean `{'}'}` or `&rbrace;`?
src/components/AccessibleLoadingSpinner.tsx(4,11): error TS1109: Expression expected.
src/components/AccessibleLoadingSpinner.tsx(4,31): error TS1005: '}' expected.
src/components/AccessibleLoadingSpinner.tsx(4,48): error TS1381: Unexpected token. Did you mean `{'}'}` or `&rbrace;`?
src/components/AccessibleLoadingSpinner.tsx(5,3): error TS1109: Expression expected.
src/components/AccessibleLoadingSpinner.tsx(6,7): error TS1005: '}' expected.
src/components/AccessibleLoadingSpinner.tsx(9,3): error TS1381: Unexpected token. Did you mean `{'}'}` or `&rbrace;`?
src/components/AccessibleLoadingSpinner.tsx(25,1): error TS1381: Unexpected token. Did you mean `{'}'}` or `&rbrace;`?
src/components/AccessibleLoadingSpinner.tsx(25,2): error TS1005: '</' expected.
src/components/AddCategoryModal.tsx(1,35): error TS17008: JSX element 'span' has no corresponding closing tag.
src/components/AddCategoryModal.tsx(1,88): error TS17008: JSX element 'span' has no corresponding closing tag.
src/components/AddCategoryModal.tsx(7,7): error TS1005: '}' expected.
src/components/AddCategoryModal.tsx(8,16): error TS1382: Unexpected token. Did you mean `{'>'}` or `&gt;`?
src/components/AddCategoryModal.tsx(9,27): error TS1382: Unexpected token. Did you mean `{'>'}` or `&gt;`?
src/components/AddCategoryModal.tsx(10,1): error TS1381: Unexpected token. Did you mean `{'}'}` or `&rbrace;`?
src/components/AddCategoryModal.tsx(13,3): error TS1109: Expression expected.
src/components/AddCategoryModal.tsx(15,45): error TS1003: Identifier expected.
src/components/AddCategoryModal.tsx(15,51): error TS1382: Unexpected token. Did you mean `{'>'}` or `&gt;`?
src/components/AddCategoryModal.tsx(19,19): error TS1005: '}' expected.
src/components/AddCategoryModal.tsx(24,60): error TS1005: '}' expected.
src/components/AddCategoryModal.tsx(27,5): error TS1381: Unexpected token. Did you mean `{'}'}` or `&rbrace;`?
src/components/AddCategoryModal.tsx(31,88): error TS1005: '}' expected.
src/components/AddCategoryModal.tsx(35,5): error TS1381: Unexpected token. Did you mean `{'}'}` or `&rbrace;`?
src/components/AddCategoryModal.tsx(39,59): error TS1005: '}' expected.
src/components/AddCategoryModal.tsx(41,55): error TS1005: '}' expected.
src/components/AddCategoryModal.tsx(41,71): error TS1381: Unexpected token. Did you mean `{'}'}` or `&rbrace;`?
src/components/AddCategoryModal.tsx(43,5): error TS1381: Unexpected token. Did you mean `{'}'}` or `&rbrace;`?
src/components/AddCategoryModal.tsx(49,7): error TS1109: Expression expected.
src/components/AddCategoryModal.tsx(50,55): error TS1382: Unexpected token. Did you mean `{'>'}` or `&gt;`?
src/components/AddCategoryModal.tsx(51,24): error TS1382: Unexpected token. Did you mean `{'>'}` or `&gt;`?
src/components/AddCategoryModal.tsx(60,5): error TS1381: Unexpected token. Did you mean `{'}'}` or `&rbrace;`?
src/components/AddCategoryModal.tsx(62,51): error TS1005: '}' expected.
src/components/AddCategoryModal.tsx(66,5): error TS1381: Unexpected token. Did you mean `{'}'}` or `&rbrace;`?
src/components/AddCategoryModal.tsx(67,3): error TS1381: Unexpected token. Did you mean `{'}'}` or `&rbrace;`?
src/components/AddCategoryModal.tsx(70,5): error TS1109: Expression expected.
src/components/AddCategoryModal.tsx(71,18): error TS1005: '}' expected.
src/components/AddCategoryModal.tsx(74,5): error TS1381: Unexpected token. Did you mean `{'}'}` or `&rbrace;`?
src/components/AddCategoryModal.tsx(75,3): error TS1381: Unexpected token. Did you mean `{'}'}` or `&rbrace;`?
src/components/AddCategoryModal.tsx(117,1): error TS1381: Unexpected token. Did you mean `{'}'}` or `&rbrace;`?
src/components/AddCategoryModal.tsx(117,2): error TS1005: '</' expected.
src/components/AddCodeModal.tsx(1,46): error TS17008: JSX element 'span' has no corresponding closing tag.
src/components/AddCodeModal.tsx(1,99): error TS17008: JSX element 'span' has no corresponding closing tag.
src/components/AddCodeModal.tsx(6,7): error TS1005: '}' expected.
src/components/AddCodeModal.tsx(7,16): error TS1382: Unexpected token. Did you mean `{'>'}` or `&gt;`?
src/components/AddCodeModal.tsx(9,50): error TS1382: Unexpected token. Did you mean `{'>'}` or `&gt;`?
src/components/AddCodeModal.tsx(10,1): error TS1381: Unexpected token. Did you mean `{'}'}` or `&rbrace;`?
src/components/AddCodeModal.tsx(13,3): error TS1109: Expression expected.
src/components/AddCodeModal.tsx(14,56): error TS1003: Identifier expected.
src/components/AddCodeModal.tsx(14,58): error TS1382: Unexpected token. Did you mean `{'>'}` or `&gt;`?
src/components/AddCodeModal.tsx(16,45): error TS1003: Identifier expected.
src/components/AddCodeModal.tsx(16,51): error TS1382: Unexpected token. Did you mean `{'>'}` or `&gt;`?
src/components/AddCodeModal.tsx(20,72): error TS1003: Identifier expected.
src/components/AddCodeModal.tsx(20,74): error TS1382: Unexpected token. Did you mean `{'>'}` or `&gt;`?
src/components/AddCodeModal.tsx(26,17): error TS1382: Unexpected token. Did you mean `{'>'}` or `&gt;`?
src/components/AddCodeModal.tsx(27,5): error TS1109: Expression expected.
src/components/AddCodeModal.tsx(28,40): error TS1005: '}' expected.
src/components/AddCodeModal.tsx(29,5): error TS1381: Unexpected token. Did you mean `{'}'}` or `&rbrace;`?
src/components/AddCodeModal.tsx(30,7): error TS1109: Expression expected.
src/components/AddCodeModal.tsx(30,47): error TS1382: Unexpected token. Did you mean `{'>'}` or `&gt;`?
src/components/AddCodeModal.tsx(34,5): error TS1381: Unexpected token. Did you mean `{'}'}` or `&rbrace;`?
src/components/AddCodeModal.tsx(35,3): error TS1381: Unexpected token. Did you mean `{'}'}` or `&rbrace;`?
src/components/AddCodeModal.tsx(38,17): error TS1382: Unexpected token. Did you mean `{'>'}` or `&gt;`?
src/components/AddCodeModal.tsx(39,5): error TS1109: Expression expected.
src/components/AddCodeModal.tsx(39,46): error TS1382: Unexpected token. Did you mean `{'>'}` or `&gt;`?
src/components/AddCodeModal.tsx(40,7): error TS1109: Expression expected.
src/components/AddCodeModal.tsx(41,22): error TS1005: '}' expected.
src/components/AddCodeModal.tsx(42,7): error TS1381: Unexpected token. Did you mean `{'}'}` or `&rbrace;`?
src/components/AddCodeModal.tsx(43,5): error TS1381: Unexpected token. Did you mean `{'}'}` or `&rbrace;`?
src/components/AddCodeModal.tsx(46,55): error TS1005: '}' expected.
src/components/AddCodeModal.tsx(47,18): error TS1382: Unexpected token. Did you mean `{'>'}` or `&gt;`?
src/components/AddCodeModal.tsx(48,5): error TS1381: Unexpected token. Did you mean `{'}'}` or `&rbrace;`?
src/components/AddCodeModal.tsx(49,3): error TS1381: Unexpected token. Did you mean `{'}'}` or `&rbrace;`?
src/components/AddCodeModal.tsx(52,5): error TS1109: Expression expected.
src/components/AddCodeModal.tsx(53,40): error TS1005: '}' expected.
src/components/AddCodeModal.tsx(55,5): error TS1381: Unexpected token. Did you mean `{'}'}` or `&rbrace;`?
src/components/AddCodeModal.tsx(64,12): error TS1005: '}' expected.
src/components/AddCodeModal.tsx(64,26): error TS1005: '}' expected.
src/components/AddCodeModal.tsx(64,53): error TS1381: Unexpected token. Did you mean `{'}'}` or `&rbrace;`?
src/components/AddCodeModal.tsx(65,5): error TS1381: Unexpected token. Did you mean `{'}'}` or `&rbrace;`?
src/components/AddCodeModal.tsx(71,3): error TS1381: Unexpected token. Did you mean `{'}'}` or `&rbrace;`?
src/components/AddCodeModal.tsx(74,5): error TS1109: Expression expected.
src/components/AddCodeModal.tsx(75,18): error TS1005: '}' expected.
src/components/AddCodeModal.tsx(80,5): error TS1381: Unexpected token. Did you mean `{'}'}` or `&rbrace;`?
src/components/AddCodeModal.tsx(81,3): error TS1381: Unexpected token. Did you mean `{'}'}` or `&rbrace;`?
src/components/AddCodeModal.tsx(88,6): error TS1005: '}' expected.
src/components/AddCodeModal.tsx(89,3): error TS1381: Unexpected token. Did you mean `{'}'}` or `&rbrace;`?
src/components/AddCodeModal.tsx(185,1): error TS1381: Unexpected token. Did you mean `{'}'}` or `&rbrace;`?
src/components/AddCodeModal.tsx(185,2): error TS1005: '</' expected.
src/components/AdvancedFiltersPanel.tsx(1,42): error TS17008: JSX element 'span' has no corresponding closing tag.
src/components/AdvancedFiltersPanel.tsx(1,95): error TS17008: JSX element 'span' has no corresponding closing tag.
src/components/AdvancedFiltersPanel.tsx(7,14): error TS1005: '}' expected.
src/components/AdvancedFiltersPanel.tsx(8,47): error TS1382: Unexpected token. Did you mean `{'>'}` or `&gt;`?
src/components/AdvancedFiltersPanel.tsx(10,33): error TS1382: Unexpected token. Did you mean `{'>'}` or `&gt;`?
src/components/AdvancedFiltersPanel.tsx(11,41): error TS1382: Unexpected token. Did you mean `{'>'}` or `&gt;`?
src/components/AdvancedFiltersPanel.tsx(12,39): error TS1382: Unexpected token. Did you mean `{'>'}` or `&gt;`?
src/components/AdvancedFiltersPanel.tsx(15,42): error TS1382: Unexpected token. Did you mean `{'>'}` or `&gt;`?
src/components/AdvancedFiltersPanel.tsx(16,1): error TS1381: Unexpected token. Did you mean `{'}'}` or `&rbrace;`?
src/components/AdvancedFiltersPanel.tsx(29,3): error TS1109: Expression expected.
src/components/AdvancedFiltersPanel.tsx(36,25): error TS1382: Unexpected token. Did you mean `{'>'}` or `&gt;`?
src/components/AdvancedFiltersPanel.tsx(37,5): error TS1109: Expression expected.
src/components/AdvancedFiltersPanel.tsx(40,14): error TS1005: '}' expected.
src/components/AdvancedFiltersPanel.tsx(41,5): error TS1381: Unexpected token. Did you mean `{'}'}` or `&rbrace;`?
src/components/AdvancedFiltersPanel.tsx(43,3): error TS1381: Unexpected token. Did you mean `{'}'}` or `&rbrace;`?
src/components/AdvancedFiltersPanel.tsx(45,44): error TS1382: Unexpected token. Did you mean `{'>'}` or `&gt;`?
src/components/AdvancedFiltersPanel.tsx(49,7): error TS1005: '}' expected.
src/components/AdvancedFiltersPanel.tsx(50,3): error TS1381: Unexpected token. Did you mean `{'}'}` or `&rbrace;`?
src/components/AdvancedFiltersPanel.tsx(52,60): error TS17008: JSX element 'FilterType' has no corresponding closing tag.
src/components/AdvancedFiltersPanel.tsx(52,74): error TS1382: Unexpected token. Did you mean `{'>'}` or `&gt;`?
src/components/AdvancedFiltersPanel.tsx(58,7): error TS1005: '}' expected.
src/components/AdvancedFiltersPanel.tsx(59,3): error TS1381: Unexpected token. Did you mean `{'}'}` or `&rbrace;`?
src/components/AdvancedFiltersPanel.tsx(61,32): error TS1382: Unexpected token. Did you mean `{'>'}` or `&gt;`?
src/components/AdvancedFiltersPanel.tsx(62,5): error TS1109: Expression expected.
src/components/AdvancedFiltersPanel.tsx(66,3): error TS1381: Unexpected token. Did you mean `{'}'}` or `&rbrace;`?
src/components/AdvancedFiltersPanel.tsx(68,47): error TS1382: Unexpected token. Did you mean `{'>'}` or `&gt;`?
src/components/AdvancedFiltersPanel.tsx(69,25): error TS1005: '}' expected.
src/components/AdvancedFiltersPanel.tsx(71,3): error TS1381: Unexpected token. Did you mean `{'}'}` or `&rbrace;`?
src/components/AdvancedFiltersPanel.tsx(73,31): error TS1382: Unexpected token. Did you mean `{'>'}` or `&gt;`?
src/components/AdvancedFiltersPanel.tsx(77,7): error TS1005: '}' expected.
src/components/AdvancedFiltersPanel.tsx(80,3): error TS1381: Unexpected token. Did you mean `{'}'}` or `&rbrace;`?
src/components/AdvancedFiltersPanel.tsx(342,1): error TS1381: Unexpected token. Did you mean `{'}'}` or `&rbrace;`?
src/components/AdvancedFiltersPanel.tsx(342,2): error TS1005: '</' expected.
src/components/AnalyticsDashboard.tsx(1,53): error TS17008: JSX element 'span' has no corresponding closing tag.
src/components/AnalyticsDashboard.tsx(1,106): error TS17008: JSX element 'span' has no corresponding closing tag.
src/components/AnalyticsDashboard.tsx(7,32): error TS1005: '}' expected.
src/components/AnalyticsDashboard.tsx(7,46): error TS1381: Unexpected token. Did you mean `{'}'}` or `&rbrace;`?
src/components/AnalyticsDashboard.tsx(11,14): error TS1109: Expression expected.
src/components/AnalyticsDashboard.tsx(11,22): error TS1005: '}' expected.
src/components/AnalyticsDashboard.tsx(12,1): error TS1381: Unexpected token. Did you mean `{'}'}` or `&rbrace;`?
src/components/AnalyticsDashboard.tsx(15,3): error TS1109: Expression expected.
src/components/AnalyticsDashboard.tsx(15,60): error TS1003: Identifier expected.
src/components/AnalyticsDashboard.tsx(15,66): error TS1382: Unexpected token. Did you mean `{'>'}` or `&gt;`?
src/components/AnalyticsDashboard.tsx(18,9): error TS1005: '}' expected.
src/components/AnalyticsDashboard.tsx(20,3): error TS1381: Unexpected token. Did you mean `{'}'}` or `&rbrace;`?
src/components/AnalyticsDashboard.tsx(24,17): error TS1382: Unexpected token. Did you mean `{'>'}` or `&gt;`?
src/components/AnalyticsDashboard.tsx(25,20): error TS1005: '}' expected.
src/components/AnalyticsDashboard.tsx(26,3): error TS1381: Unexpected token. Did you mean `{'}'}` or `&rbrace;`?
src/components/AnalyticsDashboard.tsx(28,35): error TS1382: Unexpected token. Did you mean `{'>'}` or `&gt;`?
src/components/AnalyticsDashboard.tsx(29,21): error TS1005: '}' expected.
src/components/AnalyticsDashboard.tsx(31,7): error TS1109: Expression expected.
src/components/AnalyticsDashboard.tsx(34,5): error TS1381: Unexpected token. Did you mean `{'}'}` or `&rbrace;`?
src/components/AnalyticsDashboard.tsx(35,57): error TS1005: '}' expected.
src/components/AnalyticsDashboard.tsx(37,5): error TS1381: Unexpected token. Did you mean `{'}'}` or `&rbrace;`?
src/components/AnalyticsDashboard.tsx(38,24): error TS1005: '}' expected.
src/components/AnalyticsDashboard.tsx(39,5): error TS1381: Unexpected token. Did you mean `{'}'}` or `&rbrace;`?
src/components/AnalyticsDashboard.tsx(40,3): error TS1381: Unexpected token. Did you mean `{'}'}` or `&rbrace;`?
src/components/AnalyticsDashboard.tsx(42,32): error TS1382: Unexpected token. Did you mean `{'>'}` or `&gt;`?
src/components/AnalyticsDashboard.tsx(43,5): error TS1109: Expression expected.
src/components/AnalyticsDashboard.tsx(44,46): error TS1005: '}' expected.
src/components/AnalyticsDashboard.tsx(46,5): error TS1381: Unexpected token. Did you mean `{'}'}` or `&rbrace;`?
src/components/AnalyticsDashboard.tsx(47,3): error TS1381: Unexpected token. Did you mean `{'}'}` or `&rbrace;`?
src/components/AnalyticsDashboard.tsx(50,5): error TS1109: Expression expected.
src/components/AnalyticsDashboard.tsx(58,3): error TS1381: Unexpected token. Did you mean `{'}'}` or `&rbrace;`?
src/components/AnalyticsDashboard.tsx(448,1): error TS1381: Unexpected token. Did you mean `{'}'}` or `&rbrace;`?
src/components/AnalyticsDashboard.tsx(448,2): error TS1005: '</' expected.
src/components/AnswerTable.tsx(1,59): error TS17008: JSX element 'span' has no corresponding closing tag.
src/components/AnswerTable.tsx(1,112): error TS17008: JSX element 'span' has no corresponding closing tag.
src/components/AnswerTable.tsx(17,3): error TS1109: Expression expected.
src/components/AnswerTable.tsx(18,44): error TS17008: JSX element 'Set' has no corresponding closing tag.
src/components/AnswerTable.tsx(19,42): error TS1003: Identifier expected.
src/components/AnswerTable.tsx(19,67): error TS1382: Unexpected token. Did you mean `{'>'}` or `&gt;`?
src/components/AnswerTable.tsx(20,69): error TS1003: Identifier expected.
src/components/AnswerTable.tsx(20,80): error TS1382: Unexpected token. Did you mean `{'>'}` or `&gt;`?
src/components/AnswerTable.tsx(22,56): error TS17008: JSX element 'any' has no corresponding closing tag.
src/components/AnswerTable.tsx(26,17): error TS1382: Unexpected token. Did you mean `{'>'}` or `&gt;`?
src/components/AnswerTable.tsx(27,5): error TS1109: Expression expected.
src/components/AnswerTable.tsx(30,7): error TS1109: Expression expected.
src/components/AnswerTable.tsx(32,33): error TS1005: '}' expected.
src/components/AnswerTable.tsx(34,7): error TS1381: Unexpected token. Did you mean `{'}'}` or `&rbrace;`?
src/components/AnswerTable.tsx(35,5): error TS1381: Unexpected token. Did you mean `{'}'}` or `&rbrace;`?
src/components/AnswerTable.tsx(36,3): error TS1381: Unexpected token. Did you mean `{'}'}` or `&rbrace;`?
src/components/AnswerTable.tsx(39,63): error TS1382: Unexpected token. Did you mean `{'>'}` or `&gt;`?
src/components/AnswerTable.tsx(40,76): error TS1005: '}' expected.
src/components/AnswerTable.tsx(42,3): error TS1381: Unexpected token. Did you mean `{'}'}` or `&rbrace;`?
src/components/AnswerTable.tsx(45,59): error TS1382: Unexpected token. Did you mean `{'>'}` or `&gt;`?
src/components/AnswerTable.tsx(46,61): error TS1005: '}' expected.
src/components/AnswerTable.tsx(48,3): error TS1381: Unexpected token. Did you mean `{'}'}` or `&rbrace;`?
src/components/AnswerTable.tsx(52,9): error TS1005: '}' expected.
src/components/AnswerTable.tsx(55,3): error TS1381: Unexpected token. Did you mean `{'}'}` or `&rbrace;`?
src/components/AnswerTable.tsx(56,15): error TS1005: '}' expected.
src/components/AnswerTable.tsx(60,3): error TS1381: Unexpected token. Did you mean `{'}'}` or `&rbrace;`?
src/components/AnswerTable.tsx(67,17): error TS1382: Unexpected token. Did you mean `{'>'}` or `&gt;`?
src/components/AnswerTable.tsx(68,5): error TS1109: Expression expected.
src/components/AnswerTable.tsx(68,24): error TS1382: Unexpected token. Did you mean `{'>'}` or `&gt;`?
src/components/AnswerTable.tsx(69,7): error TS1109: Expression expected.
src/components/AnswerTable.tsx(69,69): error TS1382: Unexpected token. Did you mean `{'>'}` or `&gt;`?
src/components/AnswerTable.tsx(70,9): error TS1109: Expression expected.
src/components/AnswerTable.tsx(73,7): error TS1381: Unexpected token. Did you mean `{'}'}` or `&rbrace;`?
src/components/AnswerTable.tsx(76,5): error TS1381: Unexpected token. Did you mean `{'}'}` or `&rbrace;`?
src/components/AnswerTable.tsx(77,3): error TS1381: Unexpected token. Did you mean `{'}'}` or `&rbrace;`?
src/components/AnswerTable.tsx(80,17): error TS1382: Unexpected token. Did you mean `{'>'}` or `&gt;`?
src/components/AnswerTable.tsx(81,5): error TS1109: Expression expected.
src/components/AnswerTable.tsx(90,16): error TS1005: '}' expected.
src/components/AnswerTable.tsx(90,58): error TS1381: Unexpected token. Did you mean `{'}'}` or `&rbrace;`?
src/components/AnswerTable.tsx(91,50): error TS17008: JSX element 'Answer' has no corresponding closing tag.
src/components/AnswerTable.tsx(91,60): error TS1382: Unexpected token. Did you mean `{'>'}` or `&gt;`?
src/components/AnswerTable.tsx(92,73): error TS1005: '}' expected.
src/components/AnswerTable.tsx(96,21): error TS1005: '}' expected.
src/components/AnswerTable.tsx(97,11): error TS1381: Unexpected token. Did you mean `{'}'}` or `&rbrace;`?
src/components/AnswerTable.tsx(98,9): error TS1381: Unexpected token. Did you mean `{'}'}` or `&rbrace;`?
src/components/AnswerTable.tsx(102,16): error TS1382: Unexpected token. Did you mean `{'>'}` or `&gt;`?
src/components/AnswerTable.tsx(103,58): error TS1005: '}' expected.
src/components/AnswerTable.tsx(105,5): error TS1381: Unexpected token. Did you mean `{'}'}` or `&rbrace;`?
src/components/AnswerTable.tsx(106,3): error TS1381: Unexpected token. Did you mean `{'}'}` or `&rbrace;`?
src/components/AnswerTable.tsx(112,5): error TS1109: Expression expected.
src/components/AnswerTable.tsx(121,9): error TS1005: '}' expected.
src/components/AnswerTable.tsx(125,5): error TS1381: Unexpected token. Did you mean `{'}'}` or `&rbrace;`?
src/components/AnswerTable.tsx(126,54): error TS1005: '}' expected.
src/components/AnswerTable.tsx(128,5): error TS1381: Unexpected token. Did you mean `{'}'}` or `&rbrace;`?
src/components/AnswerTable.tsx(129,3): error TS1381: Unexpected token. Did you mean `{'}'}` or `&rbrace;`?
src/components/AnswerTable.tsx(133,18): error TS1005: '}' expected.
src/components/AnswerTable.tsx(135,3): error TS1381: Unexpected token. Did you mean `{'}'}` or `&rbrace;`?
src/components/AnswerTable.tsx(272,1): error TS1381: Unexpected token. Did you mean `{'}'}` or `&rbrace;`?
src/components/AnswerTable.tsx(272,2): error TS1005: '</' expected.
src/components/AppHeader.tsx(1,55): error TS17008: JSX element 'span' has no corresponding closing tag.
src/components/AppHeader.tsx(1,108): error TS17008: JSX element 'span' has no corresponding closing tag.
src/components/AppHeader.tsx(5,7): error TS1005: '}' expected.
src/components/AppHeader.tsx(6,22): error TS1382: Unexpected token. Did you mean `{'>'}` or `&gt;`?
src/components/AppHeader.tsx(7,1): error TS1381: Unexpected token. Did you mean `{'}'}` or `&rbrace;`?
src/components/AppHeader.tsx(10,3): error TS1109: Expression expected.
src/components/AppHeader.tsx(99,1): error TS1381: Unexpected token. Did you mean `{'}'}` or `&rbrace;`?
src/components/AppHeader.tsx(99,2): error TS1005: '</' expected.
src/components/AutoConfirmPanel.tsx(1,46): error TS17008: JSX element 'span' has no corresponding closing tag.
src/components/AutoConfirmPanel.tsx(1,99): error TS17008: JSX element 'span' has no corresponding closing tag.
src/components/AutoConfirmPanel.tsx(15,14): error TS1109: Expression expected.
src/components/AutoConfirmPanel.tsx(15,22): error TS1005: '}' expected.
src/components/AutoConfirmPanel.tsx(17,1): error TS1381: Unexpected token. Did you mean `{'}'}` or `&rbrace;`?
src/components/AutoConfirmPanel.tsx(24,3): error TS1109: Expression expected.
src/components/AutoConfirmPanel.tsx(25,17): error TS1005: '}' expected.
src/components/AutoConfirmPanel.tsx(28,3): error TS1381: Unexpected token. Did you mean `{'}'}` or `&rbrace;`?
src/components/AutoConfirmPanel.tsx(33,48): error TS17008: JSX element 'any' has no corresponding closing tag.
src/components/AutoConfirmPanel.tsx(36,17): error TS1382: Unexpected token. Did you mean `{'>'}` or `&gt;`?
src/components/AutoConfirmPanel.tsx(37,16): error TS1005: '}' expected.
src/components/AutoConfirmPanel.tsx(38,3): error TS1381: Unexpected token. Did you mean `{'}'}` or `&rbrace;`?
src/components/AutoConfirmPanel.tsx(41,28): error TS1005: '}' expected.
src/components/AutoConfirmPanel.tsx(43,7): error TS1109: Expression expected.
src/components/AutoConfirmPanel.tsx(45,5): error TS1381: Unexpected token. Did you mean `{'}'}` or `&rbrace;`?
src/components/AutoConfirmPanel.tsx(46,49): error TS1005: '}' expected.
src/components/AutoConfirmPanel.tsx(47,5): error TS1381: Unexpected token. Did you mean `{'}'}` or `&rbrace;`?
src/components/AutoConfirmPanel.tsx(48,31): error TS1005: '}' expected.
src/components/AutoConfirmPanel.tsx(49,5): error TS1381: Unexpected token. Did you mean `{'}'}` or `&rbrace;`?
src/components/AutoConfirmPanel.tsx(50,3): error TS1381: Unexpected token. Did you mean `{'}'}` or `&rbrace;`?
src/components/AutoConfirmPanel.tsx(54,23): error TS1005: '}' expected.
src/components/AutoConfirmPanel.tsx(58,7): error TS1109: Expression expected.
src/components/AutoConfirmPanel.tsx(64,19): error TS1005: '}' expected.
src/components/AutoConfirmPanel.tsx(64,26): error TS1381: Unexpected token. Did you mean `{'}'}` or `&rbrace;`?
src/components/AutoConfirmPanel.tsx(66,5): error TS1381: Unexpected token. Did you mean `{'}'}` or `&rbrace;`?
src/components/AutoConfirmPanel.tsx(67,49): error TS1005: '}' expected.
src/components/AutoConfirmPanel.tsx(68,5): error TS1381: Unexpected token. Did you mean `{'}'}` or `&rbrace;`?
src/components/AutoConfirmPanel.tsx(69,26): error TS1005: '}' expected.
src/components/AutoConfirmPanel.tsx(70,5): error TS1381: Unexpected token. Did you mean `{'}'}` or `&rbrace;`?
src/components/AutoConfirmPanel.tsx(71,3): error TS1381: Unexpected token. Did you mean `{'}'}` or `&rbrace;`?
src/components/AutoConfirmPanel.tsx(75,5): error TS1109: Expression expected.
src/components/AutoConfirmPanel.tsx(79,7): error TS1109: Expression expected.
src/components/AutoConfirmPanel.tsx(80,5): error TS1381: Unexpected token. Did you mean `{'}'}` or `&rbrace;`?
src/components/AutoConfirmPanel.tsx(86,7): error TS1109: Expression expected.
src/components/AutoConfirmPanel.tsx(92,19): error TS1005: '}' expected.
src/components/AutoConfirmPanel.tsx(92,26): error TS1381: Unexpected token. Did you mean `{'}'}` or `&rbrace;`?
src/components/AutoConfirmPanel.tsx(97,5): error TS1381: Unexpected token. Did you mean `{'}'}` or `&rbrace;`?
src/components/AutoConfirmPanel.tsx(98,57): error TS1005: '}' expected.
src/components/AutoConfirmPanel.tsx(99,5): error TS1381: Unexpected token. Did you mean `{'}'}` or `&rbrace;`?
src/components/AutoConfirmPanel.tsx(100,26): error TS1005: '}' expected.
src/components/AutoConfirmPanel.tsx(101,5): error TS1381: Unexpected token. Did you mean `{'}'}` or `&rbrace;`?
src/components/AutoConfirmPanel.tsx(102,3): error TS1381: Unexpected token. Did you mean `{'}'}` or `&rbrace;`?
src/components/AutoConfirmPanel.tsx(279,1): error TS1381: Unexpected token. Did you mean `{'}'}` or `&rbrace;`?
src/components/AutoConfirmPanel.tsx(279,2): error TS1005: '</' expected.
src/components/AutoConfirmSettings.tsx(1,42): error TS17008: JSX element 'span' has no corresponding closing tag.
src/components/AutoConfirmSettings.tsx(1,95): error TS17008: JSX element 'span' has no corresponding closing tag.
src/components/AutoConfirmSettings.tsx(3,34): error TS1005: '}' expected.
src/components/AutoConfirmSettings.tsx(3,70): error TS1381: Unexpected token. Did you mean `{'}'}` or `&rbrace;`?
src/components/AutoConfirmSettings.tsx(7,9): error TS1005: '}' expected.
src/components/AutoConfirmSettings.tsx(8,16): error TS1382: Unexpected token. Did you mean `{'>'}` or `&gt;`?
src/components/AutoConfirmSettings.tsx(9,1): error TS1381: Unexpected token. Did you mean `{'}'}` or `&rbrace;`?
src/components/AutoConfirmSettings.tsx(12,3): error TS1109: Expression expected.
src/components/AutoConfirmSettings.tsx(12,44): error TS17008: JSX element 'SettingsType' has no corresponding closing tag.
src/components/AutoConfirmSettings.tsx(14,26): error TS1382: Unexpected token. Did you mean `{'>'}` or `&gt;`?
src/components/AutoConfirmSettings.tsx(15,36): error TS1005: '}' expected.
src/components/AutoConfirmSettings.tsx(18,3): error TS1381: Unexpected token. Did you mean `{'}'}` or `&rbrace;`?
src/components/AutoConfirmSettings.tsx(20,27): error TS1382: Unexpected token. Did you mean `{'>'}` or `&gt;`?
src/components/AutoConfirmSettings.tsx(21,27): error TS1005: '}' expected.
src/components/AutoConfirmSettings.tsx(24,3): error TS1381: Unexpected token. Did you mean `{'}'}` or `&rbrace;`?
src/components/AutoConfirmSettings.tsx(222,1): error TS1381: Unexpected token. Did you mean `{'}'}` or `&rbrace;`?
src/components/AutoConfirmSettings.tsx(222,2): error TS1005: '</' expected.
src/components/BatchProgressModal.tsx(1,28): error TS17008: JSX element 'span' has no corresponding closing tag.
src/components/BatchProgressModal.tsx(1,81): error TS17008: JSX element 'span' has no corresponding closing tag.
src/components/BatchProgressModal.tsx(6,11): error TS1005: '}' expected.
src/components/BatchProgressModal.tsx(7,16): error TS1382: Unexpected token. Did you mean `{'>'}` or `&gt;`?
src/components/BatchProgressModal.tsx(8,17): error TS1382: Unexpected token. Did you mean `{'>'}` or `&gt;`?
src/components/BatchProgressModal.tsx(9,17): error TS1382: Unexpected token. Did you mean `{'>'}` or `&gt;`?
src/components/BatchProgressModal.tsx(10,16): error TS1382: Unexpected token. Did you mean `{'>'}` or `&gt;`?
src/components/BatchProgressModal.tsx(13,1): error TS1381: Unexpected token. Did you mean `{'}'}` or `&rbrace;`?
src/components/BatchProgressModal.tsx(24,3): error TS1109: Expression expected.
src/components/BatchProgressModal.tsx(24,37): error TS1382: Unexpected token. Did you mean `{'>'}` or `&gt;`?
src/components/BatchProgressModal.tsx(28,41): error TS1382: Unexpected token. Did you mean `{'>'}` or `&gt;`?
src/components/BatchProgressModal.tsx(29,5): error TS1109: Expression expected.
src/components/BatchProgressModal.tsx(29,19): error TS1003: Identifier expected.
src/components/BatchProgressModal.tsx(33,3): error TS1381: Unexpected token. Did you mean `{'}'}` or `&rbrace;`?
src/components/BatchProgressModal.tsx(35,51): error TS1382: Unexpected token. Did you mean `{'>'}` or `&gt;`?
src/components/BatchProgressModal.tsx(36,5): error TS1109: Expression expected.
src/components/BatchProgressModal.tsx(36,28): error TS1003: Identifier expected.
src/components/BatchProgressModal.tsx(37,7): error TS1109: Expression expected.
src/components/BatchProgressModal.tsx(38,5): error TS1381: Unexpected token. Did you mean `{'}'}` or `&rbrace;`?
src/components/BatchProgressModal.tsx(40,3): error TS1381: Unexpected token. Did you mean `{'}'}` or `&rbrace;`?
src/components/BatchProgressModal.tsx(42,30): error TS1382: Unexpected token. Did you mean `{'>'}` or `&gt;`?
src/components/BatchProgressModal.tsx(43,5): error TS1109: Expression expected.
src/components/BatchProgressModal.tsx(44,7): error TS1109: Expression expected.
src/components/BatchProgressModal.tsx(49,5): error TS1381: Unexpected token. Did you mean `{'}'}` or `&rbrace;`?
src/components/BatchProgressModal.tsx(50,3): error TS1381: Unexpected token. Did you mean `{'}'}` or `&rbrace;`?
src/components/BatchProgressModal.tsx(52,29): error TS1382: Unexpected token. Did you mean `{'>'}` or `&gt;`?
src/components/BatchProgressModal.tsx(53,5): error TS1109: Expression expected.
src/components/BatchProgressModal.tsx(54,7): error TS1109: Expression expected.
src/components/BatchProgressModal.tsx(59,5): error TS1381: Unexpected token. Did you mean `{'}'}` or `&rbrace;`?
src/components/BatchProgressModal.tsx(60,3): error TS1381: Unexpected token. Did you mean `{'}'}` or `&rbrace;`?
src/components/BatchProgressModal.tsx(287,1): error TS1381: Unexpected token. Did you mean `{'}'}` or `&rbrace;`?
src/components/BatchProgressModal.tsx(287,2): error TS1005: '</' expected.
src/components/CategoriesList.tsx(1,35): error TS17008: JSX element 'span' has no corresponding closing tag.
src/components/CategoriesList.tsx(1,88): error TS17008: JSX element 'span' has no corresponding closing tag.
src/components/CategoriesList.tsx(6,14): error TS1005: '}' expected.
src/components/CategoriesList.tsx(7,1): error TS1381: Unexpected token. Did you mean `{'}'}` or `&rbrace;`?
src/components/CategoriesList.tsx(10,13): error TS1005: '}' expected.
src/components/CategoriesList.tsx(12,43): error TS1382: Unexpected token. Did you mean `{'>'}` or `&gt;`?
src/components/CategoriesList.tsx(13,22): error TS1382: Unexpected token. Did you mean `{'>'}` or `&gt;`?
src/components/CategoriesList.tsx(14,49): error TS1382: Unexpected token. Did you mean `{'>'}` or `&gt;`?
src/components/CategoriesList.tsx(15,35): error TS1382: Unexpected token. Did you mean `{'>'}` or `&gt;`?
src/components/CategoriesList.tsx(16,1): error TS1381: Unexpected token. Did you mean `{'}'}` or `&rbrace;`?
src/components/CategoriesList.tsx(26,3): error TS1109: Expression expected.
src/components/CategoriesList.tsx(27,53): error TS1003: Identifier expected.
src/components/CategoriesList.tsx(27,59): error TS1382: Unexpected token. Did you mean `{'>'}` or `&gt;`?
src/components/CategoriesList.tsx(30,60): error TS17008: JSX element 'Set' has no corresponding closing tag.
src/components/CategoriesList.tsx(34,60): error TS1003: Identifier expected.
src/components/CategoriesList.tsx(34,62): error TS1005: '...' expected.
src/components/CategoriesList.tsx(34,64): error TS1005: '}' expected.
src/components/CategoriesList.tsx(34,87): error TS1381: Unexpected token. Did you mean `{'}'}` or `&rbrace;`?
src/components/CategoriesList.tsx(34,95): error TS1382: Unexpected token. Did you mean `{'>'}` or `&gt;`?
src/components/CategoriesList.tsx(37,5): error TS1109: Expression expected.
src/components/CategoriesList.tsx(38,44): error TS1005: '}' expected.
src/components/CategoriesList.tsx(41,5): error TS1381: Unexpected token. Did you mean `{'}'}` or `&rbrace;`?
src/components/CategoriesList.tsx(42,3): error TS1381: Unexpected token. Did you mean `{'}'}` or `&rbrace;`?
src/components/CategoriesList.tsx(44,58): error TS1382: Unexpected token. Did you mean `{'>'}` or `&gt;`?
src/components/CategoriesList.tsx(49,30): error TS1005: '}' expected.
src/components/CategoriesList.tsx(51,3): error TS1381: Unexpected token. Did you mean `{'}'}` or `&rbrace;`?
src/components/CategoriesList.tsx(54,5): error TS1109: Expression expected.
src/components/CategoriesList.tsx(58,58): error TS1005: '}' expected.
src/components/CategoriesList.tsx(63,33): error TS1382: Unexpected token. Did you mean `{'>'}` or `&gt;`?
src/components/CategoriesList.tsx(64,22): error TS1382: Unexpected token. Did you mean `{'>'}` or `&gt;`?
src/components/CategoriesList.tsx(69,11): error TS1005: '}' expected.
src/components/CategoriesList.tsx(70,7): error TS1381: Unexpected token. Did you mean `{'}'}` or `&rbrace;`?
src/components/CategoriesList.tsx(71,5): error TS1381: Unexpected token. Did you mean `{'}'}` or `&rbrace;`?
src/components/CategoriesList.tsx(72,53): error TS1005: '}' expected.
src/components/CategoriesList.tsx(73,5): error TS1381: Unexpected token. Did you mean `{'}'}` or `&rbrace;`?
src/components/CategoriesList.tsx(74,23): error TS1005: '}' expected.
src/components/CategoriesList.tsx(75,5): error TS1381: Unexpected token. Did you mean `{'}'}` or `&rbrace;`?
src/components/CategoriesList.tsx(76,3): error TS1381: Unexpected token. Did you mean `{'}'}` or `&rbrace;`?
src/components/CategoriesList.tsx(79,23): error TS1005: '}' expected.
src/components/CategoriesList.tsx(81,3): error TS1381: Unexpected token. Did you mean `{'}'}` or `&rbrace;`?
src/components/CategoriesList.tsx(84,5): error TS1109: Expression expected.
src/components/CategoriesList.tsx(87,11): error TS1005: '}' expected.
src/components/CategoriesList.tsx(93,5): error TS1381: Unexpected token. Did you mean `{'}'}` or `&rbrace;`?
src/components/CategoriesList.tsx(94,3): error TS1381: Unexpected token. Did you mean `{'}'}` or `&rbrace;`?
src/components/CategoriesList.tsx(432,1): error TS1381: Unexpected token. Did you mean `{'}'}` or `&rbrace;`?
src/components/CategoriesList.tsx(432,2): error TS1005: '</' expected.
src/components/CategoryDetails.tsx(1,46): error TS17008: JSX element 'span' has no corresponding closing tag.
src/components/CategoryDetails.tsx(1,99): error TS17008: JSX element 'span' has no corresponding closing tag.
src/components/CategoryDetails.tsx(8,19): error TS1005: '}' expected.
src/components/CategoryDetails.tsx(9,24): error TS1382: Unexpected token. Did you mean `{'>'}` or `&gt;`?
src/components/CategoryDetails.tsx(10,42): error TS1382: Unexpected token. Did you mean `{'>'}` or `&gt;`?
src/components/CategoryDetails.tsx(11,1): error TS1381: Unexpected token. Did you mean `{'}'}` or `&rbrace;`?
src/components/CategoryDetails.tsx(14,5): error TS1005: '}' expected.
src/components/CategoryDetails.tsx(18,1): error TS1381: Unexpected token. Did you mean `{'}'}` or `&rbrace;`?
src/components/CategoryDetails.tsx(25,3): error TS1109: Expression expected.
src/components/CategoryDetails.tsx(27,64): error TS1003: Identifier expected.
src/components/CategoryDetails.tsx(27,66): error TS1382: Unexpected token. Did you mean `{'>'}` or `&gt;`?
src/components/CategoryDetails.tsx(31,17): error TS1382: Unexpected token. Did you mean `{'>'}` or `&gt;`?
src/components/CategoryDetails.tsx(32,5): error TS1109: Expression expected.
src/components/CategoryDetails.tsx(32,34): error TS1382: Unexpected token. Did you mean `{'>'}` or `&gt;`?
src/components/CategoryDetails.tsx(33,37): error TS1005: '}' expected.
src/components/CategoryDetails.tsx(34,5): error TS1381: Unexpected token. Did you mean `{'}'}` or `&rbrace;`?
src/components/CategoryDetails.tsx(36,16): error TS1382: Unexpected token. Did you mean `{'>'}` or `&gt;`?
src/components/CategoryDetails.tsx(37,3): error TS1381: Unexpected token. Did you mean `{'}'}` or `&rbrace;`?
src/components/CategoryDetails.tsx(40,17): error TS1382: Unexpected token. Did you mean `{'>'}` or `&gt;`?
src/components/CategoryDetails.tsx(41,5): error TS1109: Expression expected.
src/components/CategoryDetails.tsx(42,23): error TS1005: '}' expected.
src/components/CategoryDetails.tsx(44,5): error TS1381: Unexpected token. Did you mean `{'}'}` or `&rbrace;`?
src/components/CategoryDetails.tsx(46,33): error TS1382: Unexpected token. Did you mean `{'>'}` or `&gt;`?
src/components/CategoryDetails.tsx(47,23): error TS1005: '}' expected.
src/components/CategoryDetails.tsx(50,9): error TS1109: Expression expected.
src/components/CategoryDetails.tsx(50,21): error TS1005: '}' expected.
src/components/CategoryDetails.tsx(50,33): error TS1381: Unexpected token. Did you mean `{'}'}` or `&rbrace;`?
src/components/CategoryDetails.tsx(63,83): error TS1382: Unexpected token. Did you mean `{'>'}` or `&gt;`?
src/components/CategoryDetails.tsx(64,13): error TS1005: '}' expected.
src/components/CategoryDetails.tsx(68,9): error TS1381: Unexpected token. Did you mean `{'}'}` or `&rbrace;`?
src/components/CategoryDetails.tsx(71,7): error TS1381: Unexpected token. Did you mean `{'}'}` or `&rbrace;`?
src/components/CategoryDetails.tsx(72,66): error TS1005: '}' expected.
src/components/CategoryDetails.tsx(73,7): error TS1381: Unexpected token. Did you mean `{'}'}` or `&rbrace;`?
src/components/CategoryDetails.tsx(74,26): error TS1005: '}' expected.
src/components/CategoryDetails.tsx(75,7): error TS1381: Unexpected token. Did you mean `{'}'}` or `&rbrace;`?
src/components/CategoryDetails.tsx(76,5): error TS1381: Unexpected token. Did you mean `{'}'}` or `&rbrace;`?
src/components/CategoryDetails.tsx(79,3): error TS1381: Unexpected token. Did you mean `{'}'}` or `&rbrace;`?
src/components/CategoryDetails.tsx(81,48): error TS1382: Unexpected token. Did you mean `{'>'}` or `&gt;`?
src/components/CategoryDetails.tsx(87,5): error TS1109: Expression expected.
src/components/CategoryDetails.tsx(90,17): error TS1005: '}' expected.
src/components/CategoryDetails.tsx(90,28): error TS1381: Unexpected token. Did you mean `{'}'}` or `&rbrace;`?
src/components/CategoryDetails.tsx(95,17): error TS1005: '}' expected.
src/components/CategoryDetails.tsx(95,33): error TS1381: Unexpected token. Did you mean `{'}'}` or `&rbrace;`?
src/components/CategoryDetails.tsx(100,47): error TS1382: Unexpected token. Did you mean `{'>'}` or `&gt;`?
src/components/CategoryDetails.tsx(101,59): error TS1382: Unexpected token. Did you mean `{'>'}` or `&gt;`?
src/components/CategoryDetails.tsx(103,49): error TS1382: Unexpected token. Did you mean `{'>'}` or `&gt;`?
src/components/CategoryDetails.tsx(104,14): error TS1005: '}' expected.
src/components/CategoryDetails.tsx(106,5): error TS1381: Unexpected token. Did you mean `{'}'}` or `&rbrace;`?
src/components/CategoryDetails.tsx(115,65): error TS1005: '}' expected.
src/components/CategoryDetails.tsx(117,5): error TS1381: Unexpected token. Did you mean `{'}'}` or `&rbrace;`?
src/components/CategoryDetails.tsx(120,33): error TS1382: Unexpected token. Did you mean `{'>'}` or `&gt;`?
src/components/CategoryDetails.tsx(121,7): error TS1109: Expression expected.
src/components/CategoryDetails.tsx(121,19): error TS1005: '}' expected.
src/components/CategoryDetails.tsx(121,31): error TS1381: Unexpected token. Did you mean `{'}'}` or `&rbrace;`?
src/components/CategoryDetails.tsx(133,81): error TS1382: Unexpected token. Did you mean `{'>'}` or `&gt;`?
src/components/CategoryDetails.tsx(134,11): error TS1005: '}' expected.
src/components/CategoryDetails.tsx(138,7): error TS1381: Unexpected token. Did you mean `{'}'}` or `&rbrace;`?
src/components/CategoryDetails.tsx(141,5): error TS1381: Unexpected token. Did you mean `{'}'}` or `&rbrace;`?
src/components/CategoryDetails.tsx(144,3): error TS1381: Unexpected token. Did you mean `{'}'}` or `&rbrace;`?
src/components/CategoryDetails.tsx(147,5): error TS1109: Expression expected.
src/components/CategoryDetails.tsx(155,61): error TS1005: '}' expected.
src/components/CategoryDetails.tsx(157,5): error TS1381: Unexpected token. Did you mean `{'}'}` or `&rbrace;`?
src/components/CategoryDetails.tsx(162,3): error TS1381: Unexpected token. Did you mean `{'}'}` or `&rbrace;`?
src/components/CategoryDetails.tsx(165,5): error TS1109: Expression expected.
src/components/CategoryDetails.tsx(173,17): error TS1382: Unexpected token. Did you mean `{'>'}` or `&gt;`?
src/components/CategoryDetails.tsx(174,9): error TS1109: Expression expected.
src/components/CategoryDetails.tsx(181,7): error TS1381: Unexpected token. Did you mean `{'}'}` or `&rbrace;`?
src/components/CategoryDetails.tsx(183,23): error TS1005: '}' expected.
src/components/CategoryDetails.tsx(185,24): error TS1382: Unexpected token. Did you mean `{'>'}` or `&gt;`?
src/components/CategoryDetails.tsx(186,29): error TS1005: '}' expected.
src/components/CategoryDetails.tsx(187,9): error TS1381: Unexpected token. Did you mean `{'}'}` or `&rbrace;`?
src/components/CategoryDetails.tsx(188,7): error TS1381: Unexpected token. Did you mean `{'}'}` or `&rbrace;`?
src/components/CategoryDetails.tsx(190,3): error TS1381: Unexpected token. Did you mean `{'}'}` or `&rbrace;`?
src/components/CategoryDetails.tsx(193,5): error TS1109: Expression expected.
src/components/CategoryDetails.tsx(206,3): error TS1381: Unexpected token. Did you mean `{'}'}` or `&rbrace;`?
src/components/CategoryDetails.tsx(316,1): error TS1381: Unexpected token. Did you mean `{'}'}` or `&rbrace;`?
src/components/CategoryDetails.tsx(316,2): error TS1005: '</' expected.
src/components/CodeListTable.tsx(1,35): error TS17008: JSX element 'span' has no corresponding closing tag.
src/components/CodeListTable.tsx(1,88): error TS17008: JSX element 'span' has no corresponding closing tag.
src/components/CodeListTable.tsx(5,8): error TS1005: '}' expected.
src/components/CodeListTable.tsx(7,33): error TS1003: Identifier expected.
src/components/CodeListTable.tsx(7,41): error TS1382: Unexpected token. Did you mean `{'>'}` or `&gt;`?
src/components/CodeListTable.tsx(8,45): error TS1382: Unexpected token. Did you mean `{'>'}` or `&gt;`?
src/components/CodeListTable.tsx(9,60): error TS1382: Unexpected token. Did you mean `{'>'}` or `&gt;`?
src/components/CodeListTable.tsx(10,60): error TS1382: Unexpected token. Did you mean `{'>'}` or `&gt;`?
src/components/CodeListTable.tsx(11,41): error TS1382: Unexpected token. Did you mean `{'>'}` or `&gt;`?
src/components/CodeListTable.tsx(12,42): error TS1382: Unexpected token. Did you mean `{'>'}` or `&gt;`?
src/components/CodeListTable.tsx(12,52): error TS17008: JSX element 'number' has no corresponding closing tag.
src/components/CodeListTable.tsx(13,1): error TS1381: Unexpected token. Did you mean `{'}'}` or `&rbrace;`?
src/components/CodeListTable.tsx(25,3): error TS1109: Expression expected.
src/components/CodeListTable.tsx(25,57): error TS1003: Identifier expected.
src/components/CodeListTable.tsx(25,63): error TS1382: Unexpected token. Did you mean `{'>'}` or `&gt;`?
src/components/CodeListTable.tsx(26,69): error TS1003: Identifier expected.
src/components/CodeListTable.tsx(26,75): error TS1382: Unexpected token. Did you mean `{'>'}` or `&gt;`?
src/components/CodeListTable.tsx(28,62): error TS1003: Identifier expected.
src/components/CodeListTable.tsx(28,64): error TS1382: Unexpected token. Did you mean `{'>'}` or `&gt;`?
src/components/CodeListTable.tsx(29,44): error TS17008: JSX element 'Map' has no corresponding closing tag.
src/components/CodeListTable.tsx(30,48): error TS17008: JSX element 'Set' has no corresponding closing tag.
src/components/CodeListTable.tsx(32,60): error TS17008: JSX element 'Set' has no corresponding closing tag.
src/components/CodeListTable.tsx(33,71): error TS1003: Identifier expected.
src/components/CodeListTable.tsx(33,77): error TS1382: Unexpected token. Did you mean `{'>'}` or `&gt;`?
src/components/CodeListTable.tsx(34,46): error TS1003: Identifier expected.
src/components/CodeListTable.tsx(34,60): error TS1382: Unexpected token. Did you mean `{'>'}` or `&gt;`?
src/components/CodeListTable.tsx(37,57): error TS1382: Unexpected token. Did you mean `{'>'}` or `&gt;`?
src/components/CodeListTable.tsx(38,5): error TS1109: Expression expected.
src/components/CodeListTable.tsx(39,57): error TS1005: '}' expected.
src/components/CodeListTable.tsx(40,5): error TS1381: Unexpected token. Did you mean `{'}'}` or `&rbrace;`?
src/components/CodeListTable.tsx(41,26): error TS1005: '}' expected.
src/components/CodeListTable.tsx(43,5): error TS1381: Unexpected token. Did you mean `{'}'}` or `&rbrace;`?
src/components/CodeListTable.tsx(44,3): error TS1381: Unexpected token. Did you mean `{'}'}` or `&rbrace;`?
src/components/CodeListTable.tsx(47,47): error TS1382: Unexpected token. Did you mean `{'>'}` or `&gt;`?
src/components/CodeListTable.tsx(48,5): error TS1109: Expression expected.
src/components/CodeListTable.tsx(58,7): error TS1109: Expression expected.
src/components/CodeListTable.tsx(61,5): error TS1381: Unexpected token. Did you mean `{'}'}` or `&rbrace;`?
src/components/CodeListTable.tsx(64,7): error TS1109: Expression expected.
src/components/CodeListTable.tsx(67,5): error TS1381: Unexpected token. Did you mean `{'}'}` or `&rbrace;`?
src/components/CodeListTable.tsx(70,3): error TS1381: Unexpected token. Did you mean `{'}'}` or `&rbrace;`?
src/components/CodeListTable.tsx(73,28): error TS1005: '}' expected.
src/components/CodeListTable.tsx(75,3): error TS1381: Unexpected token. Did you mean `{'}'}` or `&rbrace;`?
src/components/CodeListTable.tsx(78,5): error TS1109: Expression expected.
src/components/CodeListTable.tsx(80,32): error TS1382: Unexpected token. Did you mean `{'>'}` or `&gt;`?
src/components/CodeListTable.tsx(81,7): error TS1109: Expression expected.
src/components/CodeListTable.tsx(82,5): error TS1381: Unexpected token. Did you mean `{'}'}` or `&rbrace;`?
src/components/CodeListTable.tsx(86,50): error TS1005: '}' expected.
src/components/CodeListTable.tsx(91,33): error TS1382: Unexpected token. Did you mean `{'>'}` or `&gt;`?
src/components/CodeListTable.tsx(92,22): error TS1382: Unexpected token. Did you mean `{'>'}` or `&gt;`?
src/components/CodeListTable.tsx(97,11): error TS1005: '}' expected.
src/components/CodeListTable.tsx(98,7): error TS1381: Unexpected token. Did you mean `{'}'}` or `&rbrace;`?
src/components/CodeListTable.tsx(99,5): error TS1381: Unexpected token. Did you mean `{'}'}` or `&rbrace;`?
src/components/CodeListTable.tsx(100,54): error TS1005: '}' expected.
src/components/CodeListTable.tsx(101,5): error TS1381: Unexpected token. Did you mean `{'}'}` or `&rbrace;`?
src/components/CodeListTable.tsx(102,27): error TS1005: '}' expected.
src/components/CodeListTable.tsx(103,5): error TS1381: Unexpected token. Did you mean `{'}'}` or `&rbrace;`?
src/components/CodeListTable.tsx(104,3): error TS1381: Unexpected token. Did you mean `{'}'}` or `&rbrace;`?
src/components/CodeListTable.tsx(107,25): error TS1005: '}' expected.
src/components/CodeListTable.tsx(109,3): error TS1381: Unexpected token. Did you mean `{'}'}` or `&rbrace;`?
src/components/CodeListTable.tsx(112,34): error TS1005: '}' expected.
src/components/CodeListTable.tsx(114,3): error TS1381: Unexpected token. Did you mean `{'}'}` or `&rbrace;`?
src/components/CodeListTable.tsx(117,47): error TS1005: '}' expected.
src/components/CodeListTable.tsx(120,3): error TS1381: Unexpected token. Did you mean `{'}'}` or `&rbrace;`?
src/components/CodeListTable.tsx(123,31): error TS1005: '}' expected.
src/components/CodeListTable.tsx(125,3): error TS1381: Unexpected token. Did you mean `{'}'}` or `&rbrace;`?
src/components/CodeListTable.tsx(132,6): error TS1005: '}' expected.
src/components/CodeListTable.tsx(133,3): error TS1381: Unexpected token. Did you mean `{'}'}` or `&rbrace;`?
src/components/CodeListTable.tsx(136,53): error TS1005: '}' expected.
src/components/CodeListTable.tsx(138,7): error TS1109: Expression expected.
src/components/CodeListTable.tsx(139,25): error TS1382: Unexpected token. Did you mean `{'>'}` or `&gt;`?
src/components/CodeListTable.tsx(140,5): error TS1381: Unexpected token. Did you mean `{'}'}` or `&rbrace;`?
src/components/CodeListTable.tsx(145,9): error TS1005: '}' expected.
src/components/CodeListTable.tsx(146,5): error TS1381: Unexpected token. Did you mean `{'}'}` or `&rbrace;`?
src/components/CodeListTable.tsx(147,3): error TS1381: Unexpected token. Did you mean `{'}'}` or `&rbrace;`?
src/components/CodeListTable.tsx(150,5): error TS1109: Expression expected.
src/components/CodeListTable.tsx(153,11): error TS1005: '}' expected.
src/components/CodeListTable.tsx(159,5): error TS1381: Unexpected token. Did you mean `{'}'}` or `&rbrace;`?
src/components/CodeListTable.tsx(160,3): error TS1381: Unexpected token. Did you mean `{'}'}` or `&rbrace;`?
src/components/CodeListTable.tsx(579,1): error TS1381: Unexpected token. Did you mean `{'}'}` or `&rbrace;`?
src/components/CodeListTable.tsx(579,2): error TS1005: '</' expected.
src/components/CodeSuggestions.tsx(1,28): error TS17008: JSX element 'span' has no corresponding closing tag.
src/components/CodeSuggestions.tsx(1,81): error TS17008: JSX element 'span' has no corresponding closing tag.
src/components/CodeSuggestions.tsx(6,14): error TS1005: '}' expected.
src/components/CodeSuggestions.tsx(7,48): error TS1382: Unexpected token. Did you mean `{'>'}` or `&gt;`?
src/components/CodeSuggestions.tsx(9,1): error TS1381: Unexpected token. Did you mean `{'}'}` or `&rbrace;`?
src/components/CodeSuggestions.tsx(12,3): error TS1109: Expression expected.
src/components/CodeSuggestions.tsx(13,5): error TS1109: Expression expected.
src/components/CodeSuggestions.tsx(21,3): error TS1381: Unexpected token. Did you mean `{'}'}` or `&rbrace;`?
src/components/CodeSuggestions.tsx(24,5): error TS1109: Expression expected.
src/components/CodeSuggestions.tsx(32,3): error TS1381: Unexpected token. Did you mean `{'}'}` or `&rbrace;`?
src/components/CodeSuggestions.tsx(105,1): error TS1381: Unexpected token. Did you mean `{'}'}` or `&rbrace;`?
src/components/CodeSuggestions.tsx(105,2): error TS1005: '</' expected.
src/components/CodingGrid.tsx(1,76): error TS17008: JSX element 'span' has no corresponding closing tag.
src/components/CodingGrid.tsx(1,129): error TS17008: JSX element 'span' has no corresponding closing tag.
src/components/CodingGrid.tsx(20,33): error TS1005: '}' expected.
src/components/CodingGrid.tsx(20,47): error TS1381: Unexpected token. Did you mean `{'}'}` or `&rbrace;`?
src/components/CodingGrid.tsx(23,29): error TS1005: '}' expected.
src/components/CodingGrid.tsx(23,60): error TS1381: Unexpected token. Did you mean `{'}'}` or `&rbrace;`?
src/components/CodingGrid.tsx(29,32): error TS1005: '}' expected.
src/components/CodingGrid.tsx(29,67): error TS1381: Unexpected token. Did you mean `{'}'}` or `&rbrace;`?
src/components/CodingGrid.tsx(47,3): error TS1109: Expression expected.
src/components/CodingGrid.tsx(47,48): error TS1382: Unexpected token. Did you mean `{'>'}` or `&gt;`?
src/components/CodingGrid.tsx(53,28): error TS1382: Unexpected token. Did you mean `{'>'}` or `&gt;`?
src/components/CodingGrid.tsx(54,1): error TS1381: Unexpected token. Did you mean `{'}'}` or `&rbrace;`?
src/components/CodingGrid.tsx(63,3): error TS1109: Expression expected.
src/components/CodingGrid.tsx(63,36): error TS1382: Unexpected token. Did you mean `{'>'}` or `&gt;`?
src/components/CodingGrid.tsx(67,1): error TS1381: Unexpected token. Did you mean `{'}'}` or `&rbrace;`?
src/components/CodingGrid.tsx(70,10): error TS1005: '}' expected.
src/components/CodingGrid.tsx(73,53): error TS1382: Unexpected token. Did you mean `{'>'}` or `&gt;`?
src/components/CodingGrid.tsx(74,37): error TS1382: Unexpected token. Did you mean `{'>'}` or `&gt;`?
src/components/CodingGrid.tsx(75,1): error TS1381: Unexpected token. Did you mean `{'}'}` or `&rbrace;`?
src/components/CodingGrid.tsx(78,3): error TS1109: Expression expected.
src/components/CodingGrid.tsx(86,17): error TS1005: '}' expected.
src/components/CodingGrid.tsx(86,63): error TS1381: Unexpected token. Did you mean `{'}'}` or `&rbrace;`?
src/components/CodingGrid.tsx(87,22): error TS1005: '}' expected.
src/components/CodingGrid.tsx(87,45): error TS1381: Unexpected token. Did you mean `{'}'}` or `&rbrace;`?
src/components/CodingGrid.tsx(88,17): error TS1005: '}' expected.
src/components/CodingGrid.tsx(88,70): error TS1381: Unexpected token. Did you mean `{'}'}` or `&rbrace;`?
src/components/CodingGrid.tsx(91,83): error TS1005: '}' expected.
src/components/CodingGrid.tsx(91,89): error TS1381: Unexpected token. Did you mean `{'}'}` or `&rbrace;`?
src/components/CodingGrid.tsx(101,13): error TS1005: '}' expected.
src/components/CodingGrid.tsx(102,3): error TS1381: Unexpected token. Did you mean `{'}'}` or `&rbrace;`?
src/components/CodingGrid.tsx(106,41): error TS1382: Unexpected token. Did you mean `{'>'}` or `&gt;`?
src/components/CodingGrid.tsx(107,16): error TS1005: '}' expected.
src/components/CodingGrid.tsx(109,29): error TS1382: Unexpected token. Did you mean `{'>'}` or `&gt;`?
src/components/CodingGrid.tsx(110,33): error TS1005: '}' expected.
src/components/CodingGrid.tsx(111,5): error TS1381: Unexpected token. Did you mean `{'}'}` or `&rbrace;`?
src/components/CodingGrid.tsx(112,29): error TS1382: Unexpected token. Did you mean `{'>'}` or `&gt;`?
src/components/CodingGrid.tsx(113,110): error TS1005: '}' expected.
src/components/CodingGrid.tsx(115,5): error TS1381: Unexpected token. Did you mean `{'}'}` or `&rbrace;`?
src/components/CodingGrid.tsx(116,23): error TS1382: Unexpected token. Did you mean `{'>'}` or `&gt;`?
src/components/CodingGrid.tsx(117,62): error TS1005: '}' expected.
src/components/CodingGrid.tsx(119,5): error TS1381: Unexpected token. Did you mean `{'}'}` or `&rbrace;`?
src/components/CodingGrid.tsx(120,3): error TS1381: Unexpected token. Did you mean `{'}'}` or `&rbrace;`?
src/components/CodingGrid.tsx(121,68): error TS1003: Identifier expected.
src/components/CodingGrid.tsx(121,74): error TS1382: Unexpected token. Did you mean `{'>'}` or `&gt;`?
src/components/CodingGrid.tsx(128,44): error TS1382: Unexpected token. Did you mean `{'>'}` or `&gt;`?
src/components/CodingGrid.tsx(131,42): error TS1382: Unexpected token. Did you mean `{'>'}` or `&gt;`?
src/components/CodingGrid.tsx(132,62): error TS1003: Identifier expected.
src/components/CodingGrid.tsx(132,64): error TS1382: Unexpected token. Did you mean `{'>'}` or `&gt;`?
src/components/CodingGrid.tsx(133,64): error TS1003: Identifier expected.
src/components/CodingGrid.tsx(133,70): error TS1382: Unexpected token. Did you mean `{'>'}` or `&gt;`?
src/components/CodingGrid.tsx(136,50): error TS17008: JSX element 'FilterGroup' has no corresponding closing tag.
src/components/CodingGrid.tsx(137,10): error TS1005: '}' expected.
src/components/CodingGrid.tsx(139,3): error TS1381: Unexpected token. Did you mean `{'}'}` or `&rbrace;`?
src/components/CodingGrid.tsx(140,66): error TS1003: Identifier expected.
src/components/CodingGrid.tsx(140,68): error TS1382: Unexpected token. Did you mean `{'>'}` or `&gt;`?
src/components/CodingGrid.tsx(142,39): error TS1382: Unexpected token. Did you mean `{'>'}` or `&gt;`?
src/components/CodingGrid.tsx(145,63): error TS1003: Identifier expected.
src/components/CodingGrid.tsx(145,69): error TS1382: Unexpected token. Did you mean `{'>'}` or `&gt;`?
src/components/CodingGrid.tsx(147,63): error TS1003: Identifier expected.
src/components/CodingGrid.tsx(147,69): error TS1382: Unexpected token. Did you mean `{'>'}` or `&gt;`?
src/components/CodingGrid.tsx(148,66): error TS1003: Identifier expected.
src/components/CodingGrid.tsx(148,68): error TS1382: Unexpected token. Did you mean `{'>'}` or `&gt;`?
src/components/CodingGrid.tsx(149,48): error TS1003: Identifier expected.
src/components/CodingGrid.tsx(149,74): error TS1382: Unexpected token. Did you mean `{'>'}` or `&gt;`?
src/components/CodingGrid.tsx(150,58): error TS1003: Identifier expected.
src/components/CodingGrid.tsx(150,60): error TS1382: Unexpected token. Did you mean `{'>'}` or `&gt;`?
src/components/CodingGrid.tsx(152,56): error TS1003: Identifier expected.
src/components/CodingGrid.tsx(152,58): error TS1382: Unexpected token. Did you mean `{'>'}` or `&gt;`?
src/components/CodingGrid.tsx(153,56): error TS17008: JSX element 'string' has no corresponding closing tag.
src/components/CodingGrid.tsx(156,54): error TS17008: JSX element 'Record' has no corresponding closing tag.
src/components/CodingGrid.tsx(157,62): error TS17008: JSX element 'Record' has no corresponding closing tag.
src/components/CodingGrid.tsx(160,52): error TS17008: JSX element 'string' has no corresponding closing tag.
src/components/CodingGrid.tsx(163,59): error TS1003: Identifier expected.
src/components/CodingGrid.tsx(163,65): error TS1382: Unexpected token. Did you mean `{'>'}` or `&gt;`?
src/components/CodingGrid.tsx(166,10): error TS1005: '}' expected.
src/components/CodingGrid.tsx(171,3): error TS1381: Unexpected token. Did you mean `{'}'}` or `&rbrace;`?
src/components/CodingGrid.tsx(174,50): error TS17008: JSX element 'Array' has no corresponding closing tag.
src/components/CodingGrid.tsx(179,59): error TS1003: Identifier expected.
src/components/CodingGrid.tsx(179,65): error TS1382: Unexpected token. Did you mean `{'>'}` or `&gt;`?
src/components/CodingGrid.tsx(180,46): error TS1003: Identifier expected.
src/components/CodingGrid.tsx(180,60): error TS1382: Unexpected token. Did you mean `{'>'}` or `&gt;`?
src/components/CodingGrid.tsx(190,15): error TS1005: '}' expected.
src/components/CodingGrid.tsx(193,3): error TS1381: Unexpected token. Did you mean `{'}'}` or `&rbrace;`?
src/components/CodingGrid.tsx(194,18): error TS1005: '}' expected.
src/components/CodingGrid.tsx(195,13): error TS1005: '}' expected.
src/components/CodingGrid.tsx(202,5): error TS1381: Unexpected token. Did you mean `{'}'}` or `&rbrace;`?
src/components/CodingGrid.tsx(205,3): error TS1381: Unexpected token. Did you mean `{'}'}` or `&rbrace;`?
src/components/CodingGrid.tsx(208,69): error TS1382: Unexpected token. Did you mean `{'>'}` or `&gt;`?
src/components/CodingGrid.tsx(209,33): error TS1005: '}' expected.
src/components/CodingGrid.tsx(215,7): error TS1109: Expression expected.
src/components/CodingGrid.tsx(215,48): error TS1382: Unexpected token. Did you mean `{'>'}` or `&gt;`?
src/components/CodingGrid.tsx(217,49): error TS1005: '}' expected.
src/components/CodingGrid.tsx(218,7): error TS1381: Unexpected token. Did you mean `{'}'}` or `&rbrace;`?
src/components/CodingGrid.tsx(220,46): error TS1005: '}' expected.
src/components/CodingGrid.tsx(221,7): error TS1381: Unexpected token. Did you mean `{'}'}` or `&rbrace;`?
src/components/CodingGrid.tsx(223,42): error TS1005: '}' expected.
src/components/CodingGrid.tsx(224,7): error TS1381: Unexpected token. Did you mean `{'}'}` or `&rbrace;`?
src/components/CodingGrid.tsx(229,5): error TS1381: Unexpected token. Did you mean `{'}'}` or `&rbrace;`?
src/components/CodingGrid.tsx(230,3): error TS1381: Unexpected token. Did you mean `{'}'}` or `&rbrace;`?
src/components/CodingGrid.tsx(233,71): error TS1382: Unexpected token. Did you mean `{'>'}` or `&gt;`?
src/components/CodingGrid.tsx(234,35): error TS1005: '}' expected.
src/components/CodingGrid.tsx(235,3): error TS1381: Unexpected token. Did you mean `{'}'}` or `&rbrace;`?
src/components/CodingGrid.tsx(238,17): error TS1382: Unexpected token. Did you mean `{'>'}` or `&gt;`?
src/components/CodingGrid.tsx(239,5): error TS1109: Expression expected.
src/components/CodingGrid.tsx(240,7): error TS1109: Expression expected.
src/components/CodingGrid.tsx(240,43): error TS1382: Unexpected token. Did you mean `{'>'}` or `&gt;`?
src/components/CodingGrid.tsx(241,9): error TS1109: Expression expected.
src/components/CodingGrid.tsx(248,37): error TS1005: '}' expected.
src/components/CodingGrid.tsx(251,9): error TS1381: Unexpected token. Did you mean `{'}'}` or `&rbrace;`?
src/components/CodingGrid.tsx(252,7): error TS1381: Unexpected token. Did you mean `{'}'}` or `&rbrace;`?
src/components/CodingGrid.tsx(254,5): error TS1381: Unexpected token. Did you mean `{'}'}` or `&rbrace;`?
src/components/CodingGrid.tsx(255,26): error TS1005: '}' expected.
src/components/CodingGrid.tsx(257,5): error TS1381: Unexpected token. Did you mean `{'}'}` or `&rbrace;`?
src/components/CodingGrid.tsx(258,3): error TS1381: Unexpected token. Did you mean `{'}'}` or `&rbrace;`?
src/components/CodingGrid.tsx(262,17): error TS1382: Unexpected token. Did you mean `{'>'}` or `&gt;`?
src/components/CodingGrid.tsx(263,5): error TS1109: Expression expected.
src/components/CodingGrid.tsx(264,75): error TS1005: '}' expected.
src/components/CodingGrid.tsx(266,5): error TS1381: Unexpected token. Did you mean `{'}'}` or `&rbrace;`?
src/components/CodingGrid.tsx(272,78): error TS1005: '}' expected.
src/components/CodingGrid.tsx(276,5): error TS1381: Unexpected token. Did you mean `{'}'}` or `&rbrace;`?
src/components/CodingGrid.tsx(281,3): error TS1381: Unexpected token. Did you mean `{'}'}` or `&rbrace;`?
src/components/CodingGrid.tsx(284,17): error TS1382: Unexpected token. Did you mean `{'>'}` or `&gt;`?
src/components/CodingGrid.tsx(285,5): error TS1109: Expression expected.
src/components/CodingGrid.tsx(286,7): error TS1109: Expression expected.
src/components/CodingGrid.tsx(286,44): error TS1382: Unexpected token. Did you mean `{'>'}` or `&gt;`?
src/components/CodingGrid.tsx(287,9): error TS1109: Expression expected.
src/components/CodingGrid.tsx(288,90): error TS1005: '}' expected.
src/components/CodingGrid.tsx(291,55): error TS1005: '}' expected.
src/components/CodingGrid.tsx(291,75): error TS1381: Unexpected token. Did you mean `{'}'}` or `&rbrace;`?
src/components/CodingGrid.tsx(294,73): error TS1005: '}' expected.
src/components/CodingGrid.tsx(296,11): error TS1381: Unexpected token. Did you mean `{'}'}` or `&rbrace;`?
src/components/CodingGrid.tsx(298,35): error TS1382: Unexpected token. Did you mean `{'>'}` or `&gt;`?
src/components/CodingGrid.tsx(299,13): error TS1109: Expression expected.
src/components/CodingGrid.tsx(306,20): error TS1005: '}' expected.
src/components/CodingGrid.tsx(311,13): error TS1381: Unexpected token. Did you mean `{'}'}` or `&rbrace;`?
src/components/CodingGrid.tsx(314,11): error TS1381: Unexpected token. Did you mean `{'}'}` or `&rbrace;`?
src/components/CodingGrid.tsx(315,75): error TS1005: '}' expected.
src/components/CodingGrid.tsx(319,20): error TS1005: '}' expected.
src/components/CodingGrid.tsx(324,13): error TS1381: Unexpected token. Did you mean `{'}'}` or `&rbrace;`?
src/components/CodingGrid.tsx(325,11): error TS1381: Unexpected token. Did you mean `{'}'}` or `&rbrace;`?
src/components/CodingGrid.tsx(326,9): error TS1381: Unexpected token. Did you mean `{'}'}` or `&rbrace;`?
src/components/CodingGrid.tsx(327,71): error TS1005: '}' expected.
src/components/CodingGrid.tsx(328,9): error TS1381: Unexpected token. Did you mean `{'}'}` or `&rbrace;`?
src/components/CodingGrid.tsx(329,7): error TS1381: Unexpected token. Did you mean `{'}'}` or `&rbrace;`?
src/components/CodingGrid.tsx(331,5): error TS1381: Unexpected token. Did you mean `{'}'}` or `&rbrace;`?
src/components/CodingGrid.tsx(332,3): error TS1381: Unexpected token. Did you mean `{'}'}` or `&rbrace;`?
src/components/CodingGrid.tsx(335,17): error TS1382: Unexpected token. Did you mean `{'>'}` or `&gt;`?
src/components/CodingGrid.tsx(336,5): error TS1109: Expression expected.
src/components/CodingGrid.tsx(337,25): error TS1005: '}' expected.
src/components/CodingGrid.tsx(341,5): error TS1381: Unexpected token. Did you mean `{'}'}` or `&rbrace;`?
src/components/CodingGrid.tsx(345,88): error TS1005: '}' expected.
src/components/CodingGrid.tsx(347,5): error TS1381: Unexpected token. Did you mean `{'}'}` or `&rbrace;`?
src/components/CodingGrid.tsx(353,7): error TS1109: Expression expected.
src/components/CodingGrid.tsx(354,9): error TS1109: Expression expected.
src/components/CodingGrid.tsx(359,7): error TS1381: Unexpected token. Did you mean `{'}'}` or `&rbrace;`?
src/components/CodingGrid.tsx(360,74): error TS1005: '}' expected.
src/components/CodingGrid.tsx(362,7): error TS1381: Unexpected token. Did you mean `{'}'}` or `&rbrace;`?
src/components/CodingGrid.tsx(363,5): error TS1381: Unexpected token. Did you mean `{'}'}` or `&rbrace;`?
src/components/CodingGrid.tsx(366,33): error TS1382: Unexpected token. Did you mean `{'>'}` or `&gt;`?
src/components/CodingGrid.tsx(367,37): error TS1005: '}' expected.
src/components/CodingGrid.tsx(372,9): error TS1109: Expression expected.
src/components/CodingGrid.tsx(384,11): error TS1109: Expression expected.
src/components/CodingGrid.tsx(385,24): error TS1382: Unexpected token. Did you mean `{'>'}` or `&gt;`?
src/components/CodingGrid.tsx(387,30): error TS1003: Identifier expected.
src/components/CodingGrid.tsx(387,32): error TS1005: '...' expected.
src/components/CodingGrid.tsx(387,34): error TS1005: '}' expected.
src/components/CodingGrid.tsx(387,57): error TS1381: Unexpected token. Did you mean `{'}'}` or `&rbrace;`?
src/components/CodingGrid.tsx(387,58): error TS1382: Unexpected token. Did you mean `{'>'}` or `&gt;`?
src/components/CodingGrid.tsx(389,50): error TS1382: Unexpected token. Did you mean `{'>'}` or `&gt;`?
src/components/CodingGrid.tsx(395,38): error TS1003: Identifier expected.
src/components/CodingGrid.tsx(396,72): error TS1005: '}' expected.
src/components/CodingGrid.tsx(398,11): error TS1381: Unexpected token. Did you mean `{'}'}` or `&rbrace;`?
src/components/CodingGrid.tsx(399,101): error TS1005: '}' expected.
src/components/CodingGrid.tsx(400,11): error TS1381: Unexpected token. Did you mean `{'}'}` or `&rbrace;`?
src/components/CodingGrid.tsx(401,9): error TS1381: Unexpected token. Did you mean `{'}'}` or `&rbrace;`?
src/components/CodingGrid.tsx(402,7): error TS1381: Unexpected token. Did you mean `{'}'}` or `&rbrace;`?
src/components/CodingGrid.tsx(403,67): error TS1005: '}' expected.
src/components/CodingGrid.tsx(404,7): error TS1381: Unexpected token. Did you mean `{'}'}` or `&rbrace;`?
src/components/CodingGrid.tsx(405,31): error TS1005: '}' expected.
src/components/CodingGrid.tsx(407,7): error TS1381: Unexpected token. Did you mean `{'}'}` or `&rbrace;`?
src/components/CodingGrid.tsx(408,5): error TS1381: Unexpected token. Did you mean `{'}'}` or `&rbrace;`?
src/components/CodingGrid.tsx(411,3): error TS1381: Unexpected token. Did you mean `{'}'}` or `&rbrace;`?
src/components/CodingGrid.tsx(414,39): error TS1382: Unexpected token. Did you mean `{'>'}` or `&gt;`?
src/components/CodingGrid.tsx(415,5): error TS1109: Expression expected.
src/components/CodingGrid.tsx(419,77): error TS1005: '}' expected.
src/components/CodingGrid.tsx(421,5): error TS1381: Unexpected token. Did you mean `{'}'}` or `&rbrace;`?
src/components/CodingGrid.tsx(438,7): error TS1109: Expression expected.
src/components/CodingGrid.tsx(450,9): error TS1109: Expression expected.
src/components/CodingGrid.tsx(451,22): error TS1382: Unexpected token. Did you mean `{'>'}` or `&gt;`?
src/components/CodingGrid.tsx(453,28): error TS1003: Identifier expected.
src/components/CodingGrid.tsx(453,30): error TS1005: '...' expected.
src/components/CodingGrid.tsx(453,32): error TS1005: '}' expected.
src/components/CodingGrid.tsx(453,55): error TS1381: Unexpected token. Did you mean `{'}'}` or `&rbrace;`?
src/components/CodingGrid.tsx(453,56): error TS1382: Unexpected token. Did you mean `{'>'}` or `&gt;`?
src/components/CodingGrid.tsx(455,48): error TS1382: Unexpected token. Did you mean `{'>'}` or `&gt;`?
src/components/CodingGrid.tsx(461,36): error TS1003: Identifier expected.
src/components/CodingGrid.tsx(462,70): error TS1005: '}' expected.
src/components/CodingGrid.tsx(463,9): error TS1381: Unexpected token. Did you mean `{'}'}` or `&rbrace;`?
src/components/CodingGrid.tsx(466,7): error TS1381: Unexpected token. Did you mean `{'}'}` or `&rbrace;`?
src/components/CodingGrid.tsx(467,5): error TS1381: Unexpected token. Did you mean `{'}'}` or `&rbrace;`?
src/components/CodingGrid.tsx(468,67): error TS1005: '}' expected.
src/components/CodingGrid.tsx(469,5): error TS1381: Unexpected token. Did you mean `{'}'}` or `&rbrace;`?
src/components/CodingGrid.tsx(470,29): error TS1005: '}' expected.
src/components/CodingGrid.tsx(472,5): error TS1381: Unexpected token. Did you mean `{'}'}` or `&rbrace;`?
src/components/CodingGrid.tsx(473,3): error TS1381: Unexpected token. Did you mean `{'}'}` or `&rbrace;`?
src/components/CodingGrid.tsx(476,35): error TS1382: Unexpected token. Did you mean `{'>'}` or `&gt;`?
src/components/CodingGrid.tsx(477,5): error TS1109: Expression expected.
src/components/CodingGrid.tsx(484,7): error TS1109: Expression expected.
src/components/CodingGrid.tsx(496,9): error TS1109: Expression expected.
src/components/CodingGrid.tsx(497,22): error TS1382: Unexpected token. Did you mean `{'>'}` or `&gt;`?
src/components/CodingGrid.tsx(499,28): error TS1003: Identifier expected.
src/components/CodingGrid.tsx(499,30): error TS1005: '...' expected.
src/components/CodingGrid.tsx(499,32): error TS1005: '}' expected.
src/components/CodingGrid.tsx(499,55): error TS1381: Unexpected token. Did you mean `{'}'}` or `&rbrace;`?
src/components/CodingGrid.tsx(499,56): error TS1382: Unexpected token. Did you mean `{'>'}` or `&gt;`?
src/components/CodingGrid.tsx(501,48): error TS1382: Unexpected token. Did you mean `{'>'}` or `&gt;`?
src/components/CodingGrid.tsx(503,30): error TS1382: Unexpected token. Did you mean `{'>'}` or `&gt;`?
src/components/CodingGrid.tsx(504,11): error TS1109: Expression expected.
src/components/CodingGrid.tsx(505,40): error TS1382: Unexpected token. Did you mean `{'>'}` or `&gt;`?
src/components/CodingGrid.tsx(506,9): error TS1381: Unexpected token. Did you mean `{'}'}` or `&rbrace;`?
src/components/CodingGrid.tsx(512,7): error TS1381: Unexpected token. Did you mean `{'}'}` or `&rbrace;`?
src/components/CodingGrid.tsx(513,5): error TS1381: Unexpected token. Did you mean `{'}'}` or `&rbrace;`?
src/components/CodingGrid.tsx(514,56): error TS1005: '}' expected.
src/components/CodingGrid.tsx(515,5): error TS1381: Unexpected token. Did you mean `{'}'}` or `&rbrace;`?
src/components/CodingGrid.tsx(516,29): error TS1005: '}' expected.
src/components/CodingGrid.tsx(517,5): error TS1381: Unexpected token. Did you mean `{'}'}` or `&rbrace;`?
src/components/CodingGrid.tsx(518,3): error TS1381: Unexpected token. Did you mean `{'}'}` or `&rbrace;`?
src/components/CodingGrid.tsx(524,39): error TS1382: Unexpected token. Did you mean `{'>'}` or `&gt;`?
src/components/CodingGrid.tsx(525,5): error TS1109: Expression expected.
src/components/CodingGrid.tsx(525,35): error TS1382: Unexpected token. Did you mean `{'>'}` or `&gt;`?
src/components/CodingGrid.tsx(527,7): error TS1109: Expression expected.
src/components/CodingGrid.tsx(527,33): error TS1382: Unexpected token. Did you mean `{'>'}` or `&gt;`?
src/components/CodingGrid.tsx(528,9): error TS1109: Expression expected.
src/components/CodingGrid.tsx(529,61): error TS1382: Unexpected token. Did you mean `{'>'}` or `&gt;`?
src/components/CodingGrid.tsx(533,11): error TS1109: Expression expected.
src/components/CodingGrid.tsx(534,9): error TS1381: Unexpected token. Did you mean `{'}'}` or `&rbrace;`?
src/components/CodingGrid.tsx(535,7): error TS1381: Unexpected token. Did you mean `{'}'}` or `&rbrace;`?
src/components/CodingGrid.tsx(538,9): error TS1109: Expression expected.
src/components/CodingGrid.tsx(539,7): error TS1381: Unexpected token. Did you mean `{'}'}` or `&rbrace;`?
src/components/CodingGrid.tsx(542,9): error TS1109: Expression expected.
src/components/CodingGrid.tsx(543,7): error TS1381: Unexpected token. Did you mean `{'}'}` or `&rbrace;`?
src/components/CodingGrid.tsx(545,32): error TS1382: Unexpected token. Did you mean `{'>'}` or `&gt;`?
src/components/CodingGrid.tsx(546,9): error TS1109: Expression expected.
src/components/CodingGrid.tsx(546,50): error TS1382: Unexpected token. Did you mean `{'>'}` or `&gt;`?
src/components/CodingGrid.tsx(550,7): error TS1381: Unexpected token. Did you mean `{'}'}` or `&rbrace;`?
src/components/CodingGrid.tsx(553,9): error TS1109: Expression expected.
src/components/CodingGrid.tsx(554,7): error TS1381: Unexpected token. Did you mean `{'}'}` or `&rbrace;`?
src/components/CodingGrid.tsx(556,29): error TS1382: Unexpected token. Did you mean `{'>'}` or `&gt;`?
src/components/CodingGrid.tsx(556,103): error TS1003: Identifier expected.
src/components/CodingGrid.tsx(557,9): error TS1109: Expression expected.
src/components/CodingGrid.tsx(558,7): error TS1381: Unexpected token. Did you mean `{'}'}` or `&rbrace;`?
src/components/CodingGrid.tsx(559,29): error TS1382: Unexpected token. Did you mean `{'>'}` or `&gt;`?
src/components/CodingGrid.tsx(559,84): error TS1382: Unexpected token. Did you mean `{'>'}` or `&gt;`?
src/components/CodingGrid.tsx(560,9): error TS1109: Expression expected.
src/components/CodingGrid.tsx(561,7): error TS1381: Unexpected token. Did you mean `{'}'}` or `&rbrace;`?
src/components/CodingGrid.tsx(563,5): error TS1381: Unexpected token. Did you mean `{'}'}` or `&rbrace;`?
src/components/CodingGrid.tsx(564,3): error TS1381: Unexpected token. Did you mean `{'}'}` or `&rbrace;`?
src/components/CodingGrid.tsx(567,45): error TS1382: Unexpected token. Did you mean `{'>'}` or `&gt;`?
src/components/CodingGrid.tsx(568,5): error TS1109: Expression expected.
src/components/CodingGrid.tsx(569,57): error TS1005: '}' expected.
src/components/CodingGrid.tsx(570,5): error TS1381: Unexpected token. Did you mean `{'}'}` or `&rbrace;`?
src/components/CodingGrid.tsx(571,26): error TS1005: '}' expected.
src/components/CodingGrid.tsx(573,5): error TS1381: Unexpected token. Did you mean `{'}'}` or `&rbrace;`?
src/components/CodingGrid.tsx(574,3): error TS1381: Unexpected token. Did you mean `{'}'}` or `&rbrace;`?
src/components/CodingGrid.tsx(579,48): error TS1382: Unexpected token. Did you mean `{'>'}` or `&gt;`?
src/components/CodingGrid.tsx(580,67): error TS1005: '}' expected.
src/components/CodingGrid.tsx(585,36): error TS1382: Unexpected token. Did you mean `{'>'}` or `&gt;`?
src/components/CodingGrid.tsx(630,9): error TS1005: '}' expected.
src/components/CodingGrid.tsx(631,5): error TS1381: Unexpected token. Did you mean `{'}'}` or `&rbrace;`?
src/components/CodingGrid.tsx(638,8): error TS1005: '}' expected.
src/components/CodingGrid.tsx(639,5): error TS1381: Unexpected token. Did you mean `{'}'}` or `&rbrace;`?
src/components/CodingGrid.tsx(642,33): error TS1382: Unexpected token. Did you mean `{'>'}` or `&gt;`?
src/components/CodingGrid.tsx(643,7): error TS1109: Expression expected.
src/components/CodingGrid.tsx(653,9): error TS1109: Expression expected.
src/components/CodingGrid.tsx(656,7): error TS1381: Unexpected token. Did you mean `{'}'}` or `&rbrace;`?
src/components/CodingGrid.tsx(659,9): error TS1109: Expression expected.
src/components/CodingGrid.tsx(660,7): error TS1381: Unexpected token. Did you mean `{'}'}` or `&rbrace;`?
src/components/CodingGrid.tsx(663,5): error TS1381: Unexpected token. Did you mean `{'}'}` or `&rbrace;`?
src/components/CodingGrid.tsx(664,3): error TS1381: Unexpected token. Did you mean `{'}'}` or `&rbrace;`?
src/components/CodingGrid.tsx(668,17): error TS1382: Unexpected token. Did you mean `{'>'}` or `&gt;`?
src/components/CodingGrid.tsx(669,5): error TS1109: Expression expected.
src/components/CodingGrid.tsx(670,72): error TS1005: '}' expected.
src/components/CodingGrid.tsx(672,5): error TS1381: Unexpected token. Did you mean `{'}'}` or `&rbrace;`?
src/components/CodingGrid.tsx(673,3): error TS1381: Unexpected token. Did you mean `{'}'}` or `&rbrace;`?
src/components/CodingGrid.tsx(677,25): error TS1005: '}' expected.
src/components/CodingGrid.tsx(682,31): error TS1005: '}' expected.
src/components/CodingGrid.tsx(683,5): error TS1381: Unexpected token. Did you mean `{'}'}` or `&rbrace;`?
src/components/CodingGrid.tsx(685,20): error TS1382: Unexpected token. Did you mean `{'>'}` or `&gt;`?
src/components/CodingGrid.tsx(686,3): error TS1381: Unexpected token. Did you mean `{'}'}` or `&rbrace;`?
src/components/CodingGrid.tsx(689,23): error TS1005: '}' expected.
src/components/CodingGrid.tsx(700,9): error TS1005: '}' expected.
src/components/CodingGrid.tsx(701,5): error TS1381: Unexpected token. Did you mean `{'}'}` or `&rbrace;`?
src/components/CodingGrid.tsx(702,3): error TS1381: Unexpected token. Did you mean `{'}'}` or `&rbrace;`?
src/components/CodingGrid.tsx(705,5): error TS1109: Expression expected.
src/components/CodingGrid.tsx(712,15): error TS1005: '}' expected.
src/components/CodingGrid.tsx(713,5): error TS1381: Unexpected token. Did you mean `{'}'}` or `&rbrace;`?
src/components/CodingGrid.tsx(717,39): error TS1005: '}' expected.
src/components/CodingGrid.tsx(718,5): error TS1381: Unexpected token. Did you mean `{'}'}` or `&rbrace;`?
src/components/CodingGrid.tsx(720,20): error TS1382: Unexpected token. Did you mean `{'>'}` or `&gt;`?
src/components/CodingGrid.tsx(721,3): error TS1381: Unexpected token. Did you mean `{'}'}` or `&rbrace;`?
src/components/CodingGrid.tsx(725,8): error TS1005: '}' expected.
src/components/CodingGrid.tsx(725,17): error TS1005: '}' expected.
src/components/CodingGrid.tsx(725,51): error TS1381: Unexpected token. Did you mean `{'}'}` or `&rbrace;`?
src/components/CodingGrid.tsx(726,17): error TS1005: '}' expected.
src/components/CodingGrid.tsx(726,53): error TS1381: Unexpected token. Did you mean `{'}'}` or `&rbrace;`?
src/components/CodingGrid.tsx(727,17): error TS1005: '}' expected.
src/components/CodingGrid.tsx(727,59): error TS1381: Unexpected token. Did you mean `{'}'}` or `&rbrace;`?
src/components/CodingGrid.tsx(728,16): error TS1005: '}' expected.
src/components/CodingGrid.tsx(728,52): error TS1381: Unexpected token. Did you mean `{'}'}` or `&rbrace;`?
src/components/CodingGrid.tsx(729,15): error TS1005: '}' expected.
src/components/CodingGrid.tsx(729,52): error TS1381: Unexpected token. Did you mean `{'}'}` or `&rbrace;`?
src/components/CodingGrid.tsx(730,3): error TS1381: Unexpected token. Did you mean `{'}'}` or `&rbrace;`?
src/components/CodingGrid.tsx(734,34): error TS1005: '}' expected.
src/components/CodingGrid.tsx(741,3): error TS1381: Unexpected token. Did you mean `{'}'}` or `&rbrace;`?
src/components/CodingGrid.tsx(757,17): error TS1382: Unexpected token. Did you mean `{'>'}` or `&gt;`?
src/components/CodingGrid.tsx(758,5): error TS1109: Expression expected.
src/components/CodingGrid.tsx(759,31): error TS1005: '}' expected.
src/components/CodingGrid.tsx(760,5): error TS1381: Unexpected token. Did you mean `{'}'}` or `&rbrace;`?
src/components/CodingGrid.tsx(761,3): error TS1381: Unexpected token. Did you mean `{'}'}` or `&rbrace;`?
src/components/CodingGrid.tsx(771,66): error TS1005: '}' expected.
src/components/CodingGrid.tsx(772,20): error TS1382: Unexpected token. Did you mean `{'>'}` or `&gt;`?
src/components/CodingGrid.tsx(773,56): error TS1005: '}' expected.
src/components/CodingGrid.tsx(774,5): error TS1381: Unexpected token. Did you mean `{'}'}` or `&rbrace;`?
src/components/CodingGrid.tsx(775,3): error TS1381: Unexpected token. Did you mean `{'}'}` or `&rbrace;`?
src/components/CodingGrid.tsx(778,82): error TS1382: Unexpected token. Did you mean `{'>'}` or `&gt;`?
src/components/CodingGrid.tsx(779,5): error TS1109: Expression expected.
src/components/CodingGrid.tsx(780,50): error TS1005: '}' expected.
src/components/CodingGrid.tsx(781,5): error TS1381: Unexpected token. Did you mean `{'}'}` or `&rbrace;`?
src/components/CodingGrid.tsx(782,65): error TS1005: '}' expected.
src/components/CodingGrid.tsx(783,5): error TS1381: Unexpected token. Did you mean `{'}'}` or `&rbrace;`?
src/components/CodingGrid.tsx(784,3): error TS1381: Unexpected token. Did you mean `{'}'}` or `&rbrace;`?
src/components/CodingGrid.tsx(787,59): error TS1382: Unexpected token. Did you mean `{'>'}` or `&gt;`?
src/components/CodingGrid.tsx(788,5): error TS1109: Expression expected.
src/components/CodingGrid.tsx(789,60): error TS1005: '}' expected.
src/components/CodingGrid.tsx(790,5): error TS1381: Unexpected token. Did you mean `{'}'}` or `&rbrace;`?
src/components/CodingGrid.tsx(791,25): error TS1005: '}' expected.
src/components/CodingGrid.tsx(792,5): error TS1381: Unexpected token. Did you mean `{'}'}` or `&rbrace;`?
src/components/CodingGrid.tsx(793,3): error TS1381: Unexpected token. Did you mean `{'}'}` or `&rbrace;`?
src/components/CodingGrid.tsx(797,5): error TS1109: Expression expected.
src/components/CodingGrid.tsx(802,7): error TS1109: Expression expected.
src/components/CodingGrid.tsx(804,9): error TS1109: Expression expected.
src/components/CodingGrid.tsx(810,7): error TS1381: Unexpected token. Did you mean `{'}'}` or `&rbrace;`?
src/components/CodingGrid.tsx(812,9): error TS1109: Expression expected.
src/components/CodingGrid.tsx(815,25): error TS1005: '}' expected.
src/components/CodingGrid.tsx(817,9): error TS1381: Unexpected token. Did you mean `{'}'}` or `&rbrace;`?
src/components/CodingGrid.tsx(827,31): error TS1382: Unexpected token. Did you mean `{'>'}` or `&gt;`?
src/components/CodingGrid.tsx(827,50): error TS1382: Unexpected token. Did you mean `{'>'}` or `&gt;`?
src/components/CodingGrid.tsx(829,42): error TS1005: '}' expected.
src/components/CodingGrid.tsx(829,100): error TS1381: Unexpected token. Did you mean `{'}'}` or `&rbrace;`?
src/components/CodingGrid.tsx(834,33): error TS1382: Unexpected token. Did you mean `{'>'}` or `&gt;`?
src/components/CodingGrid.tsx(835,91): error TS1005: '}' expected.
src/components/CodingGrid.tsx(836,9): error TS1381: Unexpected token. Did you mean `{'}'}` or `&rbrace;`?
src/components/CodingGrid.tsx(837,7): error TS1381: Unexpected token. Did you mean `{'}'}` or `&rbrace;`?
src/components/CodingGrid.tsx(842,5): error TS1381: Unexpected token. Did you mean `{'}'}` or `&rbrace;`?
src/components/CodingGrid.tsx(843,58): error TS1005: '}' expected.
src/components/CodingGrid.tsx(844,5): error TS1381: Unexpected token. Did you mean `{'}'}` or `&rbrace;`?
src/components/CodingGrid.tsx(845,27): error TS1005: '}' expected.
src/components/CodingGrid.tsx(846,5): error TS1381: Unexpected token. Did you mean `{'}'}` or `&rbrace;`?
src/components/CodingGrid.tsx(847,3): error TS1381: Unexpected token. Did you mean `{'}'}` or `&rbrace;`?
src/components/CodingGrid.tsx(852,5): error TS1109: Expression expected.
src/components/CodingGrid.tsx(852,18): error TS1005: '}' expected.
src/components/CodingGrid.tsx(852,30): error TS1381: Unexpected token. Did you mean `{'}'}` or `&rbrace;`?
src/components/CodingGrid.tsx(855,48): error TS1382: Unexpected token. Did you mean `{'>'}` or `&gt;`?
src/components/CodingGrid.tsx(865,39): error TS1003: Identifier expected.
src/components/CodingGrid.tsx(865,44): error TS1382: Unexpected token. Did you mean `{'>'}` or `&gt;`?
src/components/CodingGrid.tsx(866,24): error TS1382: Unexpected token. Did you mean `{'>'}` or `&gt;`?
src/components/CodingGrid.tsx(867,7): error TS1109: Expression expected.
src/components/CodingGrid.tsx(867,40): error TS1382: Unexpected token. Did you mean `{'>'}` or `&gt;`?
src/components/CodingGrid.tsx(874,10): error TS1005: '}' expected.
src/components/CodingGrid.tsx(875,7): error TS1381: Unexpected token. Did you mean `{'}'}` or `&rbrace;`?
src/components/CodingGrid.tsx(876,5): error TS1381: Unexpected token. Did you mean `{'}'}` or `&rbrace;`?
src/components/CodingGrid.tsx(880,21): error TS1005: '}' expected.
src/components/CodingGrid.tsx(882,5): error TS1381: Unexpected token. Did you mean `{'}'}` or `&rbrace;`?
src/components/CodingGrid.tsx(885,50): error TS1005: '}' expected.
src/components/CodingGrid.tsx(886,5): error TS1381: Unexpected token. Did you mean `{'}'}` or `&rbrace;`?
src/components/CodingGrid.tsx(888,44): error TS1005: '}' expected.
src/components/CodingGrid.tsx(889,5): error TS1381: Unexpected token. Did you mean `{'}'}` or `&rbrace;`?
src/components/CodingGrid.tsx(892,27): error TS1382: Unexpected token. Did you mean `{'>'}` or `&gt;`?
src/components/CodingGrid.tsx(892,41): error TS1382: Unexpected token. Did you mean `{'>'}` or `&gt;`?
src/components/CodingGrid.tsx(893,39): error TS1109: Expression expected.
src/components/CodingGrid.tsx(893,59): error TS1381: Unexpected token. Did you mean `{'}'}` or `&rbrace;`?
src/components/CodingGrid.tsx(897,24): error TS1382: Unexpected token. Did you mean `{'>'}` or `&gt;`?
src/components/CodingGrid.tsx(898,87): error TS1005: '}' expected.
src/components/CodingGrid.tsx(899,5): error TS1381: Unexpected token. Did you mean `{'}'}` or `&rbrace;`?
src/components/CodingGrid.tsx(902,20): error TS1382: Unexpected token. Did you mean `{'>'}` or `&gt;`?
src/components/CodingGrid.tsx(908,8): error TS1005: '}' expected.
src/components/CodingGrid.tsx(909,5): error TS1381: Unexpected token. Did you mean `{'}'}` or `&rbrace;`?
src/components/CodingGrid.tsx(913,7): error TS1109: Expression expected.
src/components/CodingGrid.tsx(914,23): error TS1005: '}' expected.
src/components/CodingGrid.tsx(916,7): error TS1381: Unexpected token. Did you mean `{'}'}` or `&rbrace;`?
src/components/CodingGrid.tsx(918,42): error TS1005: '}' expected.
src/components/CodingGrid.tsx(919,7): error TS1381: Unexpected token. Did you mean `{'}'}` or `&rbrace;`?
src/components/CodingGrid.tsx(921,36): error TS1005: '}' expected.
src/components/CodingGrid.tsx(922,7): error TS1381: Unexpected token. Did you mean `{'}'}` or `&rbrace;`?
src/components/CodingGrid.tsx(928,9): error TS1109: Expression expected.
src/components/CodingGrid.tsx(934,57): error TS1005: '}' expected.
src/components/CodingGrid.tsx(936,9): error TS1381: Unexpected token. Did you mean `{'}'}` or `&rbrace;`?
src/components/CodingGrid.tsx(939,7): error TS1381: Unexpected token. Did you mean `{'}'}` or `&rbrace;`?
src/components/CodingGrid.tsx(945,11): error TS1005: '}' expected.
src/components/CodingGrid.tsx(948,7): error TS1381: Unexpected token. Did you mean `{'}'}` or `&rbrace;`?
src/components/CodingGrid.tsx(953,9): error TS1109: Expression expected.
src/components/CodingGrid.tsx(954,13): error TS1005: '}' expected.
src/components/CodingGrid.tsx(960,46): error TS1382: Unexpected token. Did you mean `{'>'}` or `&gt;`?
src/components/CodingGrid.tsx(961,39): error TS1005: '}' expected.
src/components/CodingGrid.tsx(963,11): error TS1381: Unexpected token. Did you mean `{'}'}` or `&rbrace;`?
src/components/CodingGrid.tsx(963,33): error TS1003: Identifier expected.
src/components/CodingGrid.tsx(963,38): error TS1382: Unexpected token. Did you mean `{'>'}` or `&gt;`?
src/components/CodingGrid.tsx(964,27): error TS1382: Unexpected token. Did you mean `{'>'}` or `&gt;`?
src/components/CodingGrid.tsx(966,79): error TS1005: '}' expected.
src/components/CodingGrid.tsx(969,35): error TS1382: Unexpected token. Did you mean `{'>'}` or `&gt;`?
src/components/CodingGrid.tsx(969,49): error TS1382: Unexpected token. Did you mean `{'>'}` or `&gt;`?
src/components/CodingGrid.tsx(970,15): error TS1109: Expression expected.
src/components/CodingGrid.tsx(971,39): error TS1109: Expression expected.
src/components/CodingGrid.tsx(971,49): error TS1381: Unexpected token. Did you mean `{'}'}` or `&rbrace;`?
src/components/CodingGrid.tsx(972,13): error TS1381: Unexpected token. Did you mean `{'}'}` or `&rbrace;`?
src/components/CodingGrid.tsx(976,15): error TS1109: Expression expected.
src/components/CodingGrid.tsx(982,71): error TS1005: '}' expected.
src/components/CodingGrid.tsx(984,15): error TS1381: Unexpected token. Did you mean `{'}'}` or `&rbrace;`?
src/components/CodingGrid.tsx(985,13): error TS1381: Unexpected token. Did you mean `{'}'}` or `&rbrace;`?
src/components/CodingGrid.tsx(986,11): error TS1381: Unexpected token. Did you mean `{'}'}` or `&rbrace;`?
src/components/CodingGrid.tsx(987,27): error TS1382: Unexpected token. Did you mean `{'>'}` or `&gt;`?
src/components/CodingGrid.tsx(989,79): error TS1005: '}' expected.
src/components/CodingGrid.tsx(992,35): error TS1382: Unexpected token. Did you mean `{'>'}` or `&gt;`?
src/components/CodingGrid.tsx(992,49): error TS1382: Unexpected token. Did you mean `{'>'}` or `&gt;`?
src/components/CodingGrid.tsx(993,47): error TS1109: Expression expected.
src/components/CodingGrid.tsx(993,67): error TS1381: Unexpected token. Did you mean `{'}'}` or `&rbrace;`?
src/components/CodingGrid.tsx(1003,68): error TS1005: '}' expected.
src/components/CodingGrid.tsx(1005,13): error TS1381: Unexpected token. Did you mean `{'}'}` or `&rbrace;`?
src/components/CodingGrid.tsx(1006,11): error TS1381: Unexpected token. Did you mean `{'}'}` or `&rbrace;`?
src/components/CodingGrid.tsx(1007,9): error TS1381: Unexpected token. Did you mean `{'}'}` or `&rbrace;`?
src/components/CodingGrid.tsx(1010,7): error TS1381: Unexpected token. Did you mean `{'}'}` or `&rbrace;`?
src/components/CodingGrid.tsx(1011,5): error TS1381: Unexpected token. Did you mean `{'}'}` or `&rbrace;`?
src/components/CodingGrid.tsx(1012,53): error TS1005: '}' expected.
src/components/CodingGrid.tsx(1013,29): error TS1382: Unexpected token. Did you mean `{'>'}` or `&gt;`?
src/components/CodingGrid.tsx(1013,43): error TS1382: Unexpected token. Did you mean `{'>'}` or `&gt;`?
src/components/CodingGrid.tsx(1017,5): error TS1381: Unexpected token. Did you mean `{'}'}` or `&rbrace;`?
src/components/CodingGrid.tsx(1018,3): error TS1381: Unexpected token. Did you mean `{'}'}` or `&rbrace;`?
src/components/CodingGrid.tsx(1029,7): error TS1005: '}' expected.
src/components/CodingGrid.tsx(1035,48): error TS1382: Unexpected token. Did you mean `{'>'}` or `&gt;`?
src/components/CodingGrid.tsx(1044,53): error TS1005: '}' expected.
src/components/CodingGrid.tsx(1045,5): error TS1381: Unexpected token. Did you mean `{'}'}` or `&rbrace;`?
src/components/CodingGrid.tsx(1046,3): error TS1381: Unexpected token. Did you mean `{'}'}` or `&rbrace;`?
src/components/CodingGrid.tsx(1052,35): error TS1382: Unexpected token. Did you mean `{'>'}` or `&gt;`?
src/components/CodingGrid.tsx(1054,7): error TS1109: Expression expected.
src/components/CodingGrid.tsx(1060,9): error TS1109: Expression expected.
src/components/CodingGrid.tsx(1061,7): error TS1381: Unexpected token. Did you mean `{'}'}` or `&rbrace;`?
src/components/CodingGrid.tsx(1067,50): error TS1382: Unexpected token. Did you mean `{'>'}` or `&gt;`?
src/components/CodingGrid.tsx(1074,31): error TS1005: '}' expected.
src/components/CodingGrid.tsx(1077,58): error TS1005: '}' expected.
src/components/CodingGrid.tsx(1079,9): error TS1381: Unexpected token. Did you mean `{'}'}` or `&rbrace;`?
src/components/CodingGrid.tsx(1081,52): error TS1005: '}' expected.
src/components/CodingGrid.tsx(1083,9): error TS1381: Unexpected token. Did you mean `{'}'}` or `&rbrace;`?
src/components/CodingGrid.tsx(1085,7): error TS1381: Unexpected token. Did you mean `{'}'}` or `&rbrace;`?
src/components/CodingGrid.tsx(1090,31): error TS1005: '}' expected.
src/components/CodingGrid.tsx(1091,7): error TS1381: Unexpected token. Did you mean `{'}'}` or `&rbrace;`?
src/components/CodingGrid.tsx(1094,9): error TS1109: Expression expected.
src/components/CodingGrid.tsx(1107,61): error TS1382: Unexpected token. Did you mean `{'>'}` or `&gt;`?
src/components/CodingGrid.tsx(1111,13): error TS1109: Expression expected.
src/components/CodingGrid.tsx(1115,11): error TS1381: Unexpected token. Did you mean `{'}'}` or `&rbrace;`?
src/components/CodingGrid.tsx(1117,50): error TS1005: '}' expected.
src/components/CodingGrid.tsx(1118,11): error TS1381: Unexpected token. Did you mean `{'}'}` or `&rbrace;`?
src/components/CodingGrid.tsx(1153,38): error TS1382: Unexpected token. Did you mean `{'>'}` or `&gt;`?
src/components/CodingGrid.tsx(1159,58): error TS1382: Unexpected token. Did you mean `{'>'}` or `&gt;`?
src/components/CodingGrid.tsx(1160,50): error TS1003: Identifier expected.
src/components/CodingGrid.tsx(1161,63): error TS1005: '}' expected.
src/components/CodingGrid.tsx(1162,11): error TS1381: Unexpected token. Did you mean `{'}'}` or `&rbrace;`?
src/components/CodingGrid.tsx(1168,55): error TS1382: Unexpected token. Did you mean `{'>'}` or `&gt;`?
src/components/CodingGrid.tsx(1169,25): error TS1382: Unexpected token. Did you mean `{'>'}` or `&gt;`?
src/components/CodingGrid.tsx(1170,60): error TS1005: '}' expected.
src/components/CodingGrid.tsx(1171,11): error TS1381: Unexpected token. Did you mean `{'}'}` or `&rbrace;`?
src/components/CodingGrid.tsx(1178,7): error TS1381: Unexpected token. Did you mean `{'}'}` or `&rbrace;`?
src/components/CodingGrid.tsx(1179,5): error TS1381: Unexpected token. Did you mean `{'}'}` or `&rbrace;`?
src/components/CodingGrid.tsx(1184,17): error TS1382: Unexpected token. Did you mean `{'>'}` or `&gt;`?
src/components/CodingGrid.tsx(1185,63): error TS1005: '}' expected.
src/components/CodingGrid.tsx(1186,16): error TS1382: Unexpected token. Did you mean `{'>'}` or `&gt;`?
src/components/CodingGrid.tsx(1187,3): error TS1381: Unexpected token. Did you mean `{'}'}` or `&rbrace;`?
src/components/CodingGrid.tsx(1190,17): error TS1382: Unexpected token. Did you mean `{'>'}` or `&gt;`?
src/components/CodingGrid.tsx(1191,5): error TS1109: Expression expected.
src/components/CodingGrid.tsx(1193,52): error TS1382: Unexpected token. Did you mean `{'>'}` or `&gt;`?
src/components/CodingGrid.tsx(1194,7): error TS1109: Expression expected.
src/components/CodingGrid.tsx(1195,69): error TS1005: '}' expected.
src/components/CodingGrid.tsx(1199,35): error TS1382: Unexpected token. Did you mean `{'>'}` or `&gt;`?
src/components/CodingGrid.tsx(1200,98): error TS1005: '}' expected.
src/components/CodingGrid.tsx(1202,9): error TS1381: Unexpected token. Did you mean `{'}'}` or `&rbrace;`?
src/components/CodingGrid.tsx(1203,7): error TS1381: Unexpected token. Did you mean `{'}'}` or `&rbrace;`?
src/components/CodingGrid.tsx(1204,49): error TS1005: '}' expected.
src/components/CodingGrid.tsx(1205,7): error TS1381: Unexpected token. Did you mean `{'}'}` or `&rbrace;`?
src/components/CodingGrid.tsx(1206,5): error TS1381: Unexpected token. Did you mean `{'}'}` or `&rbrace;`?
src/components/CodingGrid.tsx(1208,16): error TS1382: Unexpected token. Did you mean `{'>'}` or `&gt;`?
src/components/CodingGrid.tsx(1209,3): error TS1381: Unexpected token. Did you mean `{'}'}` or `&rbrace;`?
src/components/CodingGrid.tsx(1212,17): error TS1382: Unexpected token. Did you mean `{'>'}` or `&gt;`?
src/components/CodingGrid.tsx(1213,5): error TS1109: Expression expected.
src/components/CodingGrid.tsx(1215,7): error TS1109: Expression expected.
src/components/CodingGrid.tsx(1216,9): error TS1109: Expression expected.
src/components/CodingGrid.tsx(1219,7): error TS1381: Unexpected token. Did you mean `{'}'}` or `&rbrace;`?
src/components/CodingGrid.tsx(1220,63): error TS1005: '}' expected.
src/components/CodingGrid.tsx(1221,7): error TS1381: Unexpected token. Did you mean `{'}'}` or `&rbrace;`?
src/components/CodingGrid.tsx(1222,5): error TS1381: Unexpected token. Did you mean `{'}'}` or `&rbrace;`?
src/components/CodingGrid.tsx(1223,3): error TS1381: Unexpected token. Did you mean `{'}'}` or `&rbrace;`?
src/components/CodingGrid.tsx(1226,17): error TS1382: Unexpected token. Did you mean `{'>'}` or `&gt;`?
src/components/CodingGrid.tsx(1227,5): error TS1109: Expression expected.
src/components/CodingGrid.tsx(1229,36): error TS1382: Unexpected token. Did you mean `{'>'}` or `&gt;`?
src/components/CodingGrid.tsx(1230,7): error TS1109: Expression expected.
src/components/CodingGrid.tsx(1232,9): error TS1109: Expression expected.
src/components/CodingGrid.tsx(1242,51): error TS1382: Unexpected token. Did you mean `{'>'}` or `&gt;`?
src/components/CodingGrid.tsx(1243,32): error TS1005: '}' expected.
src/components/CodingGrid.tsx(1245,9): error TS1381: Unexpected token. Did you mean `{'}'}` or `&rbrace;`?
src/components/CodingGrid.tsx(1248,56): error TS1382: Unexpected token. Did you mean `{'>'}` or `&gt;`?
src/components/CodingGrid.tsx(1249,63): error TS1005: '}' expected.
src/components/CodingGrid.tsx(1253,33): error TS1382: Unexpected token. Did you mean `{'>'}` or `&gt;`?
src/components/CodingGrid.tsx(1253,47): error TS1382: Unexpected token. Did you mean `{'>'}` or `&gt;`?
src/components/CodingGrid.tsx(1255,38): error TS1005: '}' expected.
src/components/CodingGrid.tsx(1255,89): error TS1381: Unexpected token. Did you mean `{'}'}` or `&rbrace;`?
src/components/CodingGrid.tsx(1260,26): error TS1382: Unexpected token. Did you mean `{'>'}` or `&gt;`?
src/components/CodingGrid.tsx(1261,9): error TS1381: Unexpected token. Did you mean `{'}'}` or `&rbrace;`?
src/components/CodingGrid.tsx(1264,7): error TS1381: Unexpected token. Did you mean `{'}'}` or `&rbrace;`?
src/components/CodingGrid.tsx(1265,65): error TS1005: '}' expected.
src/components/CodingGrid.tsx(1266,7): error TS1381: Unexpected token. Did you mean `{'}'}` or `&rbrace;`?
src/components/CodingGrid.tsx(1267,5): error TS1381: Unexpected token. Did you mean `{'}'}` or `&rbrace;`?
src/components/CodingGrid.tsx(1271,16): error TS1382: Unexpected token. Did you mean `{'>'}` or `&gt;`?
src/components/CodingGrid.tsx(1272,30): error TS1005: '}' expected.
src/components/CodingGrid.tsx(1273,5): error TS1381: Unexpected token. Did you mean `{'}'}` or `&rbrace;`?
src/components/CodingGrid.tsx(1274,3): error TS1381: Unexpected token. Did you mean `{'}'}` or `&rbrace;`?
src/components/CodingGrid.tsx(1277,17): error TS1382: Unexpected token. Did you mean `{'>'}` or `&gt;`?
src/components/CodingGrid.tsx(1278,5): error TS1109: Expression expected.
src/components/CodingGrid.tsx(1279,56): error TS1005: '}' expected.
src/components/CodingGrid.tsx(1280,5): error TS1381: Unexpected token. Did you mean `{'}'}` or `&rbrace;`?
src/components/CodingGrid.tsx(1281,3): error TS1381: Unexpected token. Did you mean `{'}'}` or `&rbrace;`?
src/components/CodingGrid.tsx(1284,56): error TS1382: Unexpected token. Did you mean `{'>'}` or `&gt;`?
src/components/CodingGrid.tsx(1285,5): error TS1109: Expression expected.
src/components/CodingGrid.tsx(1286,9): error TS1005: '}' expected.
src/components/CodingGrid.tsx(1290,5): error TS1381: Unexpected token. Did you mean `{'}'}` or `&rbrace;`?
src/components/CodingGrid.tsx(1296,3): error TS1381: Unexpected token. Did you mean `{'}'}` or `&rbrace;`?
src/components/CodingGrid.tsx(1299,64): error TS1382: Unexpected token. Did you mean `{'>'}` or `&gt;`?
src/components/CodingGrid.tsx(1300,39): error TS1005: '}' expected.
src/components/CodingGrid.tsx(1303,3): error TS1381: Unexpected token. Did you mean `{'}'}` or `&rbrace;`?
src/components/CodingGrid.tsx(1306,62): error TS1382: Unexpected token. Did you mean `{'>'}` or `&gt;`?
src/components/CodingGrid.tsx(1307,5): error TS1109: Expression expected.
src/components/CodingGrid.tsx(1307,48): error TS1382: Unexpected token. Did you mean `{'>'}` or `&gt;`?
src/components/CodingGrid.tsx(1312,3): error TS1381: Unexpected token. Did you mean `{'}'}` or `&rbrace;`?
src/components/CodingGrid.tsx(1316,5): error TS1109: Expression expected.
src/components/CodingGrid.tsx(1318,32): error TS1005: '}' expected.
src/components/CodingGrid.tsx(1321,5): error TS1381: Unexpected token. Did you mean `{'}'}` or `&rbrace;`?
src/components/CodingGrid.tsx(1325,3): error TS1381: Unexpected token. Did you mean `{'}'}` or `&rbrace;`?
src/components/CodingGrid.tsx(1328,50): error TS1382: Unexpected token. Did you mean `{'>'}` or `&gt;`?
src/components/CodingGrid.tsx(1329,31): error TS1005: '}' expected.
src/components/CodingGrid.tsx(1330,3): error TS1381: Unexpected token. Did you mean `{'}'}` or `&rbrace;`?
src/components/CodingGrid.tsx(1333,74): error TS1005: '}' expected.
src/components/CodingGrid.tsx(1333,141): error TS1381: Unexpected token. Did you mean `{'}'}` or `&rbrace;`?
src/components/CodingGrid.tsx(1333,145): error TS1382: Unexpected token. Did you mean `{'>'}` or `&gt;`?
src/components/CodingGrid.tsx(1340,7): error TS1005: '}' expected.
src/components/CodingGrid.tsx(1343,27): error TS1382: Unexpected token. Did you mean `{'>'}` or `&gt;`?
src/components/CodingGrid.tsx(1343,41): error TS1382: Unexpected token. Did you mean `{'>'}` or `&gt;`?
src/components/CodingGrid.tsx(1347,26): error TS1005: '}' expected.
src/components/CodingGrid.tsx(1351,11): error TS1381: Unexpected token. Did you mean `{'}'}` or `&rbrace;`?
src/components/CodingGrid.tsx(1356,28): error TS1382: Unexpected token. Did you mean `{'>'}` or `&gt;`?
src/components/CodingGrid.tsx(1356,52): error TS1005: '}' expected.
src/components/CodingGrid.tsx(1356,73): error TS1381: Unexpected token. Did you mean `{'}'}` or `&rbrace;`?
src/components/CodingGrid.tsx(1357,20): error TS1382: Unexpected token. Did you mean `{'>'}` or `&gt;`?
src/components/CodingGrid.tsx(1362,9): error TS1005: '}' expected.
src/components/CodingGrid.tsx(1363,5): error TS1381: Unexpected token. Did you mean `{'}'}` or `&rbrace;`?
src/components/CodingGrid.tsx(1364,3): error TS1381: Unexpected token. Did you mean `{'}'}` or `&rbrace;`?
src/components/CodingGrid.tsx(1367,60): error TS1382: Unexpected token. Did you mean `{'>'}` or `&gt;`?
src/components/CodingGrid.tsx(1368,5): error TS1109: Expression expected.
src/components/CodingGrid.tsx(1369,71): error TS1005: '}' expected.
src/components/CodingGrid.tsx(1374,25): error TS1005: '}' expected.
src/components/CodingGrid.tsx(1376,9): error TS1381: Unexpected token. Did you mean `{'}'}` or `&rbrace;`?
src/components/CodingGrid.tsx(1380,59): error TS1005: '}' expected.
src/components/CodingGrid.tsx(1383,7): error TS1381: Unexpected token. Did you mean `{'}'}` or `&rbrace;`?
src/components/CodingGrid.tsx(1386,29): error TS1382: Unexpected token. Did you mean `{'>'}` or `&gt;`?
src/components/CodingGrid.tsx(1386,43): error TS1382: Unexpected token. Did you mean `{'>'}` or `&gt;`?
src/components/CodingGrid.tsx(1390,29): error TS1005: '}' expected.
src/components/CodingGrid.tsx(1392,13): error TS1381: Unexpected token. Did you mean `{'}'}` or `&rbrace;`?
src/components/CodingGrid.tsx(1397,47): error TS1005: '}' expected.
src/components/CodingGrid.tsx(1397,61): error TS1381: Unexpected token. Did you mean `{'}'}` or `&rbrace;`?
src/components/CodingGrid.tsx(1400,5): error TS1381: Unexpected token. Did you mean `{'}'}` or `&rbrace;`?
src/components/CodingGrid.tsx(1401,57): error TS1005: '}' expected.
src/components/CodingGrid.tsx(1403,5): error TS1381: Unexpected token. Did you mean `{'}'}` or `&rbrace;`?
src/components/CodingGrid.tsx(1404,3): error TS1381: Unexpected token. Did you mean `{'}'}` or `&rbrace;`?
src/components/CodingGrid.tsx(1407,59): error TS1382: Unexpected token. Did you mean `{'>'}` or `&gt;`?
src/components/CodingGrid.tsx(1408,73): error TS1005: '}' expected.
src/components/CodingGrid.tsx(1411,27): error TS1382: Unexpected token. Did you mean `{'>'}` or `&gt;`?
src/components/CodingGrid.tsx(1411,41): error TS1382: Unexpected token. Did you mean `{'>'}` or `&gt;`?
src/components/CodingGrid.tsx(1413,33): error TS1005: '}' expected.
src/components/CodingGrid.tsx(1413,65): error TS1381: Unexpected token. Did you mean `{'}'}` or `&rbrace;`?
src/components/CodingGrid.tsx(1419,3): error TS1381: Unexpected token. Did you mean `{'}'}` or `&rbrace;`?
src/components/CodingGrid.tsx(1422,44): error TS1382: Unexpected token. Did you mean `{'>'}` or `&gt;`?
src/components/CodingGrid.tsx(1423,5): error TS1109: Expression expected.
src/components/CodingGrid.tsx(1430,7): error TS1109: Expression expected.
src/components/CodingGrid.tsx(1438,5): error TS1381: Unexpected token. Did you mean `{'}'}` or `&rbrace;`?
src/components/CodingGrid.tsx(1439,57): error TS1005: '}' expected.
src/components/CodingGrid.tsx(1440,5): error TS1381: Unexpected token. Did you mean `{'}'}` or `&rbrace;`?
src/components/CodingGrid.tsx(1441,35): error TS1005: '}' expected.
src/components/CodingGrid.tsx(1442,5): error TS1381: Unexpected token. Did you mean `{'}'}` or `&rbrace;`?
src/components/CodingGrid.tsx(1443,3): error TS1381: Unexpected token. Did you mean `{'}'}` or `&rbrace;`?
src/components/CodingGrid.tsx(1446,35): error TS1382: Unexpected token. Did you mean `{'>'}` or `&gt;`?
src/components/CodingGrid.tsx(1447,5): error TS1109: Expression expected.
src/components/CodingGrid.tsx(1448,41): error TS1005: '}' expected.
src/components/CodingGrid.tsx(1450,5): error TS1381: Unexpected token. Did you mean `{'}'}` or `&rbrace;`?
src/components/CodingGrid.tsx(1453,42): error TS1005: '}' expected.
src/components/CodingGrid.tsx(1455,5): error TS1381: Unexpected token. Did you mean `{'}'}` or `&rbrace;`?
src/components/CodingGrid.tsx(1464,30): error TS1005: '}' expected.
src/components/CodingGrid.tsx(1466,56): error TS1382: Unexpected token. Did you mean `{'>'}` or `&gt;`?
src/components/CodingGrid.tsx(1469,5): error TS1381: Unexpected token. Did you mean `{'}'}` or `&rbrace;`?
src/components/CodingGrid.tsx(1470,57): error TS1005: '}' expected.
src/components/CodingGrid.tsx(1473,5): error TS1381: Unexpected token. Did you mean `{'}'}` or `&rbrace;`?
src/components/CodingGrid.tsx(1474,3): error TS1381: Unexpected token. Did you mean `{'}'}` or `&rbrace;`?
src/components/CodingGrid.tsx(1477,56): error TS1382: Unexpected token. Did you mean `{'>'}` or `&gt;`?
src/components/CodingGrid.tsx(1478,64): error TS1005: '}' expected.
src/components/CodingGrid.tsx(1479,32): error TS1382: Unexpected token. Did you mean `{'>'}` or `&gt;`?
src/components/CodingGrid.tsx(1479,56): error TS1005: '}' expected.
src/components/CodingGrid.tsx(1479,63): error TS1381: Unexpected token. Did you mean `{'}'}` or `&rbrace;`?
src/components/CodingGrid.tsx(1491,9): error TS1005: '}' expected.
src/components/CodingGrid.tsx(1492,5): error TS1381: Unexpected token. Did you mean `{'}'}` or `&rbrace;`?
src/components/CodingGrid.tsx(1493,91): error TS1005: '}' expected.
src/components/CodingGrid.tsx(1494,34): error TS1382: Unexpected token. Did you mean `{'>'}` or `&gt;`?
src/components/CodingGrid.tsx(1494,58): error TS1005: '}' expected.
src/components/CodingGrid.tsx(1494,66): error TS1381: Unexpected token. Did you mean `{'}'}` or `&rbrace;`?
src/components/CodingGrid.tsx(1495,5): error TS1381: Unexpected token. Did you mean `{'}'}` or `&rbrace;`?
src/components/CodingGrid.tsx(1496,3): error TS1381: Unexpected token. Did you mean `{'}'}` or `&rbrace;`?
src/components/CodingGrid.tsx(1499,51): error TS1382: Unexpected token. Did you mean `{'>'}` or `&gt;`?
src/components/CodingGrid.tsx(1500,5): error TS1109: Expression expected.
src/components/CodingGrid.tsx(1504,58): error TS1005: '}' expected.
src/components/CodingGrid.tsx(1506,5): error TS1381: Unexpected token. Did you mean `{'}'}` or `&rbrace;`?
src/components/CodingGrid.tsx(1513,56): error TS1005: '}' expected.
src/components/CodingGrid.tsx(1515,5): error TS1381: Unexpected token. Did you mean `{'}'}` or `&rbrace;`?
src/components/CodingGrid.tsx(1523,64): error TS1005: '}' expected.
src/components/CodingGrid.tsx(1528,47): error TS1005: '}' expected.
src/components/CodingGrid.tsx(1528,61): error TS1381: Unexpected token. Did you mean `{'}'}` or `&rbrace;`?
src/components/CodingGrid.tsx(1529,5): error TS1381: Unexpected token. Did you mean `{'}'}` or `&rbrace;`?
src/components/CodingGrid.tsx(1530,63): error TS1005: '}' expected.
src/components/CodingGrid.tsx(1531,5): error TS1381: Unexpected token. Did you mean `{'}'}` or `&rbrace;`?
src/components/CodingGrid.tsx(1532,35): error TS1005: '}' expected.
src/components/CodingGrid.tsx(1534,5): error TS1381: Unexpected token. Did you mean `{'}'}` or `&rbrace;`?
src/components/CodingGrid.tsx(1535,3): error TS1381: Unexpected token. Did you mean `{'}'}` or `&rbrace;`?
src/components/CodingGrid.tsx(1539,5): error TS1109: Expression expected.
src/components/CodingGrid.tsx(1542,28): error TS1382: Unexpected token. Did you mean `{'>'}` or `&gt;`?
src/components/CodingGrid.tsx(1547,21): error TS1005: '}' expected.
src/components/CodingGrid.tsx(1551,5): error TS1381: Unexpected token. Did you mean `{'}'}` or `&rbrace;`?
src/components/CodingGrid.tsx(1553,27): error TS1382: Unexpected token. Did you mean `{'>'}` or `&gt;`?
src/components/CodingGrid.tsx(1554,19): error TS1382: Unexpected token. Did you mean `{'>'}` or `&gt;`?
src/components/CodingGrid.tsx(1564,7): error TS1109: Expression expected.
src/components/CodingGrid.tsx(1567,25): error TS1005: '}' expected.
src/components/CodingGrid.tsx(1571,9): error TS1381: Unexpected token. Did you mean `{'}'}` or `&rbrace;`?
src/components/CodingGrid.tsx(1575,54): error TS1005: '}' expected.
src/components/CodingGrid.tsx(1576,31): error TS1382: Unexpected token. Did you mean `{'>'}` or `&gt;`?
src/components/CodingGrid.tsx(1577,23): error TS1382: Unexpected token. Did you mean `{'>'}` or `&gt;`?
src/components/CodingGrid.tsx(1579,7): error TS1381: Unexpected token. Did you mean `{'}'}` or `&rbrace;`?
src/components/CodingGrid.tsx(1580,5): error TS1381: Unexpected token. Did you mean `{'}'}` or `&rbrace;`?
src/components/CodingGrid.tsx(1581,49): error TS1005: '}' expected.
src/components/CodingGrid.tsx(1582,29): error TS1382: Unexpected token. Did you mean `{'>'}` or `&gt;`?
src/components/CodingGrid.tsx(1583,21): error TS1382: Unexpected token. Did you mean `{'>'}` or `&gt;`?
src/components/CodingGrid.tsx(1585,5): error TS1381: Unexpected token. Did you mean `{'}'}` or `&rbrace;`?
src/components/CodingGrid.tsx(1589,7): error TS1109: Expression expected.
src/components/CodingGrid.tsx(1589,19): error TS1005: '}' expected.
src/components/CodingGrid.tsx(1589,48): error TS1381: Unexpected token. Did you mean `{'}'}` or `&rbrace;`?
src/components/CodingGrid.tsx(1603,9): error TS1109: Expression expected.
src/components/CodingGrid.tsx(1605,24): error TS1005: '}' expected.
src/components/CodingGrid.tsx(1607,32): error TS1382: Unexpected token. Did you mean `{'>'}` or `&gt;`?
src/components/CodingGrid.tsx(1610,9): error TS1381: Unexpected token. Did you mean `{'}'}` or `&rbrace;`?
src/components/CodingGrid.tsx(1612,31): error TS1382: Unexpected token. Did you mean `{'>'}` or `&gt;`?
src/components/CodingGrid.tsx(1613,23): error TS1382: Unexpected token. Did you mean `{'>'}` or `&gt;`?
src/components/CodingGrid.tsx(1615,7): error TS1381: Unexpected token. Did you mean `{'}'}` or `&rbrace;`?
src/components/CodingGrid.tsx(1616,5): error TS1381: Unexpected token. Did you mean `{'}'}` or `&rbrace;`?
src/components/CodingGrid.tsx(1617,71): error TS1005: '}' expected.
src/components/CodingGrid.tsx(1618,5): error TS1381: Unexpected token. Did you mean `{'}'}` or `&rbrace;`?
src/components/CodingGrid.tsx(1624,3): error TS1381: Unexpected token. Did you mean `{'}'}` or `&rbrace;`?
src/components/CodingGrid.tsx(1628,5): error TS1109: Expression expected.
src/components/CodingGrid.tsx(1631,28): error TS1382: Unexpected token. Did you mean `{'>'}` or `&gt;`?
src/components/CodingGrid.tsx(1636,21): error TS1005: '}' expected.
src/components/CodingGrid.tsx(1639,5): error TS1381: Unexpected token. Did you mean `{'}'}` or `&rbrace;`?
src/components/CodingGrid.tsx(1641,27): error TS1382: Unexpected token. Did you mean `{'>'}` or `&gt;`?
src/components/CodingGrid.tsx(1642,19): error TS1382: Unexpected token. Did you mean `{'>'}` or `&gt;`?
src/components/CodingGrid.tsx(1652,7): error TS1109: Expression expected.
src/components/CodingGrid.tsx(1655,25): error TS1005: '}' expected.
src/components/CodingGrid.tsx(1658,9): error TS1381: Unexpected token. Did you mean `{'}'}` or `&rbrace;`?
src/components/CodingGrid.tsx(1662,5): error TS1381: Unexpected token. Did you mean `{'}'}` or `&rbrace;`?
src/components/CodingGrid.tsx(1663,56): error TS1005: '}' expected.
src/components/CodingGrid.tsx(1665,5): error TS1381: Unexpected token. Did you mean `{'}'}` or `&rbrace;`?
src/components/CodingGrid.tsx(1670,7): error TS1109: Expression expected.
src/components/CodingGrid.tsx(1686,27): error TS1005: '}' expected.
src/components/CodingGrid.tsx(1687,7): error TS1381: Unexpected token. Did you mean `{'}'}` or `&rbrace;`?
src/components/CodingGrid.tsx(1688,5): error TS1381: Unexpected token. Did you mean `{'}'}` or `&rbrace;`?
src/components/CodingGrid.tsx(1689,62): error TS1005: '}' expected.
src/components/CodingGrid.tsx(1690,5): error TS1381: Unexpected token. Did you mean `{'}'}` or `&rbrace;`?
src/components/CodingGrid.tsx(1698,32): error TS1382: Unexpected token. Did you mean `{'>'}` or `&gt;`?
src/components/CodingGrid.tsx(1703,20): error TS1005: '}' expected.
src/components/CodingGrid.tsx(1704,5): error TS1381: Unexpected token. Did you mean `{'}'}` or `&rbrace;`?
src/components/CodingGrid.tsx(1706,3): error TS1381: Unexpected token. Did you mean `{'}'}` or `&rbrace;`?
src/components/CodingGrid.tsx(1711,9): error TS1005: '}' expected.
src/components/CodingGrid.tsx(1715,7): error TS1109: Expression expected.
src/components/CodingGrid.tsx(1719,30): error TS1382: Unexpected token. Did you mean `{'>'}` or `&gt;`?
src/components/CodingGrid.tsx(1725,10): error TS1005: '}' expected.
src/components/CodingGrid.tsx(1726,7): error TS1381: Unexpected token. Did you mean `{'}'}` or `&rbrace;`?
src/components/CodingGrid.tsx(1727,5): error TS1381: Unexpected token. Did you mean `{'}'}` or `&rbrace;`?
src/components/CodingGrid.tsx(1727,35): error TS1382: Unexpected token. Did you mean `{'>'}` or `&gt;`?
src/components/CodingGrid.tsx(1729,32): error TS1005: '}' expected.
src/components/CodingGrid.tsx(1730,5): error TS1381: Unexpected token. Did you mean `{'}'}` or `&rbrace;`?
src/components/CodingGrid.tsx(1733,28): error TS1382: Unexpected token. Did you mean `{'>'}` or `&gt;`?
src/components/CodingGrid.tsx(1736,9): error TS1005: '}' expected.
src/components/CodingGrid.tsx(1741,5): error TS1381: Unexpected token. Did you mean `{'}'}` or `&rbrace;`?
src/components/CodingGrid.tsx(1745,9): error TS1005: '}' expected.
src/components/CodingGrid.tsx(1746,5): error TS1381: Unexpected token. Did you mean `{'}'}` or `&rbrace;`?
src/components/CodingGrid.tsx(1751,15): error TS1005: '}' expected.
src/components/CodingGrid.tsx(1752,5): error TS1381: Unexpected token. Did you mean `{'}'}` or `&rbrace;`?
src/components/CodingGrid.tsx(1757,7): error TS1109: Expression expected.
src/components/CodingGrid.tsx(1757,51): error TS1382: Unexpected token. Did you mean `{'>'}` or `&gt;`?
src/components/CodingGrid.tsx(1760,48): error TS1005: '}' expected.
src/components/CodingGrid.tsx(1762,7): error TS1381: Unexpected token. Did you mean `{'}'}` or `&rbrace;`?
src/components/CodingGrid.tsx(1764,19): error TS1005: '}' expected.
src/components/CodingGrid.tsx(1764,43): error TS1381: Unexpected token. Did you mean `{'}'}` or `&rbrace;`?
src/components/CodingGrid.tsx(1778,58): error TS1005: '}' expected.
src/components/CodingGrid.tsx(1780,7): error TS1381: Unexpected token. Did you mean `{'}'}` or `&rbrace;`?
src/components/CodingGrid.tsx(1783,61): error TS1382: Unexpected token. Did you mean `{'>'}` or `&gt;`?
src/components/CodingGrid.tsx(1785,22): error TS1005: '}' expected.
src/components/CodingGrid.tsx(1785,60): error TS1382: Unexpected token. Did you mean `{'>'}` or `&gt;`?
src/components/CodingGrid.tsx(1786,7): error TS1381: Unexpected token. Did you mean `{'}'}` or `&rbrace;`?
src/components/CodingGrid.tsx(1790,29): error TS1382: Unexpected token. Did you mean `{'>'}` or `&gt;`?
src/components/CodingGrid.tsx(1791,26): error TS1382: Unexpected token. Did you mean `{'>'}` or `&gt;`?
src/components/CodingGrid.tsx(1792,11): error TS1109: Expression expected.
src/components/CodingGrid.tsx(1792,61): error TS1382: Unexpected token. Did you mean `{'>'}` or `&gt;`?
src/components/CodingGrid.tsx(1794,9): error TS1381: Unexpected token. Did you mean `{'}'}` or `&rbrace;`?
src/components/CodingGrid.tsx(1801,5): error TS1381: Unexpected token. Did you mean `{'}'}` or `&rbrace;`?
src/components/CodingGrid.tsx(1802,54): error TS1005: '}' expected.
src/components/CodingGrid.tsx(1803,5): error TS1381: Unexpected token. Did you mean `{'}'}` or `&rbrace;`?
src/components/CodingGrid.tsx(1807,3): error TS1381: Unexpected token. Did you mean `{'}'}` or `&rbrace;`?
src/components/CodingGrid.tsx(1811,5): error TS1109: Expression expected.
src/components/CodingGrid.tsx(1814,11): error TS1005: '}' expected.
src/components/CodingGrid.tsx(1820,5): error TS1381: Unexpected token. Did you mean `{'}'}` or `&rbrace;`?
src/components/CodingGrid.tsx(1821,3): error TS1381: Unexpected token. Did you mean `{'}'}` or `&rbrace;`?
src/components/CodingGrid.tsx(1825,5): error TS1109: Expression expected.
src/components/CodingGrid.tsx(1833,19): error TS1003: Identifier expected.
src/components/CodingGrid.tsx(1834,19): error TS1003: Identifier expected.
src/components/CodingGrid.tsx(1835,17): error TS1003: Identifier expected.
src/components/CodingGrid.tsx(1836,16): error TS1003: Identifier expected.
src/components/CodingGrid.tsx(1838,3): error TS1381: Unexpected token. Did you mean `{'}'}` or `&rbrace;`?
src/components/CodingGrid.tsx(1842,5): error TS1109: Expression expected.
src/components/CodingGrid.tsx(1842,20): error TS1382: Unexpected token. Did you mean `{'>'}` or `&gt;`?
src/components/CodingGrid.tsx(1844,7): error TS1109: Expression expected.
src/components/CodingGrid.tsx(1845,5): error TS1381: Unexpected token. Did you mean `{'}'}` or `&rbrace;`?
src/components/CodingGrid.tsx(1846,20): error TS1382: Unexpected token. Did you mean `{'>'}` or `&gt;`?
src/components/CodingGrid.tsx(1848,7): error TS1109: Expression expected.
src/components/CodingGrid.tsx(1849,5): error TS1381: Unexpected token. Did you mean `{'}'}` or `&rbrace;`?
src/components/CodingGrid.tsx(1850,20): error TS1382: Unexpected token. Did you mean `{'>'}` or `&gt;`?
src/components/CodingGrid.tsx(1852,7): error TS1109: Expression expected.
src/components/CodingGrid.tsx(1853,5): error TS1381: Unexpected token. Did you mean `{'}'}` or `&rbrace;`?
src/components/CodingGrid.tsx(1854,25): error TS1003: Identifier expected.
src/components/CodingGrid.tsx(1856,3): error TS1381: Unexpected token. Did you mean `{'}'}` or `&rbrace;`?
src/components/CodingGrid.tsx(1860,5): error TS1109: Expression expected.
src/components/CodingGrid.tsx(1860,20): error TS1382: Unexpected token. Did you mean `{'>'}` or `&gt;`?
src/components/CodingGrid.tsx(1861,20): error TS1382: Unexpected token. Did you mean `{'>'}` or `&gt;`?
src/components/CodingGrid.tsx(1862,20): error TS1382: Unexpected token. Did you mean `{'>'}` or `&gt;`?
src/components/CodingGrid.tsx(1864,3): error TS1381: Unexpected token. Did you mean `{'}'}` or `&rbrace;`?
src/components/CodingGrid.tsx(1872,11): error TS1005: '}' expected.
src/components/CodingGrid.tsx(1875,3): error TS1381: Unexpected token. Did you mean `{'}'}` or `&rbrace;`?
src/components/CodingGrid.tsx(1876,5): error TS1109: Expression expected.
src/components/CodingGrid.tsx(1877,25): error TS1005: '}' expected.
src/components/CodingGrid.tsx(1877,37): error TS1381: Unexpected token. Did you mean `{'}'}` or `&rbrace;`?
src/components/CodingGrid.tsx(1879,29): error TS1382: Unexpected token. Did you mean `{'>'}` or `&gt;`?
src/components/CodingGrid.tsx(1880,43): error TS1005: '}' expected.
src/components/CodingGrid.tsx(1881,5): error TS1381: Unexpected token. Did you mean `{'}'}` or `&rbrace;`?
src/components/CodingGrid.tsx(1883,34): error TS1003: Identifier expected.
src/components/CodingGrid.tsx(1883,42): error TS1382: Unexpected token. Did you mean `{'>'}` or `&gt;`?
src/components/CodingGrid.tsx(1884,12): error TS1005: '}' expected.
src/components/CodingGrid.tsx(1889,5): error TS1381: Unexpected token. Did you mean `{'}'}` or `&rbrace;`?
src/components/CodingGrid.tsx(1905,3): error TS1381: Unexpected token. Did you mean `{'}'}` or `&rbrace;`?
src/components/CodingGrid.tsx(2851,1): error TS1381: Unexpected token. Did you mean `{'}'}` or `&rbrace;`?
src/components/CodingGrid.tsx(2854,59): error TS1005: '}' expected.
src/components/CodingGrid.tsx(2854,89): error TS1381: Unexpected token. Did you mean `{'}'}` or `&rbrace;`?
src/components/CodingGrid.tsx(2855,3): error TS1109: Expression expected.
src/components/CodingGrid.tsx(2865,1): error TS1381: Unexpected token. Did you mean `{'}'}` or `&rbrace;`?
src/components/CodingGrid.tsx(2865,2): error TS1005: '</' expected.
src/components/CodingGrid/cells/index.ts(1,55): error TS1005: '>' expected.
src/components/CodingGrid/cells/index.ts(1,60): error TS1005: '{' expected.
src/components/CodingGrid/cells/index.ts(1,72): error TS1005: ';' expected.
src/components/CodingGrid/cells/index.ts(1,108): error TS1005: '>' expected.
src/components/CodingGrid/cells/index.ts(1,113): error TS1005: '{' expected.
src/components/CodingGrid/cells/index.ts(1,136): error TS1005: ';' expected.
src/components/CodingGrid/cells/index.ts(2,1): error TS1109: Expression expected.
src/components/CodingGrid/hooks/index.ts(1,65): error TS1005: '>' expected.
src/components/CodingGrid/hooks/index.ts(1,70): error TS1005: '{' expected.
src/components/CodingGrid/hooks/index.ts(1,82): error TS1005: ';' expected.
src/components/CodingGrid/hooks/index.ts(1,118): error TS1005: '>' expected.
src/components/CodingGrid/hooks/index.ts(1,123): error TS1005: '{' expected.
src/components/CodingGrid/hooks/index.ts(1,146): error TS1005: ';' expected.
src/components/CodingGrid/hooks/index.ts(2,1): error TS1109: Expression expected.
src/components/CodingGrid/hooks/useAnswerActions.ts(1,53): error TS1005: '>' expected.
src/components/CodingGrid/hooks/useAnswerActions.ts(1,58): error TS1005: '{' expected.
src/components/CodingGrid/hooks/useAnswerActions.ts(1,70): error TS1005: ';' expected.
src/components/CodingGrid/hooks/useAnswerActions.ts(1,106): error TS1005: '>' expected.
src/components/CodingGrid/hooks/useAnswerActions.ts(1,111): error TS1005: '{' expected.
src/components/CodingGrid/hooks/useAnswerActions.ts(1,134): error TS1005: ';' expected.
src/components/CodingGrid/hooks/useAnswerActions.ts(2,1): error TS1109: Expression expected.
src/components/CodingGrid/hooks/useAnswerFiltering.ts(1,49): error TS1005: '>' expected.
src/components/CodingGrid/hooks/useAnswerFiltering.ts(1,54): error TS1005: '{' expected.
src/components/CodingGrid/hooks/useAnswerFiltering.ts(1,66): error TS1005: ';' expected.
src/components/CodingGrid/hooks/useAnswerFiltering.ts(1,102): error TS1005: '>' expected.
src/components/CodingGrid/hooks/useAnswerFiltering.ts(1,107): error TS1005: '{' expected.
src/components/CodingGrid/hooks/useAnswerFiltering.ts(1,130): error TS1005: ';' expected.
src/components/CodingGrid/hooks/useAnswerFiltering.ts(2,1): error TS1109: Expression expected.
src/components/CodingGrid/hooks/useCodeManagement.ts(1,59): error TS1005: '>' expected.
src/components/CodingGrid/hooks/useCodeManagement.ts(1,64): error TS1005: '{' expected.
src/components/CodingGrid/hooks/useCodeManagement.ts(1,76): error TS1005: ';' expected.
src/components/CodingGrid/hooks/useCodeManagement.ts(1,112): error TS1005: '>' expected.
src/components/CodingGrid/hooks/useCodeManagement.ts(1,117): error TS1005: '{' expected.
src/components/CodingGrid/hooks/useCodeManagement.ts(1,140): error TS1005: ';' expected.
src/components/CodingGrid/hooks/useCodeManagement.ts(2,1): error TS1109: Expression expected.
src/components/CodingGrid/hooks/useCodingGridState.ts(1,53): error TS1005: '>' expected.
src/components/CodingGrid/hooks/useCodingGridState.ts(1,58): error TS1005: '{' expected.
src/components/CodingGrid/hooks/useCodingGridState.ts(1,70): error TS1005: ';' expected.
src/components/CodingGrid/hooks/useCodingGridState.ts(1,106): error TS1005: '>' expected.
src/components/CodingGrid/hooks/useCodingGridState.ts(1,111): error TS1005: '{' expected.
src/components/CodingGrid/hooks/useCodingGridState.ts(1,134): error TS1005: ';' expected.
src/components/CodingGrid/hooks/useCodingGridState.ts(2,1): error TS1109: Expression expected.
src/components/CodingGrid/hooks/useKeyboardShortcuts.ts(1,54): error TS1005: '>' expected.
src/components/CodingGrid/hooks/useKeyboardShortcuts.ts(1,59): error TS1005: '{' expected.
src/components/CodingGrid/hooks/useKeyboardShortcuts.ts(1,71): error TS1005: ';' expected.
src/components/CodingGrid/hooks/useKeyboardShortcuts.ts(1,107): error TS1005: '>' expected.
src/components/CodingGrid/hooks/useKeyboardShortcuts.ts(1,112): error TS1005: '{' expected.
src/components/CodingGrid/hooks/useKeyboardShortcuts.ts(1,135): error TS1005: ';' expected.
src/components/CodingGrid/hooks/useKeyboardShortcuts.ts(2,1): error TS1109: Expression expected.
src/components/CodingGrid/hooks/useModalManagement.ts(1,53): error TS1005: '>' expected.
src/components/CodingGrid/hooks/useModalManagement.ts(1,58): error TS1005: '{' expected.
src/components/CodingGrid/hooks/useModalManagement.ts(1,70): error TS1005: ';' expected.
src/components/CodingGrid/hooks/useModalManagement.ts(1,106): error TS1005: '>' expected.
src/components/CodingGrid/hooks/useModalManagement.ts(1,111): error TS1005: '{' expected.
src/components/CodingGrid/hooks/useModalManagement.ts(1,134): error TS1005: ';' expected.
src/components/CodingGrid/hooks/useModalManagement.ts(2,1): error TS1109: Expression expected.
src/components/CodingGrid/rows/index.ts(1,49): error TS1005: '>' expected.
src/components/CodingGrid/rows/index.ts(1,54): error TS1005: '{' expected.
src/components/CodingGrid/rows/index.ts(1,66): error TS1005: ';' expected.
src/components/CodingGrid/rows/index.ts(1,102): error TS1005: '>' expected.
src/components/CodingGrid/rows/index.ts(1,107): error TS1005: '{' expected.
src/components/CodingGrid/rows/index.ts(1,130): error TS1005: ';' expected.
src/components/CodingGrid/rows/index.ts(2,1): error TS1109: Expression expected.
src/components/CodingGrid/toolbars/index.ts(1,67): error TS1005: '>' expected.
src/components/CodingGrid/toolbars/index.ts(1,72): error TS1005: '{' expected.
src/components/CodingGrid/toolbars/index.ts(1,84): error TS1005: ';' expected.
src/components/CodingGrid/toolbars/index.ts(1,120): error TS1005: '>' expected.
src/components/CodingGrid/toolbars/index.ts(1,125): error TS1005: '{' expected.
src/components/CodingGrid/toolbars/index.ts(1,148): error TS1005: ';' expected.
src/components/CodingGrid/toolbars/index.ts(2,1): error TS1109: Expression expected.
src/components/CodingPageHeader.tsx(1,46): error TS17008: JSX element 'span' has no corresponding closing tag.
src/components/CodingPageHeader.tsx(1,99): error TS17008: JSX element 'span' has no corresponding closing tag.
src/components/CodingPageHeader.tsx(5,21): error TS1109: Expression expected.
src/components/CodingPageHeader.tsx(5,29): error TS1005: '}' expected.
src/components/CodingPageHeader.tsx(6,1): error TS1381: Unexpected token. Did you mean `{'}'}` or `&rbrace;`?
src/components/CodingPageHeader.tsx(9,3): error TS1109: Expression expected.
src/components/CodingPageHeader.tsx(11,17): error TS1382: Unexpected token. Did you mean `{'>'}` or `&gt;`?
src/components/CodingPageHeader.tsx(31,5): error TS1005: '}' expected.
src/components/CodingPageHeader.tsx(32,3): error TS1381: Unexpected token. Did you mean `{'}'}` or `&rbrace;`?
src/components/CodingPageHeader.tsx(43,1): error TS1381: Unexpected token. Did you mean `{'}'}` or `&rbrace;`?
src/components/CodingPageHeader.tsx(43,2): error TS1005: '</' expected.
src/components/ConfidenceIndicator.tsx(1,28): error TS17008: JSX element 'span' has no corresponding closing tag.
src/components/ConfidenceIndicator.tsx(1,81): error TS17008: JSX element 'span' has no corresponding closing tag.
src/components/ConfidenceIndicator.tsx(5,13): error TS1005: '}' expected.
src/components/ConfidenceIndicator.tsx(9,1): error TS1381: Unexpected token. Did you mean `{'}'}` or `&rbrace;`?
src/components/ConfidenceIndicator.tsx(17,3): error TS1109: Expression expected.
src/components/ConfidenceIndicator.tsx(17,24): error TS1382: Unexpected token. Did you mean `{'>'}` or `&gt;`?
src/components/ConfidenceIndicator.tsx(18,5): error TS1109: Expression expected.
src/components/ConfidenceIndicator.tsx(18,20): error TS1382: Unexpected token. Did you mean `{'>'}` or `&gt;`?
src/components/ConfidenceIndicator.tsx(19,20): error TS1382: Unexpected token. Did you mean `{'>'}` or `&gt;`?
src/components/ConfidenceIndicator.tsx(21,3): error TS1381: Unexpected token. Did you mean `{'}'}` or `&rbrace;`?
src/components/ConfidenceIndicator.tsx(23,23): error TS1382: Unexpected token. Did you mean `{'>'}` or `&gt;`?
src/components/ConfidenceIndicator.tsx(24,5): error TS1109: Expression expected.
src/components/ConfidenceIndicator.tsx(25,20): error TS1382: Unexpected token. Did you mean `{'>'}` or `&gt;`?
src/components/ConfidenceIndicator.tsx(26,20): error TS1382: Unexpected token. Did you mean `{'>'}` or `&gt;`?
src/components/ConfidenceIndicator.tsx(28,3): error TS1381: Unexpected token. Did you mean `{'}'}` or `&rbrace;`?
src/components/ConfidenceIndicator.tsx(30,24): error TS1382: Unexpected token. Did you mean `{'>'}` or `&gt;`?
src/components/ConfidenceIndicator.tsx(31,5): error TS1109: Expression expected.
src/components/ConfidenceIndicator.tsx(31,20): error TS1382: Unexpected token. Did you mean `{'>'}` or `&gt;`?
src/components/ConfidenceIndicator.tsx(32,20): error TS1382: Unexpected token. Did you mean `{'>'}` or `&gt;`?
src/components/ConfidenceIndicator.tsx(34,3): error TS1381: Unexpected token. Did you mean `{'}'}` or `&rbrace;`?
src/components/ConfidenceIndicator.tsx(38,7): error TS1005: '}' expected.
src/components/ConfidenceIndicator.tsx(41,3): error TS1381: Unexpected token. Did you mean `{'}'}` or `&rbrace;`?
src/components/ConfidenceIndicator.tsx(60,1): error TS1381: Unexpected token. Did you mean `{'}'}` or `&rbrace;`?
src/components/ConfidenceIndicator.tsx(60,2): error TS1005: '</' expected.
src/components/EditCategoryModal.tsx(1,46): error TS17008: JSX element 'span' has no corresponding closing tag.
src/components/EditCategoryModal.tsx(1,99): error TS17008: JSX element 'span' has no corresponding closing tag.
src/components/EditCategoryModal.tsx(6,11): error TS1005: '}' expected.
src/components/EditCategoryModal.tsx(7,7): error TS1005: '}' expected.
src/components/EditCategoryModal.tsx(12,3): error TS1381: Unexpected token. Did you mean `{'}'}` or `&rbrace;`?
src/components/EditCategoryModal.tsx(13,16): error TS1382: Unexpected token. Did you mean `{'>'}` or `&gt;`?
src/components/EditCategoryModal.tsx(15,9): error TS1005: '}' expected.
src/components/EditCategoryModal.tsx(24,3): error TS1381: Unexpected token. Did you mean `{'}'}` or `&rbrace;`?
src/components/EditCategoryModal.tsx(24,7): error TS1382: Unexpected token. Did you mean `{'>'}` or `&gt;`?
src/components/EditCategoryModal.tsx(24,17): error TS17008: JSX element 'void' has no corresponding closing tag.
src/components/EditCategoryModal.tsx(25,1): error TS1381: Unexpected token. Did you mean `{'}'}` or `&rbrace;`?
src/components/EditCategoryModal.tsx(28,3): error TS1109: Expression expected.
src/components/EditCategoryModal.tsx(31,17): error TS1382: Unexpected token. Did you mean `{'>'}` or `&gt;`?
src/components/EditCategoryModal.tsx(32,40): error TS1005: '}' expected.
src/components/EditCategoryModal.tsx(33,16): error TS1382: Unexpected token. Did you mean `{'>'}` or `&gt;`?
src/components/EditCategoryModal.tsx(34,3): error TS1381: Unexpected token. Did you mean `{'}'}` or `&rbrace;`?
src/components/EditCategoryModal.tsx(37,17): error TS1382: Unexpected token. Did you mean `{'>'}` or `&gt;`?
src/components/EditCategoryModal.tsx(38,5): error TS1109: Expression expected.
src/components/EditCategoryModal.tsx(38,46): error TS1382: Unexpected token. Did you mean `{'>'}` or `&gt;`?
src/components/EditCategoryModal.tsx(39,7): error TS1109: Expression expected.
src/components/EditCategoryModal.tsx(40,18): error TS1005: '}' expected.
src/components/EditCategoryModal.tsx(41,7): error TS1381: Unexpected token. Did you mean `{'}'}` or `&rbrace;`?
src/components/EditCategoryModal.tsx(42,5): error TS1381: Unexpected token. Did you mean `{'}'}` or `&rbrace;`?
src/components/EditCategoryModal.tsx(45,16): error TS1382: Unexpected token. Did you mean `{'>'}` or `&gt;`?
src/components/EditCategoryModal.tsx(46,3): error TS1381: Unexpected token. Did you mean `{'}'}` or `&rbrace;`?
src/components/EditCategoryModal.tsx(49,9): error TS1005: '}' expected.
src/components/EditCategoryModal.tsx(58,3): error TS1381: Unexpected token. Did you mean `{'}'}` or `&rbrace;`?
src/components/EditCategoryModal.tsx(73,50): error TS1382: Unexpected token. Did you mean `{'>'}` or `&gt;`?
src/components/EditCategoryModal.tsx(74,33): error TS1005: '}' expected.
src/components/EditCategoryModal.tsx(77,3): error TS1381: Unexpected token. Did you mean `{'}'}` or `&rbrace;`?
src/components/EditCategoryModal.tsx(261,1): error TS1381: Unexpected token. Did you mean `{'}'}` or `&rbrace;`?
src/components/EditCategoryModal.tsx(261,2): error TS1005: '</' expected.
src/components/ErrorBoundary.tsx(1,47): error TS17008: JSX element 'span' has no corresponding closing tag.
src/components/ErrorBoundary.tsx(1,100): error TS17008: JSX element 'span' has no corresponding closing tag.
src/components/ErrorBoundary.tsx(5,11): error TS1005: '}' expected.
src/components/ErrorBoundary.tsx(7,45): error TS1382: Unexpected token. Did you mean `{'>'}` or `&gt;`?
src/components/ErrorBoundary.tsx(8,1): error TS1381: Unexpected token. Did you mean `{'}'}` or `&rbrace;`?
src/components/ErrorBoundary.tsx(11,11): error TS1005: '}' expected.
src/components/ErrorBoundary.tsx(14,1): error TS1381: Unexpected token. Did you mean `{'}'}` or `&rbrace;`?
src/components/ErrorBoundary.tsx(16,51): error TS1003: Identifier expected.
src/components/ErrorBoundary.tsx(16,58): error TS1382: Unexpected token. Did you mean `{'>'}` or `&gt;`?
src/components/ErrorBoundary.tsx(17,20): error TS1005: ',' expected.
src/components/ErrorBoundary.tsx(18,17): error TS1005: '}' expected.
src/components/ErrorBoundary.tsx(19,28): error TS1005: '}' expected.
src/components/ErrorBoundary.tsx(19,36): error TS1381: Unexpected token. Did you mean `{'}'}` or `&rbrace;`?
src/components/ErrorBoundary.tsx(20,3): error TS1381: Unexpected token. Did you mean `{'}'}` or `&rbrace;`?
src/components/ErrorBoundary.tsx(23,5): error TS1109: Expression expected.
src/components/ErrorBoundary.tsx(23,22): error TS1005: '}' expected.
src/components/ErrorBoundary.tsx(23,36): error TS1381: Unexpected token. Did you mean `{'}'}` or `&rbrace;`?
src/components/ErrorBoundary.tsx(24,3): error TS1381: Unexpected token. Did you mean `{'}'}` or `&rbrace;`?
src/components/ErrorBoundary.tsx(28,57): error TS1005: '}' expected.
src/components/ErrorBoundary.tsx(38,3): error TS1381: Unexpected token. Did you mean `{'}'}` or `&rbrace;`?
src/components/ErrorBoundary.tsx(40,21): error TS1382: Unexpected token. Did you mean `{'>'}` or `&gt;`?
src/components/ErrorBoundary.tsx(41,79): error TS1005: '}' expected.
src/components/ErrorBoundary.tsx(42,3): error TS1381: Unexpected token. Did you mean `{'}'}` or `&rbrace;`?
src/components/ErrorBoundary.tsx(45,5): error TS1109: Expression expected.
src/components/ErrorBoundary.tsx(47,7): error TS1109: Expression expected.
src/components/ErrorBoundary.tsx(48,9): error TS1109: Expression expected.
src/components/ErrorBoundary.tsx(49,7): error TS1381: Unexpected token. Did you mean `{'}'}` or `&rbrace;`?
src/components/ErrorBoundary.tsx(118,5): error TS1381: Unexpected token. Did you mean `{'}'}` or `&rbrace;`?
src/components/ErrorBoundary.tsx(121,3): error TS1381: Unexpected token. Did you mean `{'}'}` or `&rbrace;`?
src/components/ErrorBoundary.tsx(122,1): error TS1381: Unexpected token. Did you mean `{'}'}` or `&rbrace;`?
src/components/ErrorBoundary.tsx(122,2): error TS1005: '</' expected.
src/components/ErrorLogsViewer.tsx(1,35): error TS17008: JSX element 'span' has no corresponding closing tag.
src/components/ErrorLogsViewer.tsx(1,88): error TS17008: JSX element 'span' has no corresponding closing tag.
src/components/ErrorLogsViewer.tsx(6,3): error TS1109: Expression expected.
src/components/ErrorLogsViewer.tsx(11,27): error TS1382: Unexpected token. Did you mean `{'>'}` or `&gt;`?
src/components/ErrorLogsViewer.tsx(12,28): error TS1005: '}' expected.
src/components/ErrorLogsViewer.tsx(14,3): error TS1381: Unexpected token. Did you mean `{'}'}` or `&rbrace;`?
src/components/ErrorLogsViewer.tsx(16,29): error TS1382: Unexpected token. Did you mean `{'>'}` or `&gt;`?
src/components/ErrorLogsViewer.tsx(17,35): error TS1005: '}' expected.
src/components/ErrorLogsViewer.tsx(18,3): error TS1381: Unexpected token. Did you mean `{'}'}` or `&rbrace;`?
src/components/ErrorLogsViewer.tsx(121,1): error TS1381: Unexpected token. Did you mean `{'}'}` or `&rbrace;`?
src/components/ErrorLogsViewer.tsx(121,2): error TS1005: '</' expected.
src/components/ExportImportModal.tsx(1,42): error TS17008: JSX element 'span' has no corresponding closing tag.
src/components/ExportImportModal.tsx(1,95): error TS17008: JSX element 'span' has no corresponding closing tag.
src/components/ExportImportModal.tsx(3,29): error TS1005: '}' expected.
src/components/ExportImportModal.tsx(3,43): error TS1381: Unexpected token. Did you mean `{'}'}` or `&rbrace;`?
src/components/ExportImportModal.tsx(9,10): error TS1005: '}' expected.
src/components/ExportImportModal.tsx(9,16): error TS1382: Unexpected token. Did you mean `{'>'}` or `&gt;`?
src/components/ExportImportModal.tsx(11,1): error TS1381: Unexpected token. Did you mean `{'}'}` or `&rbrace;`?
src/components/ExportImportModal.tsx(14,3): error TS1109: Expression expected.
src/components/ExportImportModal.tsx(14,46): error TS1003: Identifier expected.
src/components/ExportImportModal.tsx(14,65): error TS1382: Unexpected token. Did you mean `{'>'}` or `&gt;`?
src/components/ExportImportModal.tsx(15,54): error TS17008: JSX element 'ExportOptions' has no corresponding closing tag.
src/components/ExportImportModal.tsx(16,11): error TS1005: '}' expected.
src/components/ExportImportModal.tsx(22,3): error TS1381: Unexpected token. Did you mean `{'}'}` or `&rbrace;`?
src/components/ExportImportModal.tsx(23,56): error TS1003: Identifier expected.
src/components/ExportImportModal.tsx(23,75): error TS1382: Unexpected token. Did you mean `{'>'}` or `&gt;`?
src/components/ExportImportModal.tsx(30,34): error TS1382: Unexpected token. Did you mean `{'>'}` or `&gt;`?
src/components/ExportImportModal.tsx(31,23): error TS1005: '}' expected.
src/components/ExportImportModal.tsx(33,7): error TS1109: Expression expected.
src/components/ExportImportModal.tsx(35,5): error TS1381: Unexpected token. Did you mean `{'}'}` or `&rbrace;`?
src/components/ExportImportModal.tsx(36,44): error TS1005: '}' expected.
src/components/ExportImportModal.tsx(38,5): error TS1381: Unexpected token. Did you mean `{'}'}` or `&rbrace;`?
src/components/ExportImportModal.tsx(39,26): error TS1005: '}' expected.
src/components/ExportImportModal.tsx(40,5): error TS1381: Unexpected token. Did you mean `{'}'}` or `&rbrace;`?
src/components/ExportImportModal.tsx(41,3): error TS1381: Unexpected token. Did you mean `{'}'}` or `&rbrace;`?
src/components/ExportImportModal.tsx(43,52): error TS17008: JSX element 'HTMLInputElement' has no corresponding closing tag.
src/components/ExportImportModal.tsx(43,72): error TS1382: Unexpected token. Did you mean `{'>'}` or `&gt;`?
src/components/ExportImportModal.tsx(44,5): error TS1109: Expression expected.
src/components/ExportImportModal.tsx(50,7): error TS1109: Expression expected.
src/components/ExportImportModal.tsx(52,57): error TS1005: '}' expected.
src/components/ExportImportModal.tsx(54,7): error TS1381: Unexpected token. Did you mean `{'}'}` or `&rbrace;`?
src/components/ExportImportModal.tsx(59,9): error TS1109: Expression expected.
src/components/ExportImportModal.tsx(62,34): error TS1382: Unexpected token. Did you mean `{'>'}` or `&gt;`?
src/components/ExportImportModal.tsx(63,57): error TS1005: '}' expected.
src/components/ExportImportModal.tsx(65,9): error TS1381: Unexpected token. Did you mean `{'}'}` or `&rbrace;`?
src/components/ExportImportModal.tsx(68,24): error TS1382: Unexpected token. Did you mean `{'>'}` or `&gt;`?
src/components/ExportImportModal.tsx(69,35): error TS1005: '}' expected.
src/components/ExportImportModal.tsx(70,9): error TS1381: Unexpected token. Did you mean `{'}'}` or `&rbrace;`?
src/components/ExportImportModal.tsx(71,7): error TS1381: Unexpected token. Did you mean `{'}'}` or `&rbrace;`?
src/components/ExportImportModal.tsx(72,65): error TS1005: '}' expected.
src/components/ExportImportModal.tsx(74,7): error TS1381: Unexpected token. Did you mean `{'}'}` or `&rbrace;`?
src/components/ExportImportModal.tsx(75,5): error TS1381: Unexpected token. Did you mean `{'}'}` or `&rbrace;`?
src/components/ExportImportModal.tsx(76,44): error TS1005: '}' expected.
src/components/ExportImportModal.tsx(78,5): error TS1381: Unexpected token. Did you mean `{'}'}` or `&rbrace;`?
src/components/ExportImportModal.tsx(79,26): error TS1005: '}' expected.
src/components/ExportImportModal.tsx(81,5): error TS1381: Unexpected token. Did you mean `{'}'}` or `&rbrace;`?
src/components/ExportImportModal.tsx(82,3): error TS1381: Unexpected token. Did you mean `{'}'}` or `&rbrace;`?
src/components/ExportImportModal.tsx(84,32): error TS1382: Unexpected token. Did you mean `{'>'}` or `&gt;`?
src/components/ExportImportModal.tsx(85,5): error TS1109: Expression expected.
src/components/ExportImportModal.tsx(86,13): error TS1005: '}' expected.
src/components/ExportImportModal.tsx(86,32): error TS1381: Unexpected token. Did you mean `{'}'}` or `&rbrace;`?
src/components/ExportImportModal.tsx(87,13): error TS1005: '}' expected.
src/components/ExportImportModal.tsx(87,32): error TS1381: Unexpected token. Did you mean `{'}'}` or `&rbrace;`?
src/components/ExportImportModal.tsx(88,13): error TS1005: '}' expected.
src/components/ExportImportModal.tsx(88,32): error TS1381: Unexpected token. Did you mean `{'}'}` or `&rbrace;`?
src/components/ExportImportModal.tsx(95,41): error TS1005: '}' expected.
src/components/ExportImportModal.tsx(95,69): error TS1381: Unexpected token. Did you mean `{'}'}` or `&rbrace;`?
src/components/ExportImportModal.tsx(97,11): error TS1005: '}' expected.
src/components/ExportImportModal.tsx(98,5): error TS1381: Unexpected token. Did you mean `{'}'}` or `&rbrace;`?
src/components/ExportImportModal.tsx(108,3): error TS1381: Unexpected token. Did you mean `{'}'}` or `&rbrace;`?
src/components/ExportImportModal.tsx(358,1): error TS1381: Unexpected token. Did you mean `{'}'}` or `&rbrace;`?
src/components/ExportImportModal.tsx(358,2): error TS1005: '</' expected.
src/components/filters/MultiSelectDropdown.tsx(1,54): error TS17008: JSX element 'span' has no corresponding closing tag.
src/components/filters/MultiSelectDropdown.tsx(1,107): error TS17008: JSX element 'span' has no corresponding closing tag.
src/components/filters/MultiSelectDropdown.tsx(10,8): error TS1005: '}' expected.
src/components/filters/MultiSelectDropdown.tsx(13,33): error TS1382: Unexpected token. Did you mean `{'>'}` or `&gt;`?
src/components/filters/MultiSelectDropdown.tsx(18,1): error TS1381: Unexpected token. Did you mean `{'}'}` or `&rbrace;`?
src/components/filters/MultiSelectDropdown.tsx(33,1): error TS1109: Expression expected.
src/components/filters/MultiSelectDropdown.tsx(34,3): error TS1109: Expression expected.
src/components/filters/MultiSelectDropdown.tsx(36,30): error TS17008: JSX element 'HTMLDivElement' has no corresponding closing tag.
src/components/filters/MultiSelectDropdown.tsx(37,33): error TS17008: JSX element 'HTMLInputElement' has no corresponding closing tag.
src/components/filters/MultiSelectDropdown.tsx(40,17): error TS1382: Unexpected token. Did you mean `{'>'}` or `&gt;`?
src/components/filters/MultiSelectDropdown.tsx(48,5): error TS1005: '}' expected.
src/components/filters/MultiSelectDropdown.tsx(49,65): error TS1005: '}' expected.
src/components/filters/MultiSelectDropdown.tsx(50,5): error TS1381: Unexpected token. Did you mean `{'}'}` or `&rbrace;`?
src/components/filters/MultiSelectDropdown.tsx(52,16): error TS1382: Unexpected token. Did you mean `{'>'}` or `&gt;`?
src/components/filters/MultiSelectDropdown.tsx(53,68): error TS1005: '}' expected.
src/components/filters/MultiSelectDropdown.tsx(54,5): error TS1381: Unexpected token. Did you mean `{'}'}` or `&rbrace;`?
src/components/filters/MultiSelectDropdown.tsx(55,3): error TS1381: Unexpected token. Did you mean `{'}'}` or `&rbrace;`?
src/components/filters/MultiSelectDropdown.tsx(58,17): error TS1382: Unexpected token. Did you mean `{'>'}` or `&gt;`?
src/components/filters/MultiSelectDropdown.tsx(59,5): error TS1109: Expression expected.
src/components/filters/MultiSelectDropdown.tsx(60,60): error TS1005: '}' expected.
src/components/filters/MultiSelectDropdown.tsx(61,5): error TS1381: Unexpected token. Did you mean `{'}'}` or `&rbrace;`?
src/components/filters/MultiSelectDropdown.tsx(62,3): error TS1381: Unexpected token. Did you mean `{'}'}` or `&rbrace;`?
src/components/filters/MultiSelectDropdown.tsx(65,17): error TS1382: Unexpected token. Did you mean `{'>'}` or `&gt;`?
src/components/filters/MultiSelectDropdown.tsx(73,5): error TS1005: '}' expected.
src/components/filters/MultiSelectDropdown.tsx(74,58): error TS1005: '}' expected.
src/components/filters/MultiSelectDropdown.tsx(75,5): error TS1381: Unexpected token. Did you mean `{'}'}` or `&rbrace;`?
src/components/filters/MultiSelectDropdown.tsx(77,16): error TS1382: Unexpected token. Did you mean `{'>'}` or `&gt;`?
src/components/filters/MultiSelectDropdown.tsx(78,61): error TS1005: '}' expected.
src/components/filters/MultiSelectDropdown.tsx(79,5): error TS1381: Unexpected token. Did you mean `{'}'}` or `&rbrace;`?
src/components/filters/MultiSelectDropdown.tsx(80,3): error TS1381: Unexpected token. Did you mean `{'}'}` or `&rbrace;`?
src/components/filters/MultiSelectDropdown.tsx(84,29): error TS1382: Unexpected token. Did you mean `{'>'}` or `&gt;`?
src/components/filters/MultiSelectDropdown.tsx(91,5): error TS1109: Expression expected.
src/components/filters/MultiSelectDropdown.tsx(92,52): error TS1005: '}' expected.
src/components/filters/MultiSelectDropdown.tsx(93,5): error TS1381: Unexpected token. Did you mean `{'}'}` or `&rbrace;`?
src/components/filters/MultiSelectDropdown.tsx(94,37): error TS1005: '}' expected.
src/components/filters/MultiSelectDropdown.tsx(95,5): error TS1381: Unexpected token. Did you mean `{'}'}` or `&rbrace;`?
src/components/filters/MultiSelectDropdown.tsx(96,3): error TS1381: Unexpected token. Did you mean `{'}'}` or `&rbrace;`?
src/components/filters/MultiSelectDropdown.tsx(100,5): error TS1109: Expression expected.
src/components/filters/MultiSelectDropdown.tsx(100,54): error TS1382: Unexpected token. Did you mean `{'>'}` or `&gt;`?
src/components/filters/MultiSelectDropdown.tsx(102,3): error TS1381: Unexpected token. Did you mean `{'}'}` or `&rbrace;`?
src/components/filters/MultiSelectDropdown.tsx(106,67): error TS1005: '}' expected.
src/components/filters/MultiSelectDropdown.tsx(107,3): error TS1381: Unexpected token. Did you mean `{'}'}` or `&rbrace;`?
src/components/filters/MultiSelectDropdown.tsx(111,17): error TS1005: '}' expected.
src/components/filters/MultiSelectDropdown.tsx(112,3): error TS1381: Unexpected token. Did you mean `{'}'}` or `&rbrace;`?
src/components/filters/MultiSelectDropdown.tsx(116,5): error TS1109: Expression expected.
src/components/filters/MultiSelectDropdown.tsx(120,3): error TS1381: Unexpected token. Did you mean `{'}'}` or `&rbrace;`?
src/components/filters/MultiSelectDropdown.tsx(285,1): error TS1381: Unexpected token. Did you mean `{'}'}` or `&rbrace;`?
src/components/filters/MultiSelectDropdown.tsx(285,2): error TS1005: '</' expected.
src/components/FiltersBar.tsx(1,65): error TS17008: JSX element 'span' has no corresponding closing tag.
src/components/FiltersBar.tsx(1,118): error TS17008: JSX element 'span' has no corresponding closing tag.
src/components/FiltersBar.tsx(14,10): error TS1005: '}' expected.
src/components/FiltersBar.tsx(15,11): error TS1005: '}' expected.
src/components/FiltersBar.tsx(22,3): error TS1381: Unexpected token. Did you mean `{'}'}` or `&rbrace;`?
src/components/FiltersBar.tsx(23,44): error TS1382: Unexpected token. Did you mean `{'>'}` or `&gt;`?
src/components/FiltersBar.tsx(24,20): error TS1003: Identifier expected.
src/components/FiltersBar.tsx(24,22): error TS1005: '...' expected.
src/components/FiltersBar.tsx(24,25): error TS1005: '}' expected.
src/components/FiltersBar.tsx(24,65): error TS1381: Unexpected token. Did you mean `{'}'}` or `&rbrace;`?
src/components/FiltersBar.tsx(24,66): error TS1382: Unexpected token. Did you mean `{'>'}` or `&gt;`?
src/components/FiltersBar.tsx(29,16): error TS1382: Unexpected token. Did you mean `{'>'}` or `&gt;`?
src/components/FiltersBar.tsx(30,16): error TS1382: Unexpected token. Did you mean `{'>'}` or `&gt;`?
src/components/FiltersBar.tsx(31,18): error TS1382: Unexpected token. Did you mean `{'>'}` or `&gt;`?
src/components/FiltersBar.tsx(35,23): error TS1382: Unexpected token. Did you mean `{'>'}` or `&gt;`?
src/components/FiltersBar.tsx(36,25): error TS1382: Unexpected token. Did you mean `{'>'}` or `&gt;`?
src/components/FiltersBar.tsx(39,16): error TS1382: Unexpected token. Did you mean `{'>'}` or `&gt;`?
src/components/FiltersBar.tsx(40,16): error TS1382: Unexpected token. Did you mean `{'>'}` or `&gt;`?
src/components/FiltersBar.tsx(43,1): error TS1381: Unexpected token. Did you mean `{'}'}` or `&rbrace;`?
src/components/FiltersBar.tsx(71,1): error TS1109: Expression expected.
src/components/FiltersBar.tsx(72,3): error TS1109: Expression expected.
src/components/FiltersBar.tsx(72,59): error TS1003: Identifier expected.
src/components/FiltersBar.tsx(72,65): error TS1382: Unexpected token. Did you mean `{'>'}` or `&gt;`?
src/components/FiltersBar.tsx(73,52): error TS17008: JSX element 'Record' has no corresponding closing tag.
src/components/FiltersBar.tsx(79,17): error TS1382: Unexpected token. Did you mean `{'>'}` or `&gt;`?
src/components/FiltersBar.tsx(81,5): error TS1109: Expression expected.
src/components/FiltersBar.tsx(82,37): error TS1005: '}' expected.
src/components/FiltersBar.tsx(83,5): error TS1381: Unexpected token. Did you mean `{'}'}` or `&rbrace;`?
src/components/FiltersBar.tsx(84,3): error TS1381: Unexpected token. Did you mean `{'}'}` or `&rbrace;`?
src/components/FiltersBar.tsx(87,72): error TS1382: Unexpected token. Did you mean `{'>'}` or `&gt;`?
src/components/FiltersBar.tsx(88,5): error TS1109: Expression expected.
src/components/FiltersBar.tsx(90,11): error TS1005: '}' expected.
src/components/FiltersBar.tsx(93,62): error TS1005: '}' expected.
src/components/FiltersBar.tsx(94,7): error TS1381: Unexpected token. Did you mean `{'}'}` or `&rbrace;`?
src/components/FiltersBar.tsx(95,9): error TS1109: Expression expected.
src/components/FiltersBar.tsx(96,64): error TS1005: '}' expected.
src/components/FiltersBar.tsx(97,9): error TS1381: Unexpected token. Did you mean `{'}'}` or `&rbrace;`?
src/components/FiltersBar.tsx(98,7): error TS1381: Unexpected token. Did you mean `{'}'}` or `&rbrace;`?
src/components/FiltersBar.tsx(99,9): error TS1109: Expression expected.
src/components/FiltersBar.tsx(100,63): error TS1005: '}' expected.
src/components/FiltersBar.tsx(101,9): error TS1381: Unexpected token. Did you mean `{'}'}` or `&rbrace;`?
src/components/FiltersBar.tsx(102,7): error TS1381: Unexpected token. Did you mean `{'}'}` or `&rbrace;`?
src/components/FiltersBar.tsx(105,5): error TS1381: Unexpected token. Did you mean `{'}'}` or `&rbrace;`?
src/components/FiltersBar.tsx(106,7): error TS1109: Expression expected.
src/components/FiltersBar.tsx(107,76): error TS1005: '}' expected.
src/components/FiltersBar.tsx(109,7): error TS1381: Unexpected token. Did you mean `{'}'}` or `&rbrace;`?
src/components/FiltersBar.tsx(110,57): error TS1005: '}' expected.
src/components/FiltersBar.tsx(113,7): error TS1381: Unexpected token. Did you mean `{'}'}` or `&rbrace;`?
src/components/FiltersBar.tsx(114,5): error TS1381: Unexpected token. Did you mean `{'}'}` or `&rbrace;`?
src/components/FiltersBar.tsx(115,3): error TS1381: Unexpected token. Did you mean `{'}'}` or `&rbrace;`?
src/components/FiltersBar.tsx(119,22): error TS1382: Unexpected token. Did you mean `{'>'}` or `&gt;`?
src/components/FiltersBar.tsx(120,45): error TS1005: '}' expected.
src/components/FiltersBar.tsx(121,5): error TS1381: Unexpected token. Did you mean `{'}'}` or `&rbrace;`?
src/components/FiltersBar.tsx(126,64): error TS17008: JSX element 'HTMLInputElement' has no corresponding closing tag.
src/components/FiltersBar.tsx(126,84): error TS1382: Unexpected token. Did you mean `{'>'}` or `&gt;`?
src/components/FiltersBar.tsx(127,5): error TS1109: Expression expected.
src/components/FiltersBar.tsx(130,3): error TS1381: Unexpected token. Did you mean `{'}'}` or `&rbrace;`?
src/components/FiltersBar.tsx(133,39): error TS1382: Unexpected token. Did you mean `{'>'}` or `&gt;`?
src/components/FiltersBar.tsx(134,23): error TS1005: '}' expected.
src/components/FiltersBar.tsx(136,3): error TS1381: Unexpected token. Did you mean `{'}'}` or `&rbrace;`?
src/components/FiltersBar.tsx(139,37): error TS1003: Identifier expected.
src/components/FiltersBar.tsx(139,45): error TS1382: Unexpected token. Did you mean `{'>'}` or `&gt;`?
src/components/FiltersBar.tsx(140,9): error TS1005: '}' expected.
src/components/FiltersBar.tsx(164,3): error TS1381: Unexpected token. Did you mean `{'}'}` or `&rbrace;`?
src/components/FiltersBar.tsx(167,51): error TS1382: Unexpected token. Did you mean `{'>'}` or `&gt;`?
src/components/FiltersBar.tsx(168,5): error TS1109: Expression expected.
src/components/FiltersBar.tsx(171,18): error TS1382: Unexpected token. Did you mean `{'>'}` or `&gt;`?
src/components/FiltersBar.tsx(173,3): error TS1381: Unexpected token. Did you mean `{'}'}` or `&rbrace;`?
src/components/FiltersBar.tsx(176,34): error TS1382: Unexpected token. Did you mean `{'>'}` or `&gt;`?
src/components/FiltersBar.tsx(177,5): error TS1109: Expression expected.
src/components/FiltersBar.tsx(178,30): error TS1382: Unexpected token. Did you mean `{'>'}` or `&gt;`?
src/components/FiltersBar.tsx(178,38): error TS1005: '}' expected.
src/components/FiltersBar.tsx(178,69): error TS1381: Unexpected token. Did you mean `{'}'}` or `&rbrace;`?
src/components/FiltersBar.tsx(179,27): error TS1382: Unexpected token. Did you mean `{'>'}` or `&gt;`?
src/components/FiltersBar.tsx(179,35): error TS1005: '}' expected.
src/components/FiltersBar.tsx(179,76): error TS1381: Unexpected token. Did you mean `{'}'}` or `&rbrace;`?
src/components/FiltersBar.tsx(183,37): error TS1003: Identifier expected.
src/components/FiltersBar.tsx(183,44): error TS1005: '}' expected.
src/components/FiltersBar.tsx(183,68): error TS1381: Unexpected token. Did you mean `{'}'}` or `&rbrace;`?
src/components/FiltersBar.tsx(183,69): error TS1382: Unexpected token. Did you mean `{'>'}` or `&gt;`?
src/components/FiltersBar.tsx(185,32): error TS1382: Unexpected token. Did you mean `{'>'}` or `&gt;`?
src/components/FiltersBar.tsx(186,7): error TS1109: Expression expected.
src/components/FiltersBar.tsx(190,9): error TS1109: Expression expected.
src/components/FiltersBar.tsx(191,33): error TS1382: Unexpected token. Did you mean `{'>'}` or `&gt;`?
src/components/FiltersBar.tsx(192,92): error TS1003: Identifier expected.
src/components/FiltersBar.tsx(193,47): error TS1005: '}' expected.
src/components/FiltersBar.tsx(194,9): error TS1381: Unexpected token. Did you mean `{'}'}` or `&rbrace;`?
src/components/FiltersBar.tsx(195,7): error TS1381: Unexpected token. Did you mean `{'}'}` or `&rbrace;`?
src/components/FiltersBar.tsx(196,45): error TS1005: '}' expected.
src/components/FiltersBar.tsx(197,7): error TS1381: Unexpected token. Did you mean `{'}'}` or `&rbrace;`?
src/components/FiltersBar.tsx(198,5): error TS1381: Unexpected token. Did you mean `{'}'}` or `&rbrace;`?
src/components/FiltersBar.tsx(201,56): error TS1382: Unexpected token. Did you mean `{'>'}` or `&gt;`?
src/components/FiltersBar.tsx(201,108): error TS1005: '}' expected.
src/components/FiltersBar.tsx(201,117): error TS1381: Unexpected token. Did you mean `{'}'}` or `&rbrace;`?
src/components/FiltersBar.tsx(202,3): error TS1381: Unexpected token. Did you mean `{'}'}` or `&rbrace;`?
src/components/FiltersBar.tsx(205,10): error TS1005: '}' expected.
src/components/FiltersBar.tsx(205,88): error TS1381: Unexpected token. Did you mean `{'}'}` or `&rbrace;`?
src/components/FiltersBar.tsx(206,10): error TS1005: '}' expected.
src/components/FiltersBar.tsx(206,62): error TS1382: Unexpected token. Did you mean `{'>'}` or `&gt;`?
src/components/FiltersBar.tsx(206,70): error TS1005: '}' expected.
src/components/FiltersBar.tsx(206,84): error TS1381: Unexpected token. Did you mean `{'}'}` or `&rbrace;`?
src/components/FiltersBar.tsx(206,101): error TS1382: Unexpected token. Did you mean `{'>'}` or `&gt;`?
src/components/FiltersBar.tsx(206,154): error TS1381: Unexpected token. Did you mean `{'}'}` or `&rbrace;`?
src/components/FiltersBar.tsx(207,10): error TS1005: '}' expected.
src/components/FiltersBar.tsx(207,73): error TS1382: Unexpected token. Did you mean `{'>'}` or `&gt;`?
src/components/FiltersBar.tsx(208,10): error TS1005: '}' expected.
src/components/FiltersBar.tsx(210,5): error TS1381: Unexpected token. Did you mean `{'}'}` or `&rbrace;`?
src/components/FiltersBar.tsx(210,29): error TS1381: Unexpected token. Did you mean `{'}'}` or `&rbrace;`?
src/components/FiltersBar.tsx(211,10): error TS1005: '}' expected.
src/components/FiltersBar.tsx(211,71): error TS1382: Unexpected token. Did you mean `{'>'}` or `&gt;`?
src/components/FiltersBar.tsx(211,79): error TS1005: '}' expected.
src/components/FiltersBar.tsx(211,93): error TS1381: Unexpected token. Did you mean `{'}'}` or `&rbrace;`?
src/components/FiltersBar.tsx(211,117): error TS1381: Unexpected token. Did you mean `{'}'}` or `&rbrace;`?
src/components/FiltersBar.tsx(215,53): error TS1382: Unexpected token. Did you mean `{'>'}` or `&gt;`?
src/components/FiltersBar.tsx(216,5): error TS1109: Expression expected.
src/components/FiltersBar.tsx(218,7): error TS1109: Expression expected.
src/components/FiltersBar.tsx(219,70): error TS1005: '}' expected.
src/components/FiltersBar.tsx(220,7): error TS1381: Unexpected token. Did you mean `{'}'}` or `&rbrace;`?
src/components/FiltersBar.tsx(221,47): error TS1005: '}' expected.
src/components/FiltersBar.tsx(222,7): error TS1381: Unexpected token. Did you mean `{'}'}` or `&rbrace;`?
src/components/FiltersBar.tsx(223,5): error TS1381: Unexpected token. Did you mean `{'}'}` or `&rbrace;`?
src/components/FiltersBar.tsx(225,56): error TS1005: '}' expected.
src/components/FiltersBar.tsx(226,5): error TS1381: Unexpected token. Did you mean `{'}'}` or `&rbrace;`?
src/components/FiltersBar.tsx(227,3): error TS1381: Unexpected token. Did you mean `{'}'}` or `&rbrace;`?
src/components/FiltersBar.tsx(229,52): error TS1382: Unexpected token. Did you mean `{'>'}` or `&gt;`?
src/components/FiltersBar.tsx(230,5): error TS1109: Expression expected.
src/components/FiltersBar.tsx(230,37): error TS1382: Unexpected token. Did you mean `{'>'}` or `&gt;`?
src/components/FiltersBar.tsx(232,3): error TS1381: Unexpected token. Did you mean `{'}'}` or `&rbrace;`?
src/components/FiltersBar.tsx(234,35): error TS1382: Unexpected token. Did you mean `{'>'}` or `&gt;`?
src/components/FiltersBar.tsx(235,85): error TS1005: '}' expected.
src/components/FiltersBar.tsx(236,3): error TS1381: Unexpected token. Did you mean `{'}'}` or `&rbrace;`?
src/components/FiltersBar.tsx(239,41): error TS1382: Unexpected token. Did you mean `{'>'}` or `&gt;`?
src/components/FiltersBar.tsx(242,61): error TS1382: Unexpected token. Did you mean `{'>'}` or `&gt;`?
src/components/FiltersBar.tsx(243,5): error TS1109: Expression expected.
src/components/FiltersBar.tsx(246,32): error TS1382: Unexpected token. Did you mean `{'>'}` or `&gt;`?
src/components/FiltersBar.tsx(247,7): error TS1109: Expression expected.
src/components/FiltersBar.tsx(249,5): error TS1381: Unexpected token. Did you mean `{'}'}` or `&rbrace;`?
src/components/FiltersBar.tsx(250,3): error TS1381: Unexpected token. Did you mean `{'}'}` or `&rbrace;`?
src/components/FiltersBar.tsx(253,63): error TS1382: Unexpected token. Did you mean `{'>'}` or `&gt;`?
src/components/FiltersBar.tsx(254,5): error TS1109: Expression expected.
src/components/FiltersBar.tsx(257,7): error TS1109: Expression expected.
src/components/FiltersBar.tsx(258,5): error TS1381: Unexpected token. Did you mean `{'}'}` or `&rbrace;`?
src/components/FiltersBar.tsx(261,7): error TS1109: Expression expected.
src/components/FiltersBar.tsx(262,5): error TS1381: Unexpected token. Did you mean `{'}'}` or `&rbrace;`?
src/components/FiltersBar.tsx(265,3): error TS1381: Unexpected token. Did you mean `{'}'}` or `&rbrace;`?
src/components/FiltersBar.tsx(274,24): error TS1382: Unexpected token. Did you mean `{'>'}` or `&gt;`?
src/components/FiltersBar.tsx(275,24): error TS1382: Unexpected token. Did you mean `{'>'}` or `&gt;`?
src/components/FiltersBar.tsx(278,17): error TS1382: Unexpected token. Did you mean `{'>'}` or `&gt;`?
src/components/FiltersBar.tsx(279,5): error TS1109: Expression expected.
src/components/FiltersBar.tsx(279,49): error TS1382: Unexpected token. Did you mean `{'>'}` or `&gt;`?
src/components/FiltersBar.tsx(280,7): error TS1109: Expression expected.
src/components/FiltersBar.tsx(282,30): error TS1005: '}' expected.
src/components/FiltersBar.tsx(283,7): error TS1381: Unexpected token. Did you mean `{'}'}` or `&rbrace;`?
src/components/FiltersBar.tsx(284,5): error TS1381: Unexpected token. Did you mean `{'}'}` or `&rbrace;`?
src/components/FiltersBar.tsx(287,61): error TS1005: '}' expected.
src/components/FiltersBar.tsx(288,18): error TS1382: Unexpected token. Did you mean `{'>'}` or `&gt;`?
src/components/FiltersBar.tsx(289,5): error TS1381: Unexpected token. Did you mean `{'}'}` or `&rbrace;`?
src/components/FiltersBar.tsx(290,3): error TS1381: Unexpected token. Did you mean `{'}'}` or `&rbrace;`?
src/components/FiltersBar.tsx(882,1): error TS1381: Unexpected token. Did you mean `{'}'}` or `&rbrace;`?
src/components/FiltersBar.tsx(882,4): error TS1005: '</' expected.
src/components/FiltersBar/dropdowns/index.ts(1,53): error TS1005: '>' expected.
src/components/FiltersBar/dropdowns/index.ts(1,58): error TS1005: '{' expected.
src/components/FiltersBar/dropdowns/index.ts(1,70): error TS1005: ';' expected.
src/components/FiltersBar/dropdowns/index.ts(1,106): error TS1005: '>' expected.
src/components/FiltersBar/dropdowns/index.ts(1,111): error TS1005: '{' expected.
src/components/FiltersBar/dropdowns/index.ts(1,134): error TS1005: ';' expected.
src/components/FiltersBar/dropdowns/index.ts(2,1): error TS1109: Expression expected.
src/components/FiltersBar/hooks/index.ts(1,59): error TS1005: '>' expected.
src/components/FiltersBar/hooks/index.ts(1,64): error TS1005: '{' expected.
src/components/FiltersBar/hooks/index.ts(1,76): error TS1005: ';' expected.
src/components/FiltersBar/hooks/index.ts(1,112): error TS1005: '>' expected.
src/components/FiltersBar/hooks/index.ts(1,117): error TS1005: '{' expected.
src/components/FiltersBar/hooks/index.ts(1,140): error TS1005: ';' expected.
src/components/FiltersBar/hooks/index.ts(2,1): error TS1109: Expression expected.
src/components/FiltersBar/hooks/useClickOutside.ts(1,41): error TS1005: '>' expected.
src/components/FiltersBar/hooks/useClickOutside.ts(1,46): error TS1005: '{' expected.
src/components/FiltersBar/hooks/useClickOutside.ts(1,58): error TS1005: ';' expected.
src/components/FiltersBar/hooks/useClickOutside.ts(1,94): error TS1005: '>' expected.
src/components/FiltersBar/hooks/useClickOutside.ts(1,99): error TS1005: '{' expected.
src/components/FiltersBar/hooks/useClickOutside.ts(1,122): error TS1005: ';' expected.
src/components/FiltersBar/hooks/useClickOutside.ts(2,1): error TS1109: Expression expected.
src/components/FiltersBar/hooks/useDebouncedSearch.ts(1,64): error TS1005: '>' expected.
src/components/FiltersBar/hooks/useDebouncedSearch.ts(1,69): error TS1005: '{' expected.
src/components/FiltersBar/hooks/useDebouncedSearch.ts(1,81): error TS1005: ';' expected.
src/components/FiltersBar/hooks/useDebouncedSearch.ts(1,117): error TS1005: '>' expected.
src/components/FiltersBar/hooks/useDebouncedSearch.ts(1,122): error TS1005: '{' expected.
src/components/FiltersBar/hooks/useDebouncedSearch.ts(1,145): error TS1005: ';' expected.
src/components/FiltersBar/hooks/useDebouncedSearch.ts(6,1): error TS1109: Expression expected.
src/components/FiltersBar/utils/index.ts(1,7): error TS1005: '>' expected.
src/components/FiltersBar/utils/index.ts(1,12): error TS1005: '{' expected.
src/components/FiltersBar/utils/index.ts(1,24): error TS1005: ';' expected.
src/components/FiltersBar/utils/index.ts(1,60): error TS1005: '>' expected.
src/components/FiltersBar/utils/index.ts(1,65): error TS1005: '{' expected.
src/components/FiltersBar/utils/index.ts(1,88): error TS1005: ';' expected.
src/components/FiltersBar/utils/index.ts(1,116): error TS1109: Expression expected.
src/components/FineTuningDashboard.tsx(1,53): error TS17008: JSX element 'span' has no corresponding closing tag.
src/components/FineTuningDashboard.tsx(1,106): error TS17008: JSX element 'span' has no corresponding closing tag.
src/components/FineTuningDashboard.tsx(8,14): error TS1109: Expression expected.
src/components/FineTuningDashboard.tsx(8,22): error TS1005: '}' expected.
src/components/FineTuningDashboard.tsx(9,1): error TS1381: Unexpected token. Did you mean `{'}'}` or `&rbrace;`?
src/components/FineTuningDashboard.tsx(12,3): error TS1109: Expression expected.
src/components/FineTuningDashboard.tsx(12,36): error TS1003: Identifier expected.
src/components/FineTuningDashboard.tsx(12,90): error TS1382: Unexpected token. Did you mean `{'>'}` or `&gt;`?
src/components/FineTuningDashboard.tsx(17,57): error TS1003: Identifier expected.
src/components/FineTuningDashboard.tsx(17,63): error TS1382: Unexpected token. Did you mean `{'>'}` or `&gt;`?
src/components/FineTuningDashboard.tsx(23,17): error TS1382: Unexpected token. Did you mean `{'>'}` or `&gt;`?
src/components/FineTuningDashboard.tsx(25,5): error TS1109: Expression expected.
src/components/FineTuningDashboard.tsx(27,31): error TS1005: '}' expected.
src/components/FineTuningDashboard.tsx(28,5): error TS1381: Unexpected token. Did you mean `{'}'}` or `&rbrace;`?
src/components/FineTuningDashboard.tsx(29,3): error TS1381: Unexpected token. Did you mean `{'}'}` or `&rbrace;`?
src/components/FineTuningDashboard.tsx(31,34): error TS1382: Unexpected token. Did you mean `{'>'}` or `&gt;`?
src/components/FineTuningDashboard.tsx(32,25): error TS1005: '}' expected.
src/components/FineTuningDashboard.tsx(34,7): error TS1109: Expression expected.
src/components/FineTuningDashboard.tsx(37,26): error TS1003: Identifier expected.
src/components/FineTuningDashboard.tsx(38,80): error TS1005: '}' expected.
src/components/FineTuningDashboard.tsx(41,7): error TS1381: Unexpected token. Did you mean `{'}'}` or `&rbrace;`?
src/components/FineTuningDashboard.tsx(50,5): error TS1381: Unexpected token. Did you mean `{'}'}` or `&rbrace;`?
src/components/FineTuningDashboard.tsx(51,44): error TS1005: '}' expected.
src/components/FineTuningDashboard.tsx(53,5): error TS1381: Unexpected token. Did you mean `{'}'}` or `&rbrace;`?
src/components/FineTuningDashboard.tsx(54,28): error TS1005: '}' expected.
src/components/FineTuningDashboard.tsx(55,5): error TS1381: Unexpected token. Did you mean `{'}'}` or `&rbrace;`?
src/components/FineTuningDashboard.tsx(56,3): error TS1381: Unexpected token. Did you mean `{'}'}` or `&rbrace;`?
src/components/FineTuningDashboard.tsx(58,35): error TS1382: Unexpected token. Did you mean `{'>'}` or `&gt;`?
src/components/FineTuningDashboard.tsx(59,5): error TS1109: Expression expected.
src/components/FineTuningDashboard.tsx(60,45): error TS1005: '}' expected.
src/components/FineTuningDashboard.tsx(64,5): error TS1381: Unexpected token. Did you mean `{'}'}` or `&rbrace;`?
src/components/FineTuningDashboard.tsx(65,63): error TS1005: '}' expected.
src/components/FineTuningDashboard.tsx(66,5): error TS1381: Unexpected token. Did you mean `{'}'}` or `&rbrace;`?
src/components/FineTuningDashboard.tsx(67,3): error TS1381: Unexpected token. Did you mean `{'}'}` or `&rbrace;`?
src/components/FineTuningDashboard.tsx(69,37): error TS1382: Unexpected token. Did you mean `{'>'}` or `&gt;`?
src/components/FineTuningDashboard.tsx(70,39): error TS1005: '}' expected.
src/components/FineTuningDashboard.tsx(73,3): error TS1381: Unexpected token. Did you mean `{'}'}` or `&rbrace;`?
src/components/FineTuningDashboard.tsx(374,1): error TS1381: Unexpected token. Did you mean `{'}'}` or `&rbrace;`?
src/components/FineTuningDashboard.tsx(374,2): error TS1005: '</' expected.
src/components/ImportHistoryTable.tsx(1,46): error TS17008: JSX element 'span' has no corresponding closing tag.
src/components/ImportHistoryTable.tsx(1,99): error TS17008: JSX element 'span' has no corresponding closing tag.
src/components/ImportHistoryTable.tsx(11,5): error TS1005: '}' expected.
src/components/ImportHistoryTable.tsx(23,1): error TS1381: Unexpected token. Did you mean `{'}'}` or `&rbrace;`?
src/components/ImportHistoryTable.tsx(30,3): error TS1109: Expression expected.
src/components/ImportHistoryTable.tsx(30,52): error TS1003: Identifier expected.
src/components/ImportHistoryTable.tsx(30,54): error TS1382: Unexpected token. Did you mean `{'>'}` or `&gt;`?
src/components/ImportHistoryTable.tsx(32,45): error TS1003: Identifier expected.
src/components/ImportHistoryTable.tsx(32,51): error TS1382: Unexpected token. Did you mean `{'>'}` or `&gt;`?
src/components/ImportHistoryTable.tsx(34,34): error TS1382: Unexpected token. Did you mean `{'>'}` or `&gt;`?
src/components/ImportHistoryTable.tsx(35,21): error TS1005: '}' expected.
src/components/ImportHistoryTable.tsx(40,7): error TS1109: Expression expected.
src/components/ImportHistoryTable.tsx(40,26): error TS1005: '}' expected.
src/components/ImportHistoryTable.tsx(40,39): error TS1381: Unexpected token. Did you mean `{'}'}` or `&rbrace;`?
src/components/ImportHistoryTable.tsx(48,41): error TS1005: '}' expected.
src/components/ImportHistoryTable.tsx(48,49): error TS1381: Unexpected token. Did you mean `{'}'}` or `&rbrace;`?
src/components/ImportHistoryTable.tsx(52,9): error TS1109: Expression expected.
src/components/ImportHistoryTable.tsx(53,7): error TS1381: Unexpected token. Did you mean `{'}'}` or `&rbrace;`?
src/components/ImportHistoryTable.tsx(56,56): error TS1382: Unexpected token. Did you mean `{'>'}` or `&gt;`?
src/components/ImportHistoryTable.tsx(58,22): error TS1005: '}' expected.
src/components/ImportHistoryTable.tsx(59,7): error TS1381: Unexpected token. Did you mean `{'}'}` or `&rbrace;`?
src/components/ImportHistoryTable.tsx(62,5): error TS1381: Unexpected token. Did you mean `{'}'}` or `&rbrace;`?
src/components/ImportHistoryTable.tsx(63,60): error TS1005: '}' expected.
src/components/ImportHistoryTable.tsx(66,5): error TS1381: Unexpected token. Did you mean `{'}'}` or `&rbrace;`?
src/components/ImportHistoryTable.tsx(67,24): error TS1005: '}' expected.
src/components/ImportHistoryTable.tsx(68,5): error TS1381: Unexpected token. Did you mean `{'}'}` or `&rbrace;`?
src/components/ImportHistoryTable.tsx(69,3): error TS1381: Unexpected token. Did you mean `{'}'}` or `&rbrace;`?
src/components/ImportHistoryTable.tsx(71,17): error TS1382: Unexpected token. Did you mean `{'>'}` or `&gt;`?
src/components/ImportHistoryTable.tsx(72,19): error TS1005: '}' expected.
src/components/ImportHistoryTable.tsx(73,3): error TS1381: Unexpected token. Did you mean `{'}'}` or `&rbrace;`?
src/components/ImportHistoryTable.tsx(75,60): error TS1382: Unexpected token. Did you mean `{'>'}` or `&gt;`?
src/components/ImportHistoryTable.tsx(76,49): error TS1005: '}' expected.
src/components/ImportHistoryTable.tsx(80,3): error TS1381: Unexpected token. Did you mean `{'}'}` or `&rbrace;`?
src/components/ImportHistoryTable.tsx(82,43): error TS1382: Unexpected token. Did you mean `{'>'}` or `&gt;`?
src/components/ImportHistoryTable.tsx(83,5): error TS1109: Expression expected.
src/components/ImportHistoryTable.tsx(84,7): error TS1109: Expression expected.
src/components/ImportHistoryTable.tsx(92,5): error TS1381: Unexpected token. Did you mean `{'}'}` or `&rbrace;`?
src/components/ImportHistoryTable.tsx(93,3): error TS1381: Unexpected token. Did you mean `{'}'}` or `&rbrace;`?
src/components/ImportHistoryTable.tsx(95,49): error TS1382: Unexpected token. Did you mean `{'>'}` or `&gt;`?
src/components/ImportHistoryTable.tsx(96,5): error TS1109: Expression expected.
src/components/ImportHistoryTable.tsx(97,7): error TS1109: Expression expected.
src/components/ImportHistoryTable.tsx(105,5): error TS1381: Unexpected token. Did you mean `{'}'}` or `&rbrace;`?
src/components/ImportHistoryTable.tsx(106,3): error TS1381: Unexpected token. Did you mean `{'}'}` or `&rbrace;`?
src/components/ImportHistoryTable.tsx(108,44): error TS1382: Unexpected token. Did you mean `{'>'}` or `&gt;`?
src/components/ImportHistoryTable.tsx(109,5): error TS1109: Expression expected.
src/components/ImportHistoryTable.tsx(111,12): error TS1005: '}' expected.
src/components/ImportHistoryTable.tsx(116,5): error TS1381: Unexpected token. Did you mean `{'}'}` or `&rbrace;`?
src/components/ImportHistoryTable.tsx(117,3): error TS1381: Unexpected token. Did you mean `{'}'}` or `&rbrace;`?
src/components/ImportHistoryTable.tsx(119,51): error TS1382: Unexpected token. Did you mean `{'>'}` or `&gt;`?
src/components/ImportHistoryTable.tsx(120,5): error TS1109: Expression expected.
src/components/ImportHistoryTable.tsx(121,18): error TS1003: Identifier expected.
src/components/ImportHistoryTable.tsx(123,3): error TS1381: Unexpected token. Did you mean `{'}'}` or `&rbrace;`?
src/components/ImportHistoryTable.tsx(125,47): error TS1382: Unexpected token. Did you mean `{'>'}` or `&gt;`?
src/components/ImportHistoryTable.tsx(126,5): error TS1109: Expression expected.
src/components/ImportHistoryTable.tsx(127,14): error TS1003: Identifier expected.
src/components/ImportHistoryTable.tsx(129,3): error TS1381: Unexpected token. Did you mean `{'}'}` or `&rbrace;`?
src/components/ImportHistoryTable.tsx(308,1): error TS1381: Unexpected token. Did you mean `{'}'}` or `&rbrace;`?
src/components/ImportHistoryTable.tsx(308,2): error TS1005: '</' expected.
src/components/LiveCodeUpdate.tsx(1,53): error TS17008: JSX element 'span' has no corresponding closing tag.
src/components/LiveCodeUpdate.tsx(1,106): error TS17008: JSX element 'span' has no corresponding closing tag.
src/components/LiveCodeUpdate.tsx(6,9): error TS1005: '}' expected.
src/components/LiveCodeUpdate.tsx(7,19): error TS1382: Unexpected token. Did you mean `{'>'}` or `&gt;`?
src/components/LiveCodeUpdate.tsx(8,1): error TS1381: Unexpected token. Did you mean `{'}'}` or `&rbrace;`?
src/components/LiveCodeUpdate.tsx(11,3): error TS1109: Expression expected.
src/components/LiveCodeUpdate.tsx(13,17): error TS1382: Unexpected token. Did you mean `{'>'}` or `&gt;`?
src/components/LiveCodeUpdate.tsx(14,5): error TS1109: Expression expected.
src/components/LiveCodeUpdate.tsx(14,34): error TS1382: Unexpected token. Did you mean `{'>'}` or `&gt;`?
src/components/LiveCodeUpdate.tsx(15,24): error TS1005: '}' expected.
src/components/LiveCodeUpdate.tsx(17,5): error TS1381: Unexpected token. Did you mean `{'}'}` or `&rbrace;`?
src/components/LiveCodeUpdate.tsx(19,16): error TS1382: Unexpected token. Did you mean `{'>'}` or `&gt;`?
src/components/LiveCodeUpdate.tsx(20,3): error TS1381: Unexpected token. Did you mean `{'}'}` or `&rbrace;`?
src/components/LiveCodeUpdate.tsx(52,1): error TS1381: Unexpected token. Did you mean `{'}'}` or `&rbrace;`?
src/components/LiveCodeUpdate.tsx(52,2): error TS1005: '</' expected.
src/components/LiveRegion.tsx(1,44): error TS17008: JSX element 'span' has no corresponding closing tag.
src/components/LiveRegion.tsx(1,97): error TS17008: JSX element 'span' has no corresponding closing tag.
src/components/LiveRegion.tsx(4,10): error TS1005: '}' expected.
src/components/LiveRegion.tsx(7,1): error TS1381: Unexpected token. Did you mean `{'}'}` or `&rbrace;`?
src/components/LiveRegion.tsx(14,3): error TS1109: Expression expected.
src/components/LiveRegion.tsx(14,22): error TS17008: JSX element 'HTMLDivElement' has no corresponding closing tag.
src/components/LiveRegion.tsx(16,17): error TS1382: Unexpected token. Did you mean `{'>'}` or `&gt;`?
src/components/LiveRegion.tsx(17,5): error TS1109: Expression expected.
src/components/LiveRegion.tsx(23,34): error TS1382: Unexpected token. Did you mean `{'>'}` or `&gt;`?
src/components/LiveRegion.tsx(24,7): error TS1109: Expression expected.
src/components/LiveRegion.tsx(25,37): error TS1005: '}' expected.
src/components/LiveRegion.tsx(26,7): error TS1381: Unexpected token. Did you mean `{'}'}` or `&rbrace;`?
src/components/LiveRegion.tsx(27,5): error TS1381: Unexpected token. Did you mean `{'}'}` or `&rbrace;`?
src/components/LiveRegion.tsx(29,16): error TS1382: Unexpected token. Did you mean `{'>'}` or `&gt;`?
src/components/LiveRegion.tsx(30,3): error TS1381: Unexpected token. Did you mean `{'}'}` or `&rbrace;`?
src/components/LiveRegion.tsx(41,1): error TS1381: Unexpected token. Did you mean `{'}'}` or `&rbrace;`?
src/components/LiveRegion.tsx(41,2): error TS1005: '</' expected.
src/components/OnlineUsers.tsx(1,28): error TS17008: JSX element 'span' has no corresponding closing tag.
src/components/OnlineUsers.tsx(1,81): error TS17008: JSX element 'span' has no corresponding closing tag.
src/components/OnlineUsers.tsx(6,8): error TS1005: '}' expected.
src/components/OnlineUsers.tsx(8,1): error TS1381: Unexpected token. Did you mean `{'}'}` or `&rbrace;`?
src/components/OnlineUsers.tsx(11,3): error TS1109: Expression expected.
src/components/OnlineUsers.tsx(11,38): error TS1382: Unexpected token. Did you mean `{'>'}` or `&gt;`?
src/components/OnlineUsers.tsx(14,5): error TS1109: Expression expected.
src/components/OnlineUsers.tsx(15,3): error TS1381: Unexpected token. Did you mean `{'}'}` or `&rbrace;`?
src/components/OnlineUsers.tsx(76,1): error TS1381: Unexpected token. Did you mean `{'}'}` or `&rbrace;`?
src/components/OnlineUsers.tsx(76,2): error TS1005: '</' expected.
src/components/PerformanceMonitor.tsx(1,46): error TS17008: JSX element 'span' has no corresponding closing tag.
src/components/PerformanceMonitor.tsx(1,99): error TS17008: JSX element 'span' has no corresponding closing tag.
src/components/PerformanceMonitor.tsx(4,15): error TS1005: '}' expected.
src/components/PerformanceMonitor.tsx(9,1): error TS1381: Unexpected token. Did you mean `{'}'}` or `&rbrace;`?
src/components/PerformanceMonitor.tsx(12,3): error TS1109: Expression expected.
src/components/PerformanceMonitor.tsx(12,38): error TS17008: JSX element 'PerformanceStats' has no corresponding closing tag.
src/components/PerformanceMonitor.tsx(13,17): error TS1005: '}' expected.
src/components/PerformanceMonitor.tsx(18,3): error TS1381: Unexpected token. Did you mean `{'}'}` or `&rbrace;`?
src/components/PerformanceMonitor.tsx(20,17): error TS1382: Unexpected token. Did you mean `{'>'}` or `&gt;`?
src/components/PerformanceMonitor.tsx(22,5): error TS1109: Expression expected.
src/components/PerformanceMonitor.tsx(22,38): error TS1382: Unexpected token. Did you mean `{'>'}` or `&gt;`?
src/components/PerformanceMonitor.tsx(24,7): error TS1109: Expression expected.
src/components/PerformanceMonitor.tsx(25,21): error TS1005: '}' expected.
src/components/PerformanceMonitor.tsx(30,7): error TS1381: Unexpected token. Did you mean `{'}'}` or `&rbrace;`?
src/components/PerformanceMonitor.tsx(34,5): error TS1381: Unexpected token. Did you mean `{'}'}` or `&rbrace;`?
src/components/PerformanceMonitor.tsx(36,16): error TS1382: Unexpected token. Did you mean `{'>'}` or `&gt;`?
src/components/PerformanceMonitor.tsx(37,3): error TS1381: Unexpected token. Did you mean `{'}'}` or `&rbrace;`?
src/components/PerformanceMonitor.tsx(39,43): error TS1382: Unexpected token. Did you mean `{'>'}` or `&gt;`?
src/components/PerformanceMonitor.tsx(45,5): error TS1109: Expression expected.
src/components/PerformanceMonitor.tsx(79,3): error TS1381: Unexpected token. Did you mean `{'}'}` or `&rbrace;`?
src/components/PerformanceMonitor.tsx(82,1): error TS1381: Unexpected token. Did you mean `{'}'}` or `&rbrace;`?
src/components/PerformanceMonitor.tsx(82,2): error TS1005: '</' expected.
src/components/RollbackConfirmationModal.tsx(1,54): error TS17008: JSX element 'span' has no corresponding closing tag.
src/components/RollbackConfirmationModal.tsx(1,107): error TS17008: JSX element 'span' has no corresponding closing tag.
src/components/RollbackConfirmationModal.tsx(6,7): error TS1005: '}' expected.
src/components/RollbackConfirmationModal.tsx(7,16): error TS1382: Unexpected token. Did you mean `{'>'}` or `&gt;`?
src/components/RollbackConfirmationModal.tsx(9,7): error TS1005: '}' expected.
src/components/RollbackConfirmationModal.tsx(15,3): error TS1381: Unexpected token. Did you mean `{'}'}` or `&rbrace;`?
src/components/RollbackConfirmationModal.tsx(16,19): error TS1382: Unexpected token. Did you mean `{'>'}` or `&gt;`?
src/components/RollbackConfirmationModal.tsx(17,27): error TS1382: Unexpected token. Did you mean `{'>'}` or `&gt;`?
src/components/RollbackConfirmationModal.tsx(18,1): error TS1381: Unexpected token. Did you mean `{'}'}` or `&rbrace;`?
src/components/RollbackConfirmationModal.tsx(26,1): error TS1109: Expression expected.
src/components/RollbackConfirmationModal.tsx(27,3): error TS1109: Expression expected.
src/components/RollbackConfirmationModal.tsx(35,17): error TS1382: Unexpected token. Did you mean `{'>'}` or `&gt;`?
src/components/RollbackConfirmationModal.tsx(36,5): error TS1109: Expression expected.
src/components/RollbackConfirmationModal.tsx(37,42): error TS1005: '}' expected.
src/components/RollbackConfirmationModal.tsx(38,5): error TS1381: Unexpected token. Did you mean `{'}'}` or `&rbrace;`?
src/components/RollbackConfirmationModal.tsx(39,21): error TS1005: '}' expected.
src/components/RollbackConfirmationModal.tsx(40,5): error TS1381: Unexpected token. Did you mean `{'}'}` or `&rbrace;`?
src/components/RollbackConfirmationModal.tsx(41,3): error TS1381: Unexpected token. Did you mean `{'}'}` or `&rbrace;`?
src/components/RollbackConfirmationModal.tsx(44,17): error TS1382: Unexpected token. Did you mean `{'>'}` or `&gt;`?
src/components/RollbackConfirmationModal.tsx(45,5): error TS1109: Expression expected.
src/components/RollbackConfirmationModal.tsx(47,47): error TS1382: Unexpected token. Did you mean `{'>'}` or `&gt;`?
src/components/RollbackConfirmationModal.tsx(48,7): error TS1109: Expression expected.
src/components/RollbackConfirmationModal.tsx(49,51): error TS1005: '}' expected.
src/components/RollbackConfirmationModal.tsx(51,7): error TS1381: Unexpected token. Did you mean `{'}'}` or `&rbrace;`?
src/components/RollbackConfirmationModal.tsx(52,5): error TS1381: Unexpected token. Did you mean `{'}'}` or `&rbrace;`?
src/components/RollbackConfirmationModal.tsx(57,16): error TS1382: Unexpected token. Did you mean `{'>'}` or `&gt;`?
src/components/RollbackConfirmationModal.tsx(58,73): error TS1005: '}' expected.
src/components/RollbackConfirmationModal.tsx(60,5): error TS1381: Unexpected token. Did you mean `{'}'}` or `&rbrace;`?
src/components/RollbackConfirmationModal.tsx(61,3): error TS1381: Unexpected token. Did you mean `{'}'}` or `&rbrace;`?
src/components/RollbackConfirmationModal.tsx(64,36): error TS1382: Unexpected token. Did you mean `{'>'}` or `&gt;`?
src/components/RollbackConfirmationModal.tsx(65,25): error TS1005: '}' expected.
src/components/RollbackConfirmationModal.tsx(67,7): error TS1109: Expression expected.
src/components/RollbackConfirmationModal.tsx(70,25): error TS1005: '}' expected.
src/components/RollbackConfirmationModal.tsx(72,9): error TS1381: Unexpected token. Did you mean `{'}'}` or `&rbrace;`?
src/components/RollbackConfirmationModal.tsx(80,5): error TS1381: Unexpected token. Did you mean `{'}'}` or `&rbrace;`?
src/components/RollbackConfirmationModal.tsx(81,50): error TS1005: '}' expected.
src/components/RollbackConfirmationModal.tsx(83,5): error TS1381: Unexpected token. Did you mean `{'}'}` or `&rbrace;`?
src/components/RollbackConfirmationModal.tsx(84,28): error TS1005: '}' expected.
src/components/RollbackConfirmationModal.tsx(85,5): error TS1381: Unexpected token. Did you mean `{'}'}` or `&rbrace;`?
src/components/RollbackConfirmationModal.tsx(86,3): error TS1381: Unexpected token. Did you mean `{'}'}` or `&rbrace;`?
src/components/RollbackConfirmationModal.tsx(89,43): error TS1382: Unexpected token. Did you mean `{'>'}` or `&gt;`?
src/components/RollbackConfirmationModal.tsx(90,25): error TS1005: '}' expected.
src/components/RollbackConfirmationModal.tsx(92,7): error TS1109: Expression expected.
src/components/RollbackConfirmationModal.tsx(95,25): error TS1005: '}' expected.
src/components/RollbackConfirmationModal.tsx(97,9): error TS1381: Unexpected token. Did you mean `{'}'}` or `&rbrace;`?
src/components/RollbackConfirmationModal.tsx(105,5): error TS1381: Unexpected token. Did you mean `{'}'}` or `&rbrace;`?
src/components/RollbackConfirmationModal.tsx(106,50): error TS1005: '}' expected.
src/components/RollbackConfirmationModal.tsx(108,5): error TS1381: Unexpected token. Did you mean `{'}'}` or `&rbrace;`?
src/components/RollbackConfirmationModal.tsx(109,28): error TS1005: '}' expected.
src/components/RollbackConfirmationModal.tsx(110,5): error TS1381: Unexpected token. Did you mean `{'}'}` or `&rbrace;`?
src/components/RollbackConfirmationModal.tsx(111,3): error TS1381: Unexpected token. Did you mean `{'}'}` or `&rbrace;`?
src/components/RollbackConfirmationModal.tsx(245,1): error TS1381: Unexpected token. Did you mean `{'}'}` or `&rbrace;`?
src/components/RollbackConfirmationModal.tsx(245,2): error TS1005: '</' expected.
src/components/SelectCodeModal.tsx(1,46): error TS17008: JSX element 'span' has no corresponding closing tag.
src/components/SelectCodeModal.tsx(1,99): error TS17008: JSX element 'span' has no corresponding closing tag.
src/components/SelectCodeModal.tsx(5,37): error TS1005: '}' expected.
src/components/SelectCodeModal.tsx(5,52): error TS1381: Unexpected token. Did you mean `{'}'}` or `&rbrace;`?
src/components/SelectCodeModal.tsx(9,7): error TS1005: '}' expected.
src/components/SelectCodeModal.tsx(10,16): error TS1382: Unexpected token. Did you mean `{'>'}` or `&gt;`?
src/components/SelectCodeModal.tsx(13,16): error TS1382: Unexpected token. Did you mean `{'>'}` or `&gt;`?
src/components/SelectCodeModal.tsx(17,1): error TS1381: Unexpected token. Did you mean `{'}'}` or `&rbrace;`?
src/components/SelectCodeModal.tsx(25,7): error TS1005: '}' expected.
src/components/SelectCodeModal.tsx(28,1): error TS1381: Unexpected token. Did you mean `{'}'}` or `&rbrace;`?
src/components/SelectCodeModal.tsx(29,3): error TS1109: Expression expected.
src/components/SelectCodeModal.tsx(29,38): error TS1003: Identifier expected.
src/components/SelectCodeModal.tsx(29,40): error TS1005: '...' expected.
src/components/SelectCodeModal.tsx(29,42): error TS1005: '}' expected.
src/components/SelectCodeModal.tsx(29,65): error TS1381: Unexpected token. Did you mean `{'}'}` or `&rbrace;`?
src/components/SelectCodeModal.tsx(29,68): error TS1382: Unexpected token. Did you mean `{'>'}` or `&gt;`?
src/components/SelectCodeModal.tsx(30,60): error TS1003: Identifier expected.
src/components/SelectCodeModal.tsx(30,62): error TS1382: Unexpected token. Did you mean `{'>'}` or `&gt;`?
src/components/SelectCodeModal.tsx(35,43): error TS1382: Unexpected token. Did you mean `{'>'}` or `&gt;`?
src/components/SelectCodeModal.tsx(36,64): error TS1003: Identifier expected.
src/components/SelectCodeModal.tsx(36,66): error TS1382: Unexpected token. Did you mean `{'>'}` or `&gt;`?
src/components/SelectCodeModal.tsx(40,17): error TS1382: Unexpected token. Did you mean `{'>'}` or `&gt;`?
src/components/SelectCodeModal.tsx(41,5): error TS1109: Expression expected.
src/components/SelectCodeModal.tsx(43,41): error TS1005: '}' expected.
src/components/SelectCodeModal.tsx(47,5): error TS1381: Unexpected token. Did you mean `{'}'}` or `&rbrace;`?
src/components/SelectCodeModal.tsx(48,3): error TS1381: Unexpected token. Did you mean `{'}'}` or `&rbrace;`?
src/components/SelectCodeModal.tsx(51,17): error TS1382: Unexpected token. Did you mean `{'>'}` or `&gt;`?
src/components/SelectCodeModal.tsx(52,5): error TS1109: Expression expected.
src/components/SelectCodeModal.tsx(53,34): error TS1382: Unexpected token. Did you mean `{'>'}` or `&gt;`?
src/components/SelectCodeModal.tsx(54,85): error TS1005: '}' expected.
src/components/SelectCodeModal.tsx(58,71): error TS1005: '}' expected.
src/components/SelectCodeModal.tsx(71,11): error TS1109: Expression expected.
src/components/SelectCodeModal.tsx(71,40): error TS1382: Unexpected token. Did you mean `{'>'}` or `&gt;`?
src/components/SelectCodeModal.tsx(71,84): error TS1005: '}' expected.
src/components/SelectCodeModal.tsx(71,107): error TS1381: Unexpected token. Did you mean `{'}'}` or `&rbrace;`?
src/components/SelectCodeModal.tsx(75,45): error TS1382: Unexpected token. Did you mean `{'>'}` or `&gt;`?
src/components/SelectCodeModal.tsx(77,9): error TS1381: Unexpected token. Did you mean `{'}'}` or `&rbrace;`?
src/components/SelectCodeModal.tsx(78,72): error TS1005: '}' expected.
src/components/SelectCodeModal.tsx(79,9): error TS1381: Unexpected token. Did you mean `{'}'}` or `&rbrace;`?
src/components/SelectCodeModal.tsx(80,7): error TS1381: Unexpected token. Did you mean `{'}'}` or `&rbrace;`?
src/components/SelectCodeModal.tsx(82,65): error TS1005: '}' expected.
src/components/SelectCodeModal.tsx(90,69): error TS1005: '}' expected.
src/components/SelectCodeModal.tsx(92,9): error TS1381: Unexpected token. Did you mean `{'}'}` or `&rbrace;`?
src/components/SelectCodeModal.tsx(93,63): error TS1005: '}' expected.
src/components/SelectCodeModal.tsx(94,9): error TS1381: Unexpected token. Did you mean `{'}'}` or `&rbrace;`?
src/components/SelectCodeModal.tsx(95,7): error TS1381: Unexpected token. Did you mean `{'}'}` or `&rbrace;`?
src/components/SelectCodeModal.tsx(96,5): error TS1381: Unexpected token. Did you mean `{'}'}` or `&rbrace;`?
src/components/SelectCodeModal.tsx(98,3): error TS1381: Unexpected token. Did you mean `{'}'}` or `&rbrace;`?
src/components/SelectCodeModal.tsx(101,17): error TS1382: Unexpected token. Did you mean `{'>'}` or `&gt;`?
src/components/SelectCodeModal.tsx(102,5): error TS1109: Expression expected.
src/components/SelectCodeModal.tsx(104,39): error TS1382: Unexpected token. Did you mean `{'>'}` or `&gt;`?
src/components/SelectCodeModal.tsx(105,34): error TS1005: '}' expected.
src/components/SelectCodeModal.tsx(108,55): error TS1005: '}' expected.
src/components/SelectCodeModal.tsx(111,52): error TS1382: Unexpected token. Did you mean `{'>'}` or `&gt;`?
src/components/SelectCodeModal.tsx(112,27): error TS1382: Unexpected token. Did you mean `{'>'}` or `&gt;`?
src/components/SelectCodeModal.tsx(124,7): error TS1381: Unexpected token. Did you mean `{'}'}` or `&rbrace;`?
src/components/SelectCodeModal.tsx(125,61): error TS1005: '}' expected.
src/components/SelectCodeModal.tsx(126,7): error TS1381: Unexpected token. Did you mean `{'}'}` or `&rbrace;`?
src/components/SelectCodeModal.tsx(127,37): error TS1005: '}' expected.
src/components/SelectCodeModal.tsx(128,7): error TS1381: Unexpected token. Did you mean `{'}'}` or `&rbrace;`?
src/components/SelectCodeModal.tsx(129,5): error TS1381: Unexpected token. Did you mean `{'}'}` or `&rbrace;`?
src/components/SelectCodeModal.tsx(132,3): error TS1381: Unexpected token. Did you mean `{'}'}` or `&rbrace;`?
src/components/SelectCodeModal.tsx(135,17): error TS1382: Unexpected token. Did you mean `{'>'}` or `&gt;`?
src/components/SelectCodeModal.tsx(136,5): error TS1109: Expression expected.
src/components/SelectCodeModal.tsx(138,47): error TS1382: Unexpected token. Did you mean `{'>'}` or `&gt;`?
src/components/SelectCodeModal.tsx(139,7): error TS1109: Expression expected.
src/components/SelectCodeModal.tsx(140,18): error TS1005: '}' expected.
src/components/SelectCodeModal.tsx(141,7): error TS1381: Unexpected token. Did you mean `{'}'}` or `&rbrace;`?
src/components/SelectCodeModal.tsx(142,5): error TS1381: Unexpected token. Did you mean `{'}'}` or `&rbrace;`?
src/components/SelectCodeModal.tsx(144,16): error TS1382: Unexpected token. Did you mean `{'>'}` or `&gt;`?
src/components/SelectCodeModal.tsx(145,3): error TS1381: Unexpected token. Did you mean `{'}'}` or `&rbrace;`?
src/components/SelectCodeModal.tsx(148,32): error TS1382: Unexpected token. Did you mean `{'>'}` or `&gt;`?
src/components/SelectCodeModal.tsx(149,25): error TS1005: '}' expected.
src/components/SelectCodeModal.tsx(152,20): error TS1382: Unexpected token. Did you mean `{'>'}` or `&gt;`?
src/components/SelectCodeModal.tsx(153,3): error TS1381: Unexpected token. Did you mean `{'}'}` or `&rbrace;`?
src/components/SelectCodeModal.tsx(156,48): error TS1382: Unexpected token. Did you mean `{'>'}` or `&gt;`?
src/components/SelectCodeModal.tsx(161,6): error TS1005: '}' expected.
src/components/SelectCodeModal.tsx(162,3): error TS1381: Unexpected token. Did you mean `{'}'}` or `&rbrace;`?
src/components/SelectCodeModal.tsx(165,75): error TS1382: Unexpected token. Did you mean `{'>'}` or `&gt;`?
src/components/SelectCodeModal.tsx(166,70): error TS1005: '}' expected.
src/components/SelectCodeModal.tsx(169,30): error TS1382: Unexpected token. Did you mean `{'>'}` or `&gt;`?
src/components/SelectCodeModal.tsx(170,7): error TS1109: Expression expected.
src/components/SelectCodeModal.tsx(171,9): error TS1109: Expression expected.
src/components/SelectCodeModal.tsx(172,7): error TS1381: Unexpected token. Did you mean `{'}'}` or `&rbrace;`?
src/components/SelectCodeModal.tsx(174,5): error TS1381: Unexpected token. Did you mean `{'}'}` or `&rbrace;`?
src/components/SelectCodeModal.tsx(180,3): error TS1381: Unexpected token. Did you mean `{'}'}` or `&rbrace;`?
src/components/SelectCodeModal.tsx(183,32): error TS1382: Unexpected token. Did you mean `{'>'}` or `&gt;`?
src/components/SelectCodeModal.tsx(184,5): error TS1109: Expression expected.
src/components/SelectCodeModal.tsx(186,7): error TS1109: Expression expected.
src/components/SelectCodeModal.tsx(186,20): error TS1005: '}' expected.
src/components/SelectCodeModal.tsx(186,34): error TS1381: Unexpected token. Did you mean `{'}'}` or `&rbrace;`?
src/components/SelectCodeModal.tsx(194,32): error TS1382: Unexpected token. Did you mean `{'>'}` or `&gt;`?
src/components/SelectCodeModal.tsx(195,9): error TS1109: Expression expected.
src/components/SelectCodeModal.tsx(195,21): error TS1005: '}' expected.
src/components/SelectCodeModal.tsx(195,32): error TS1381: Unexpected token. Did you mean `{'}'}` or `&rbrace;`?
src/components/SelectCodeModal.tsx(200,41): error TS1382: Unexpected token. Did you mean `{'>'}` or `&gt;`?
src/components/SelectCodeModal.tsx(202,11): error TS1109: Expression expected.
src/components/SelectCodeModal.tsx(202,63): error TS1382: Unexpected token. Did you mean `{'>'}` or `&gt;`?
src/components/SelectCodeModal.tsx(203,32): error TS1382: Unexpected token. Did you mean `{'>'}` or `&gt;`?
src/components/SelectCodeModal.tsx(204,24): error TS1005: '}' expected.
src/components/SelectCodeModal.tsx(206,13): error TS1381: Unexpected token. Did you mean `{'}'}` or `&rbrace;`?
src/components/SelectCodeModal.tsx(209,24): error TS1005: '}' expected.
src/components/SelectCodeModal.tsx(209,38): error TS1381: Unexpected token. Did you mean `{'}'}` or `&rbrace;`?
src/components/SelectCodeModal.tsx(216,54): error TS1382: Unexpected token. Did you mean `{'>'}` or `&gt;`?
src/components/SelectCodeModal.tsx(218,24): error TS1005: '}' expected.
src/components/SelectCodeModal.tsx(218,38): error TS1381: Unexpected token. Did you mean `{'}'}` or `&rbrace;`?
src/components/SelectCodeModal.tsx(221,28): error TS1005: '}' expected.
src/components/SelectCodeModal.tsx(224,13): error TS1381: Unexpected token. Did you mean `{'}'}` or `&rbrace;`?
src/components/SelectCodeModal.tsx(228,9): error TS1381: Unexpected token. Did you mean `{'}'}` or `&rbrace;`?
src/components/SelectCodeModal.tsx(229,7): error TS1381: Unexpected token. Did you mean `{'}'}` or `&rbrace;`?
src/components/SelectCodeModal.tsx(231,9): error TS1109: Expression expected.
src/components/SelectCodeModal.tsx(231,22): error TS1005: '}' expected.
src/components/SelectCodeModal.tsx(231,35): error TS1381: Unexpected token. Did you mean `{'}'}` or `&rbrace;`?
src/components/SelectCodeModal.tsx(234,26): error TS1005: '}' expected.
src/components/SelectCodeModal.tsx(237,11): error TS1381: Unexpected token. Did you mean `{'}'}` or `&rbrace;`?
src/components/SelectCodeModal.tsx(241,7): error TS1381: Unexpected token. Did you mean `{'}'}` or `&rbrace;`?
src/components/SelectCodeModal.tsx(246,5): error TS1381: Unexpected token. Did you mean `{'}'}` or `&rbrace;`?
src/components/SelectCodeModal.tsx(247,48): error TS1005: '}' expected.
src/components/SelectCodeModal.tsx(249,5): error TS1381: Unexpected token. Did you mean `{'}'}` or `&rbrace;`?
src/components/SelectCodeModal.tsx(250,3): error TS1381: Unexpected token. Did you mean `{'}'}` or `&rbrace;`?
src/components/SelectCodeModal.tsx(252,43): error TS1382: Unexpected token. Did you mean `{'>'}` or `&gt;`?
src/components/SelectCodeModal.tsx(414,1): error TS1381: Unexpected token. Did you mean `{'}'}` or `&rbrace;`?
src/components/SelectCodeModal.tsx(414,2): error TS1005: '</' expected.
src/components/shared/EditableTable/index.ts(1,55): error TS1005: '>' expected.
src/components/shared/EditableTable/index.ts(1,60): error TS1005: '{' expected.
src/components/shared/EditableTable/index.ts(1,72): error TS1005: ';' expected.
src/components/shared/EditableTable/index.ts(1,108): error TS1005: '>' expected.
src/components/shared/EditableTable/index.ts(1,113): error TS1005: '{' expected.
src/components/shared/EditableTable/index.ts(1,136): error TS1005: ';' expected.
src/components/shared/EditableTable/index.ts(2,1): error TS1109: Expression expected.
src/components/shared/EditableTable/useTableSort.ts(8,68): error TS1005: '>' expected.
src/components/shared/EditableTable/useTableSort.ts(8,73): error TS1005: '{' expected.
src/components/shared/EditableTable/useTableSort.ts(8,96): error TS1005: ',' expected.
src/components/shared/EditableTable/useTableSort.ts(13,48): error TS1005: '>' expected.
src/components/shared/EditableTable/useTableSort.ts(13,53): error TS1005: '{' expected.
src/components/shared/EditableTable/useTableSort.ts(13,76): error TS1005: ',' expected.
src/components/shared/EditableTable/useTableSort.ts(13,111): error TS1005: ',' expected.
src/components/shared/EditableTable/useTableSort.ts(21,27): error TS1005: '>' expected.
src/components/shared/EditableTable/useTableSort.ts(21,32): error TS1005: '{' expected.
src/components/shared/EditableTable/useTableSort.ts(21,55): error TS1005: ';' expected.
src/components/shared/EditableTable/useTableSort.ts(21,83): error TS1109: Expression expected.
src/components/shared/EditableTable/useTableSort.ts(27,25): error TS1005: '>' expected.
src/components/shared/EditableTable/useTableSort.ts(27,30): error TS1005: '{' expected.
src/components/shared/EditableTable/useTableSort.ts(27,53): error TS1005: ';' expected.
src/components/shared/EditableTable/useTableSort.ts(27,101): error TS1005: ';' expected.
src/components/shared/EditableTable/useTableSort.ts(27,109): error TS1005: ';' expected.
src/components/shared/EditableTable/useTableSort.ts(27,114): error TS1005: '{' expected.
src/components/shared/EditableTable/useTableSort.ts(27,137): error TS1005: ';' expected.
src/components/shared/EditableTable/useTableSort.ts(27,165): error TS1109: Expression expected.
src/components/shared/EditableTable/useTableSort.ts(28,31): error TS1005: '>' expected.
src/components/shared/EditableTable/useTableSort.ts(28,36): error TS1005: '{' expected.
src/components/shared/EditableTable/useTableSort.ts(28,59): error TS1005: ';' expected.
src/components/shared/EditableTable/useTableSort.ts(28,87): error TS1109: Expression expected.
src/components/shared/EditableTable/useTableSort.ts(39,52): error TS1005: '>' expected.
src/components/shared/EditableTable/useTableSort.ts(39,57): error TS1005: '{' expected.
src/components/shared/EditableTable/useTableSort.ts(39,80): error TS1005: ':' expected.
src/components/shared/EditableTable/useTableSort.ts(39,109): error TS1005: ';' expected.
src/components/shared/EditableTable/useTableSort.ts(40,11): error TS1128: Declaration or statement expected.
src/components/shared/EditableTable/useTableSort.ts(44,51): error TS1005: '>' expected.
src/components/shared/EditableTable/useTableSort.ts(44,56): error TS1005: '{' expected.
src/components/shared/EditableTable/useTableSort.ts(44,79): error TS1005: ';' expected.
src/components/shared/EditableTable/useTableSort.ts(44,112): error TS1005: ';' expected.
src/components/shared/EditableTable/useTableSort.ts(45,7): error TS1005: '>' expected.
src/components/shared/EditableTable/useTableSort.ts(45,12): error TS1005: '{' expected.
src/components/shared/EditableTable/useTableSort.ts(45,35): error TS1005: ';' expected.
src/components/shared/EditableTable/useTableSort.ts(45,69): error TS1109: Expression expected.
src/components/shared/EditableTable/useTableSort.ts(48,5): error TS1128: Declaration or statement expected.
src/components/shared/EditableTable/useTableSort.ts(48,6): error TS1128: Declaration or statement expected.
src/components/shared/EditableTable/useTableSort.ts(49,3): error TS1128: Declaration or statement expected.
src/components/shared/EditableTable/useTableSort.ts(49,4): error TS1128: Declaration or statement expected.
src/components/shared/EditableTable/useTableSort.ts(49,34): error TS1005: ';' expected.
src/components/shared/EditableTable/useTableSort.ts(57,1): error TS1128: Declaration or statement expected.
src/components/TestPromptModal.tsx(1,46): error TS17008: JSX element 'span' has no corresponding closing tag.
src/components/TestPromptModal.tsx(1,99): error TS17008: JSX element 'span' has no corresponding closing tag.
src/components/TestPromptModal.tsx(5,7): error TS1005: '}' expected.
src/components/TestPromptModal.tsx(6,16): error TS1382: Unexpected token. Did you mean `{'>'}` or `&gt;`?
src/components/TestPromptModal.tsx(9,1): error TS1381: Unexpected token. Did you mean `{'}'}` or `&rbrace;`?
src/components/TestPromptModal.tsx(12,3): error TS1109: Expression expected.
src/components/TestPromptModal.tsx(15,46): error TS1003: Identifier expected.
src/components/TestPromptModal.tsx(15,68): error TS1382: Unexpected token. Did you mean `{'>'}` or `&gt;`?
src/components/TestPromptModal.tsx(19,38): error TS1003: Identifier expected.
src/components/TestPromptModal.tsx(19,40): error TS1005: '...' expected.
src/components/TestPromptModal.tsx(19,45): error TS1109: Expression expected.
src/components/TestPromptModal.tsx(19,53): error TS1005: '}' expected.
src/components/TestPromptModal.tsx(19,71): error TS1381: Unexpected token. Did you mean `{'}'}` or `&rbrace;`?
src/components/TestPromptModal.tsx(19,72): error TS1382: Unexpected token. Did you mean `{'>'}` or `&gt;`?
src/components/TestPromptModal.tsx(22,17): error TS1382: Unexpected token. Did you mean `{'>'}` or `&gt;`?
src/components/TestPromptModal.tsx(23,5): error TS1109: Expression expected.
src/components/TestPromptModal.tsx(25,47): error TS1382: Unexpected token. Did you mean `{'>'}` or `&gt;`?
src/components/TestPromptModal.tsx(26,7): error TS1109: Expression expected.
src/components/TestPromptModal.tsx(27,18): error TS1005: '}' expected.
src/components/TestPromptModal.tsx(28,7): error TS1381: Unexpected token. Did you mean `{'}'}` or `&rbrace;`?
src/components/TestPromptModal.tsx(29,5): error TS1381: Unexpected token. Did you mean `{'}'}` or `&rbrace;`?
src/components/TestPromptModal.tsx(31,16): error TS1382: Unexpected token. Did you mean `{'>'}` or `&gt;`?
src/components/TestPromptModal.tsx(32,3): error TS1381: Unexpected token. Did you mean `{'}'}` or `&rbrace;`?
src/components/TestPromptModal.tsx(37,5): error TS1109: Expression expected.
src/components/TestPromptModal.tsx(39,15): error TS1005: '}' expected.
src/components/TestPromptModal.tsx(40,15): error TS1005: '}' expected.
src/components/TestPromptModal.tsx(40,45): error TS1381: Unexpected token. Did you mean `{'}'}` or `&rbrace;`?
src/components/TestPromptModal.tsx(41,15): error TS1005: '}' expected.
src/components/TestPromptModal.tsx(41,46): error TS1381: Unexpected token. Did you mean `{'}'}` or `&rbrace;`?
src/components/TestPromptModal.tsx(46,5): error TS1381: Unexpected token. Did you mean `{'}'}` or `&rbrace;`?
src/components/TestPromptModal.tsx(54,7): error TS1109: Expression expected.
src/components/TestPromptModal.tsx(55,15): error TS1005: '}' expected.
src/components/TestPromptModal.tsx(56,34): error TS1005: '}' expected.
src/components/TestPromptModal.tsx(56,55): error TS1381: Unexpected token. Did you mean `{'}'}` or `&rbrace;`?
src/components/TestPromptModal.tsx(58,7): error TS1381: Unexpected token. Did you mean `{'}'}` or `&rbrace;`?
src/components/TestPromptModal.tsx(62,13): error TS1005: '}' expected.
src/components/TestPromptModal.tsx(64,7): error TS1381: Unexpected token. Did you mean `{'}'}` or `&rbrace;`?
src/components/TestPromptModal.tsx(66,5): error TS1381: Unexpected token. Did you mean `{'}'}` or `&rbrace;`?
src/components/TestPromptModal.tsx(67,71): error TS1005: '}' expected.
src/components/TestPromptModal.tsx(68,22): error TS1005: '}' expected.
src/components/TestPromptModal.tsx(68,41): error TS1381: Unexpected token. Did you mean `{'}'}` or `&rbrace;`?
src/components/TestPromptModal.tsx(69,5): error TS1381: Unexpected token. Did you mean `{'}'}` or `&rbrace;`?
src/components/TestPromptModal.tsx(70,26): error TS1005: '}' expected.
src/components/TestPromptModal.tsx(71,5): error TS1381: Unexpected token. Did you mean `{'}'}` or `&rbrace;`?
src/components/TestPromptModal.tsx(72,3): error TS1381: Unexpected token. Did you mean `{'}'}` or `&rbrace;`?
src/components/TestPromptModal.tsx(249,1): error TS1381: Unexpected token. Did you mean `{'}'}` or `&rbrace;`?
src/components/TestPromptModal.tsx(249,2): error TS1005: '</' expected.
src/components/UploadListModal.tsx(1,46): error TS17008: JSX element 'span' has no corresponding closing tag.
src/components/UploadListModal.tsx(1,99): error TS17008: JSX element 'span' has no corresponding closing tag.
src/components/UploadListModal.tsx(10,7): error TS1005: '}' expected.
src/components/UploadListModal.tsx(11,16): error TS1382: Unexpected token. Did you mean `{'>'}` or `&gt;`?
src/components/UploadListModal.tsx(13,55): error TS1382: Unexpected token. Did you mean `{'>'}` or `&gt;`?
src/components/UploadListModal.tsx(13,65): error TS17008: JSX element 'void' has no corresponding closing tag.
src/components/UploadListModal.tsx(14,1): error TS1381: Unexpected token. Did you mean `{'}'}` or `&rbrace;`?
src/components/UploadListModal.tsx(26,3): error TS1109: Expression expected.
src/components/UploadListModal.tsx(27,70): error TS1003: Identifier expected.
src/components/UploadListModal.tsx(27,72): error TS1382: Unexpected token. Did you mean `{'>'}` or `&gt;`?
src/components/UploadListModal.tsx(31,17): error TS1382: Unexpected token. Did you mean `{'>'}` or `&gt;`?
src/components/UploadListModal.tsx(32,5): error TS1109: Expression expected.
src/components/UploadListModal.tsx(33,18): error TS1005: '}' expected.
src/components/UploadListModal.tsx(35,5): error TS1381: Unexpected token. Did you mean `{'}'}` or `&rbrace;`?
src/components/UploadListModal.tsx(36,3): error TS1381: Unexpected token. Did you mean `{'}'}` or `&rbrace;`?
src/components/UploadListModal.tsx(39,17): error TS1382: Unexpected token. Did you mean `{'>'}` or `&gt;`?
src/components/UploadListModal.tsx(40,5): error TS1109: Expression expected.
src/components/UploadListModal.tsx(42,47): error TS1382: Unexpected token. Did you mean `{'>'}` or `&gt;`?
src/components/UploadListModal.tsx(43,7): error TS1109: Expression expected.
src/components/UploadListModal.tsx(44,18): error TS1005: '}' expected.
src/components/UploadListModal.tsx(45,7): error TS1381: Unexpected token. Did you mean `{'}'}` or `&rbrace;`?
src/components/UploadListModal.tsx(46,5): error TS1381: Unexpected token. Did you mean `{'}'}` or `&rbrace;`?
src/components/UploadListModal.tsx(49,16): error TS1382: Unexpected token. Did you mean `{'>'}` or `&gt;`?
src/components/UploadListModal.tsx(50,3): error TS1381: Unexpected token. Did you mean `{'}'}` or `&rbrace;`?
src/components/UploadListModal.tsx(52,34): error TS1382: Unexpected token. Did you mean `{'>'}` or `&gt;`?
src/components/UploadListModal.tsx(54,5): error TS1109: Expression expected.
src/components/UploadListModal.tsx(56,20): error TS1382: Unexpected token. Did you mean `{'>'}` or `&gt;`?
src/components/UploadListModal.tsx(57,23): error TS1382: Unexpected token. Did you mean `{'>'}` or `&gt;`?
src/components/UploadListModal.tsx(57,37): error TS1382: Unexpected token. Did you mean `{'>'}` or `&gt;`?
src/components/UploadListModal.tsx(61,47): error TS1005: '}' expected.
src/components/UploadListModal.tsx(63,5): error TS1381: Unexpected token. Did you mean `{'}'}` or `&rbrace;`?
src/components/UploadListModal.tsx(65,22): error TS1382: Unexpected token. Did you mean `{'>'}` or `&gt;`?
src/components/UploadListModal.tsx(66,7): error TS1109: Expression expected.
src/components/UploadListModal.tsx(67,9): error TS1109: Expression expected.
src/components/UploadListModal.tsx(68,7): error TS1381: Unexpected token. Did you mean `{'}'}` or `&rbrace;`?
src/components/UploadListModal.tsx(69,5): error TS1381: Unexpected token. Did you mean `{'}'}` or `&rbrace;`?
src/components/UploadListModal.tsx(74,48): error TS1005: '}' expected.
src/components/UploadListModal.tsx(76,5): error TS1381: Unexpected token. Did you mean `{'}'}` or `&rbrace;`?
src/components/UploadListModal.tsx(77,45): error TS1005: '}' expected.
src/components/UploadListModal.tsx(78,5): error TS1381: Unexpected token. Did you mean `{'}'}` or `&rbrace;`?
src/components/UploadListModal.tsx(79,28): error TS1005: '}' expected.
src/components/UploadListModal.tsx(80,5): error TS1381: Unexpected token. Did you mean `{'}'}` or `&rbrace;`?
src/components/UploadListModal.tsx(81,3): error TS1381: Unexpected token. Did you mean `{'}'}` or `&rbrace;`?
src/components/UploadListModal.tsx(86,18): error TS1382: Unexpected token. Did you mean `{'>'}` or `&gt;`?
src/components/UploadListModal.tsx(87,21): error TS1382: Unexpected token. Did you mean `{'>'}` or `&gt;`?
src/components/UploadListModal.tsx(87,35): error TS1382: Unexpected token. Did you mean `{'>'}` or `&gt;`?
src/components/UploadListModal.tsx(256,1): error TS1381: Unexpected token. Did you mean `{'}'}` or `&rbrace;`?
src/components/UploadListModal.tsx(260,3): error TS1109: Expression expected.
src/components/UploadListModal.tsx(261,1): error TS1381: Unexpected token. Did you mean `{'}'}` or `&rbrace;`?
src/components/UploadListModal.tsx(261,2): error TS1005: '</' expected.
src/components/VirtualizedAnswerTable.tsx(1,31): error TS17008: JSX element 'span' has no corresponding closing tag.
src/components/VirtualizedAnswerTable.tsx(1,84): error TS17008: JSX element 'span' has no corresponding closing tag.
src/components/VirtualizedAnswerTable.tsx(9,10): error TS1005: '}' expected.
src/components/VirtualizedAnswerTable.tsx(10,20): error TS17008: JSX element 'number' has no corresponding closing tag.
src/components/VirtualizedAnswerTable.tsx(11,33): error TS1382: Unexpected token. Did you mean `{'>'}` or `&gt;`?
src/components/VirtualizedAnswerTable.tsx(12,33): error TS1382: Unexpected token. Did you mean `{'>'}` or `&gt;`?
src/components/VirtualizedAnswerTable.tsx(13,57): error TS1382: Unexpected token. Did you mean `{'>'}` or `&gt;`?
src/components/VirtualizedAnswerTable.tsx(17,1): error TS1381: Unexpected token. Did you mean `{'}'}` or `&rbrace;`?
src/components/VirtualizedAnswerTable.tsx(20,8): error TS1005: '}' expected.
src/components/VirtualizedAnswerTable.tsx(23,12): error TS1005: '}' expected.
src/components/VirtualizedAnswerTable.tsx(24,22): error TS17008: JSX element 'number' has no corresponding closing tag.
src/components/VirtualizedAnswerTable.tsx(25,35): error TS1382: Unexpected token. Did you mean `{'>'}` or `&gt;`?
src/components/VirtualizedAnswerTable.tsx(26,35): error TS1382: Unexpected token. Did you mean `{'>'}` or `&gt;`?
src/components/VirtualizedAnswerTable.tsx(27,59): error TS1382: Unexpected token. Did you mean `{'>'}` or `&gt;`?
src/components/VirtualizedAnswerTable.tsx(29,3): error TS1381: Unexpected token. Did you mean `{'}'}` or `&rbrace;`?
src/components/VirtualizedAnswerTable.tsx(30,1): error TS1381: Unexpected token. Did you mean `{'}'}` or `&rbrace;`?
src/components/VirtualizedAnswerTable.tsx(33,60): error TS1382: Unexpected token. Did you mean `{'>'}` or `&gt;`?
src/components/VirtualizedAnswerTable.tsx(34,3): error TS1109: Expression expected.
src/components/VirtualizedAnswerTable.tsx(123,1): error TS1381: Unexpected token. Did you mean `{'}'}` or `&rbrace;`?
src/components/VirtualizedAnswerTable.tsx(146,1): error TS1109: Expression expected.
src/components/VirtualizedAnswerTable.tsx(147,3): error TS1109: Expression expected.
src/components/VirtualizedAnswerTable.tsx(156,3): error TS1109: Expression expected.
src/components/VirtualizedAnswerTable.tsx(220,1): error TS1381: Unexpected token. Did you mean `{'}'}` or `&rbrace;`?
src/components/VirtualizedAnswerTable.tsx(220,2): error TS1005: '</' expected.
src/hooks/useAnswersQuery.ts(1,85): error TS1005: '>' expected.
src/hooks/useAnswersQuery.ts(1,90): error TS1005: '{' expected.
src/hooks/useAnswersQuery.ts(1,102): error TS1005: ';' expected.
src/hooks/useAnswersQuery.ts(1,138): error TS1005: '>' expected.
src/hooks/useAnswersQuery.ts(1,143): error TS1005: '{' expected.
src/hooks/useAnswersQuery.ts(1,166): error TS1005: ';' expected.
src/hooks/useAnswersQuery.ts(2,1): error TS1109: Expression expected.
src/hooks/useBatchSelection.ts(1,64): error TS1005: '>' expected.
src/hooks/useBatchSelection.ts(1,69): error TS1005: '{' expected.
src/hooks/useBatchSelection.ts(1,81): error TS1005: ';' expected.
src/hooks/useBatchSelection.ts(1,117): error TS1005: '>' expected.
src/hooks/useBatchSelection.ts(1,122): error TS1005: '{' expected.
src/hooks/useBatchSelection.ts(1,145): error TS1005: ';' expected.
src/hooks/useBatchSelection.ts(3,1): error TS1109: Expression expected.
src/hooks/useCategoriesData.ts(1,64): error TS1005: '>' expected.
src/hooks/useCategoriesData.ts(1,69): error TS1005: '{' expected.
src/hooks/useCategoriesData.ts(1,81): error TS1005: ';' expected.
src/hooks/useCategoriesData.ts(1,117): error TS1005: '>' expected.
src/hooks/useCategoriesData.ts(1,122): error TS1005: '{' expected.
src/hooks/useCategoriesData.ts(1,145): error TS1005: ';' expected.
src/hooks/useCategoriesData.ts(2,1): error TS1109: Expression expected.
src/hooks/useCategoriesQuery.ts(1,85): error TS1005: '>' expected.
src/hooks/useCategoriesQuery.ts(1,90): error TS1005: '{' expected.
src/hooks/useCategoriesQuery.ts(1,102): error TS1005: ';' expected.
src/hooks/useCategoriesQuery.ts(1,138): error TS1005: '>' expected.
src/hooks/useCategoriesQuery.ts(1,143): error TS1005: '{' expected.
src/hooks/useCategoriesQuery.ts(1,166): error TS1005: ';' expected.
src/hooks/useCategoriesQuery.ts(2,1): error TS1109: Expression expected.
src/hooks/useCodesQuery.ts(1,85): error TS1005: '>' expected.
src/hooks/useCodesQuery.ts(1,90): error TS1005: '{' expected.
src/hooks/useCodesQuery.ts(1,102): error TS1005: ';' expected.
src/hooks/useCodesQuery.ts(1,138): error TS1005: '>' expected.
src/hooks/useCodesQuery.ts(1,143): error TS1005: '{' expected.
src/hooks/useCodesQuery.ts(1,166): error TS1005: ';' expected.
src/hooks/useCodesQuery.ts(2,1): error TS1109: Expression expected.
src/hooks/useDebounce.ts(8,26): error TS1005: '>' expected.
src/hooks/useDebounce.ts(8,31): error TS1005: '{' expected.
src/hooks/useDebounce.ts(8,54): error TS1005: ';' expected.
src/hooks/useDebounce.ts(10,7): error TS1005: ',' expected.
src/hooks/useDebounce.ts(10,13): error TS1005: ':' expected.
src/hooks/useErrorHandler.ts(1,43): error TS1005: '>' expected.
src/hooks/useErrorHandler.ts(1,48): error TS1005: '{' expected.
src/hooks/useErrorHandler.ts(1,60): error TS1005: ';' expected.
src/hooks/useErrorHandler.ts(1,96): error TS1005: '>' expected.
src/hooks/useErrorHandler.ts(1,101): error TS1005: '{' expected.
src/hooks/useErrorHandler.ts(1,124): error TS1005: ';' expected.
src/hooks/useErrorHandler.ts(2,1): error TS1109: Expression expected.
src/hooks/useFilters.ts(186,41): error TS1005: '>' expected.
src/hooks/useFilters.ts(186,46): error TS1005: '{' expected.
src/hooks/useFilters.ts(186,69): error TS1005: ';' expected.
src/hooks/useFilters.ts(190,38): error TS1005: '>' expected.
src/hooks/useFilters.ts(190,43): error TS1005: '{' expected.
src/hooks/useFilters.ts(190,66): error TS1005: ';' expected.
src/hooks/useFocusTrap.ts(1,52): error TS1005: '>' expected.
src/hooks/useFocusTrap.ts(1,57): error TS1005: '{' expected.
src/hooks/useFocusTrap.ts(1,69): error TS1005: ';' expected.
src/hooks/useFocusTrap.ts(1,105): error TS1005: '>' expected.
src/hooks/useFocusTrap.ts(1,110): error TS1005: '{' expected.
src/hooks/useFocusTrap.ts(1,133): error TS1005: ';' expected.
src/hooks/useFocusTrap.ts(3,1): error TS1109: Expression expected.
src/hooks/useKeyboardNavigation.ts(42,7): error TS1005: '>' expected.
src/hooks/useKeyboardNavigation.ts(42,12): error TS1005: '{' expected.
src/hooks/useKeyboardNavigation.ts(42,35): error TS1005: ';' expected.
src/hooks/useKeyboardNavigation.ts(42,69): error TS1109: Expression expected.
src/hooks/useKeyboardNavigation.ts(43,7): error TS1005: '>' expected.
src/hooks/useKeyboardNavigation.ts(43,12): error TS1005: '{' expected.
src/hooks/useKeyboardNavigation.ts(43,35): error TS1005: ';' expected.
src/hooks/useKeyboardNavigation.ts(43,69): error TS1109: Expression expected.
src/hooks/useKeyboardNavigation.ts(52,7): error TS1005: '>' expected.
src/hooks/useKeyboardNavigation.ts(52,12): error TS1005: '{' expected.
src/hooks/useKeyboardNavigation.ts(52,35): error TS1005: ';' expected.
src/hooks/useKeyboardNavigation.ts(52,69): error TS1109: Expression expected.
src/hooks/useKeyboardNavigation.ts(53,7): error TS1005: '>' expected.
src/hooks/useKeyboardNavigation.ts(53,12): error TS1005: '{' expected.
src/hooks/useKeyboardNavigation.ts(53,35): error TS1005: ';' expected.
src/hooks/useKeyboardNavigation.ts(53,69): error TS1109: Expression expected.
src/hooks/useKeyboardNavigation.ts(56,7): error TS1005: '>' expected.
src/hooks/useKeyboardNavigation.ts(56,12): error TS1005: '{' expected.
src/hooks/useKeyboardNavigation.ts(56,35): error TS1005: ';' expected.
src/hooks/useKeyboardNavigation.ts(56,69): error TS1109: Expression expected.
src/hooks/useKeyboardNavigation.ts(57,7): error TS1005: '>' expected.
src/hooks/useKeyboardNavigation.ts(57,12): error TS1005: '{' expected.
src/hooks/useKeyboardNavigation.ts(57,35): error TS1005: ';' expected.
src/hooks/useKeyboardNavigation.ts(57,69): error TS1109: Expression expected.
src/hooks/useOfflineSync.ts(1,64): error TS1005: '>' expected.
src/hooks/useOfflineSync.ts(1,69): error TS1005: '{' expected.
src/hooks/useOfflineSync.ts(1,81): error TS1005: ';' expected.
src/hooks/useOfflineSync.ts(1,117): error TS1005: '>' expected.
src/hooks/useOfflineSync.ts(1,122): error TS1005: '{' expected.
src/hooks/useOfflineSync.ts(1,145): error TS1005: ';' expected.
src/hooks/useOfflineSync.ts(2,1): error TS1109: Expression expected.
src/hooks/useUndoRedo.ts(1,53): error TS1005: '>' expected.
src/hooks/useUndoRedo.ts(1,58): error TS1005: '{' expected.
src/hooks/useUndoRedo.ts(1,70): error TS1005: ';' expected.
src/hooks/useUndoRedo.ts(1,106): error TS1005: '>' expected.
src/hooks/useUndoRedo.ts(1,111): error TS1005: '{' expected.
src/hooks/useUndoRedo.ts(1,134): error TS1005: ';' expected.
src/hooks/useUndoRedo.ts(2,1): error TS1109: Expression expected.
src/lib/analyticsEngine.ts(1,54): error TS1005: '>' expected.
src/lib/analyticsEngine.ts(1,59): error TS1005: '{' expected.
src/lib/analyticsEngine.ts(1,71): error TS1005: ';' expected.
src/lib/analyticsEngine.ts(1,107): error TS1005: '>' expected.
src/lib/analyticsEngine.ts(1,112): error TS1005: '{' expected.
src/lib/analyticsEngine.ts(1,135): error TS1005: ';' expected.
src/lib/analyticsEngine.ts(3,1): error TS1109: Expression expected.
src/lib/autoConfirmAgent.ts(1,45): error TS1005: '>' expected.
src/lib/autoConfirmAgent.ts(1,50): error TS1005: '{' expected.
src/lib/autoConfirmAgent.ts(1,62): error TS1005: ';' expected.
src/lib/autoConfirmAgent.ts(1,98): error TS1005: '>' expected.
src/lib/autoConfirmAgent.ts(1,103): error TS1005: '{' expected.
src/lib/autoConfirmAgent.ts(1,126): error TS1005: ';' expected.
src/lib/autoConfirmAgent.ts(7,11): error TS1005: ';' expected.
src/lib/autoConfirmAgent.ts(8,9): error TS1109: Expression expected.
src/lib/autoConfirmAgent.ts(13,9): error TS1109: Expression expected.
src/lib/autoConfirmAgent.ts(14,13): error TS1109: Expression expected.
src/lib/autoConfirmEngine.ts(1,54): error TS1005: '>' expected.
src/lib/autoConfirmEngine.ts(1,59): error TS1005: '{' expected.
src/lib/autoConfirmEngine.ts(1,71): error TS1005: ';' expected.
src/lib/autoConfirmEngine.ts(1,107): error TS1005: '>' expected.
src/lib/autoConfirmEngine.ts(1,112): error TS1005: '{' expected.
src/lib/autoConfirmEngine.ts(1,135): error TS1005: ';' expected.
src/lib/autoConfirmEngine.ts(3,1): error TS1109: Expression expected.
src/lib/batchAIProcessor.ts(1,54): error TS1005: '>' expected.
src/lib/batchAIProcessor.ts(1,59): error TS1005: '{' expected.
src/lib/batchAIProcessor.ts(1,71): error TS1005: ';' expected.
src/lib/batchAIProcessor.ts(1,107): error TS1005: '>' expected.
src/lib/batchAIProcessor.ts(1,112): error TS1005: '{' expected.
src/lib/batchAIProcessor.ts(1,135): error TS1005: ';' expected.
src/lib/batchAIProcessor.ts(2,1): error TS1109: Expression expected.
src/lib/codeSuggestionEngine.ts(1,54): error TS1005: '>' expected.
src/lib/codeSuggestionEngine.ts(1,59): error TS1005: '{' expected.
src/lib/codeSuggestionEngine.ts(1,71): error TS1005: ';' expected.
src/lib/codeSuggestionEngine.ts(1,107): error TS1005: '>' expected.
src/lib/codeSuggestionEngine.ts(1,112): error TS1005: '{' expected.
src/lib/codeSuggestionEngine.ts(1,135): error TS1005: ';' expected.
src/lib/codeSuggestionEngine.ts(3,1): error TS1109: Expression expected.
src/lib/debounce.ts(1,62): error TS1005: '>' expected.
src/lib/debounce.ts(1,67): error TS1005: '{' expected.
src/lib/debounce.ts(1,79): error TS1005: ';' expected.
src/lib/debounce.ts(1,115): error TS1005: '>' expected.
src/lib/debounce.ts(1,120): error TS1005: '{' expected.
src/lib/debounce.ts(1,143): error TS1005: ';' expected.
src/lib/debounce.ts(3,1): error TS1109: Expression expected.
src/lib/exportEngine.ts(1,36): error TS1005: '>' expected.
src/lib/exportEngine.ts(1,41): error TS1005: '{' expected.
src/lib/exportEngine.ts(1,53): error TS1005: ';' expected.
src/lib/exportEngine.ts(1,89): error TS1005: '>' expected.
src/lib/exportEngine.ts(1,94): error TS1005: '{' expected.
src/lib/exportEngine.ts(1,117): error TS1005: ';' expected.
src/lib/exportEngine.ts(2,1): error TS1109: Expression expected.
src/lib/importEngine.ts(1,36): error TS1005: '>' expected.
src/lib/importEngine.ts(1,41): error TS1005: '{' expected.
src/lib/importEngine.ts(1,53): error TS1005: ';' expected.
src/lib/importEngine.ts(1,89): error TS1005: '>' expected.
src/lib/importEngine.ts(1,94): error TS1005: '{' expected.
src/lib/importEngine.ts(1,117): error TS1005: ';' expected.
src/lib/importEngine.ts(2,1): error TS1109: Expression expected.
src/lib/metrics.ts(1,45): error TS1005: '>' expected.
src/lib/metrics.ts(1,50): error TS1005: '{' expected.
src/lib/metrics.ts(1,62): error TS1005: ';' expected.
src/lib/metrics.ts(1,98): error TS1005: '>' expected.
src/lib/metrics.ts(1,103): error TS1005: '{' expected.
src/lib/metrics.ts(1,126): error TS1005: ';' expected.
src/lib/metrics.ts(3,1): error TS1109: Expression expected.
src/lib/modelComparison.ts(1,60): error TS1005: '>' expected.
src/lib/modelComparison.ts(1,65): error TS1005: '{' expected.
src/lib/modelComparison.ts(1,77): error TS1005: ';' expected.
src/lib/modelComparison.ts(1,113): error TS1005: '>' expected.
src/lib/modelComparison.ts(1,118): error TS1005: '{' expected.
src/lib/modelComparison.ts(1,141): error TS1005: ';' expected.
src/lib/modelComparison.ts(3,1): error TS1109: Expression expected.
src/lib/offlineStorage.ts(1,36): error TS1005: '>' expected.
src/lib/offlineStorage.ts(1,41): error TS1005: '{' expected.
src/lib/offlineStorage.ts(1,53): error TS1005: ';' expected.
src/lib/offlineStorage.ts(1,89): error TS1005: '>' expected.
src/lib/offlineStorage.ts(1,94): error TS1005: '{' expected.
src/lib/offlineStorage.ts(1,117): error TS1005: ';' expected.
src/lib/offlineStorage.ts(2,1): error TS1109: Expression expected.
src/lib/optimisticUpdate.ts(126,15): error TS1005: '>' expected.
src/lib/optimisticUpdate.ts(126,20): error TS1005: '{' expected.
src/lib/optimisticUpdate.ts(126,43): error TS1005: ';' expected.
src/lib/optimisticUpdate.ts(126,94): error TS1005: ';' expected.
src/lib/optimisticUpdate.ts(126,102): error TS1005: '>' expected.
src/lib/optimisticUpdate.ts(126,107): error TS1005: '{' expected.
src/lib/optimisticUpdate.ts(126,130): error TS1005: ';' expected.
src/lib/optimisticUpdate.ts(127,12): error TS1005: ',' expected.
src/lib/optimisticUpdate.ts(127,44): error TS1005: ',' expected.
src/lib/optimisticUpdate.ts(130,15): error TS1005: '>' expected.
src/lib/optimisticUpdate.ts(130,20): error TS1005: '{' expected.
src/lib/optimisticUpdate.ts(130,43): error TS1005: ';' expected.
src/lib/optimisticUpdate.ts(130,89): error TS1005: ';' expected.
src/lib/optimisticUpdate.ts(130,97): error TS1005: '>' expected.
src/lib/optimisticUpdate.ts(130,102): error TS1005: '{' expected.
src/lib/optimisticUpdate.ts(130,125): error TS1005: ';' expected.
src/lib/optimisticUpdate.ts(131,14): error TS1005: ',' expected.
src/lib/optimisticUpdate.ts(131,26): error TS1005: ',' expected.
src/lib/optimisticUpdate.ts(138,23): error TS1005: '>' expected.
src/lib/optimisticUpdate.ts(138,28): error TS1005: '{' expected.
src/lib/optimisticUpdate.ts(138,51): error TS1005: ',' expected.
src/lib/optimisticUpdate.ts(141,15): error TS1005: '>' expected.
src/lib/optimisticUpdate.ts(141,20): error TS1005: '{' expected.
src/lib/optimisticUpdate.ts(141,43): error TS1005: ';' expected.
src/lib/optimisticUpdate.ts(141,87): error TS1005: ';' expected.
src/lib/optimisticUpdate.ts(141,95): error TS1005: '>' expected.
src/lib/optimisticUpdate.ts(141,100): error TS1005: '{' expected.
src/lib/optimisticUpdate.ts(141,123): error TS1005: ';' expected.
src/lib/optimisticUpdate.ts(142,14): error TS1005: ',' expected.
src/lib/optimisticUpdate.ts(142,27): error TS1005: ',' expected.
src/lib/optimisticUpdate.ts(194,27): error TS1005: '>' expected.
src/lib/optimisticUpdate.ts(194,32): error TS1005: '{' expected.
src/lib/optimisticUpdate.ts(194,33): error TS1134: Variable declaration expected.
src/lib/optimisticUpdate.ts(194,55): error TS1005: ';' expected.
src/lib/optimisticUpdate.ts(197,15): error TS1005: '>' expected.
src/lib/optimisticUpdate.ts(197,20): error TS1005: '{' expected.
src/lib/optimisticUpdate.ts(197,43): error TS1005: ';' expected.
src/lib/optimisticUpdate.ts(197,89): error TS1005: ';' expected.
src/lib/optimisticUpdate.ts(197,97): error TS1005: '>' expected.
src/lib/optimisticUpdate.ts(197,102): error TS1005: '{' expected.
src/lib/optimisticUpdate.ts(197,125): error TS1005: ';' expected.
src/lib/optimisticUpdate.ts(198,14): error TS1005: ',' expected.
src/lib/optimisticUpdate.ts(198,26): error TS1005: ',' expected.
src/lib/optimisticUpdate.ts(205,27): error TS1005: '>' expected.
src/lib/optimisticUpdate.ts(205,32): error TS1005: '{' expected.
src/lib/optimisticUpdate.ts(205,33): error TS1134: Variable declaration expected.
src/lib/optimisticUpdate.ts(205,55): error TS1005: ';' expected.
src/lib/optimisticUpdate.ts(209,15): error TS1005: '>' expected.
src/lib/optimisticUpdate.ts(209,20): error TS1005: '{' expected.
src/lib/optimisticUpdate.ts(209,43): error TS1005: ';' expected.
src/lib/optimisticUpdate.ts(209,87): error TS1005: ';' expected.
src/lib/optimisticUpdate.ts(209,95): error TS1005: '>' expected.
src/lib/optimisticUpdate.ts(209,100): error TS1005: '{' expected.
src/lib/optimisticUpdate.ts(209,123): error TS1005: ';' expected.
src/lib/optimisticUpdate.ts(210,14): error TS1005: ',' expected.
src/lib/optimisticUpdate.ts(210,27): error TS1005: ',' expected.
src/lib/optimisticUpdate.ts(248,20): error TS1005: '>' expected.
src/lib/optimisticUpdate.ts(248,25): error TS1005: '{' expected.
src/lib/optimisticUpdate.ts(248,48): error TS1005: ';' expected.
src/lib/optimisticUpdate.ts(249,11): error TS1005: ':' expected.
src/lib/optimisticUpdate.ts(249,52): error TS1005: ',' expected.
src/lib/optimisticUpdate.ts(266,27): error TS1005: '>' expected.
src/lib/optimisticUpdate.ts(266,32): error TS1005: '{' expected.
src/lib/optimisticUpdate.ts(266,55): error TS1005: ':' expected.
src/lib/optimisticUpdate.ts(267,25): error TS1005: '>' expected.
src/lib/optimisticUpdate.ts(267,30): error TS1005: '{' expected.
src/lib/optimisticUpdate.ts(267,53): error TS1005: ':' expected.
src/lib/queryClient.ts(1,59): error TS1005: '>' expected.
src/lib/queryClient.ts(1,64): error TS1005: '{' expected.
src/lib/queryClient.ts(1,76): error TS1005: ';' expected.
src/lib/queryClient.ts(1,112): error TS1005: '>' expected.
src/lib/queryClient.ts(1,117): error TS1005: '{' expected.
src/lib/queryClient.ts(1,140): error TS1005: ';' expected.
src/lib/queryClient.ts(4,1): error TS1109: Expression expected.
src/lib/realtimeService.ts(1,54): error TS1005: '>' expected.
src/lib/realtimeService.ts(1,59): error TS1005: '{' expected.
src/lib/realtimeService.ts(1,71): error TS1005: ';' expected.
src/lib/realtimeService.ts(1,107): error TS1005: '>' expected.
src/lib/realtimeService.ts(1,112): error TS1005: '{' expected.
src/lib/realtimeService.ts(1,135): error TS1005: ';' expected.
src/lib/realtimeService.ts(2,1): error TS1109: Expression expected.
src/lib/supabase.ts(1,60): error TS1005: '>' expected.
src/lib/supabase.ts(1,65): error TS1005: '{' expected.
src/lib/supabase.ts(1,77): error TS1005: ';' expected.
src/lib/supabase.ts(1,113): error TS1005: '>' expected.
src/lib/supabase.ts(1,118): error TS1005: '{' expected.
src/lib/supabase.ts(1,141): error TS1005: ';' expected.
src/lib/supabase.ts(2,1): error TS1109: Expression expected.
src/lib/supabaseHelpers.ts(40,27): error TS1005: '>' expected.
src/lib/supabaseHelpers.ts(40,32): error TS1005: '{' expected.
src/lib/supabaseHelpers.ts(40,55): error TS1005: ';' expected.
src/lib/supabaseHelpers.ts(40,83): error TS1109: Expression expected.
src/lib/supabaseHelpers.ts(42,32): error TS1005: '>' expected.
src/lib/supabaseHelpers.ts(42,37): error TS1005: '{' expected.
src/lib/supabaseHelpers.ts(42,60): error TS1005: ',' expected.
src/lib/supabaseHelpers.ts(42,107): error TS1005: ',' expected.
src/lib/supabaseHelpers.ts(42,108): error TS1134: Variable declaration expected.
src/lib/supabaseHelpers.ts(42,112): error TS1005: ',' expected.
src/lib/supabaseHelpers.ts(52,30): error TS1005: '>' expected.
src/lib/supabaseHelpers.ts(52,35): error TS1005: '{' expected.
src/lib/supabaseHelpers.ts(52,58): error TS1005: ';' expected.
src/lib/supabaseHelpers.ts(52,86): error TS1109: Expression expected.
src/lib/supabaseHelpers.ts(63,37): error TS1005: '>' expected.
src/lib/supabaseHelpers.ts(63,42): error TS1005: '{' expected.
src/lib/supabaseHelpers.ts(63,65): error TS1005: ';' expected.
src/lib/supabaseHelpers.ts(64,14): error TS1005: ',' expected.
src/lib/supabaseHelpers.ts(64,66): error TS1005: ',' expected.
src/lib/supabaseHelpers.ts(65,13): error TS1005: ':' expected.
src/lib/supabaseHelpers.ts(75,28): error TS1005: '>' expected.
src/lib/supabaseHelpers.ts(75,33): error TS1005: '{' expected.
src/lib/supabaseHelpers.ts(75,56): error TS1005: ';' expected.
src/lib/supabaseHelpers.ts(75,84): error TS1109: Expression expected.
src/lib/supabaseHelpers.ts(81,7): error TS1005: '>' expected.
src/lib/supabaseHelpers.ts(81,12): error TS1005: '{' expected.
src/lib/supabaseHelpers.ts(81,35): error TS1005: ';' expected.
src/lib/supabaseHelpers.ts(81,65): error TS1109: Expression expected.
src/lib/supabaseHelpers.ts(99,30): error TS1005: '>' expected.
src/lib/supabaseHelpers.ts(99,35): error TS1005: '{' expected.
src/lib/supabaseHelpers.ts(99,58): error TS1005: ';' expected.
src/lib/supabaseHelpers.ts(100,14): error TS1005: ',' expected.
src/lib/supabaseHelpers.ts(100,73): error TS1005: ',' expected.
src/lib/supabaseHelpers.ts(101,13): error TS1005: ':' expected.
src/lib/supabaseHelpers.ts(104,106): error TS1005: ',' expected.
src/lib/supabaseHelpers.ts(104,111): error TS1005: '{' expected.
src/lib/supabaseHelpers.ts(104,134): error TS1005: ',' expected.
src/lib/supabaseHelpers.ts(104,162): error TS1109: Expression expected.
src/lib/supabaseHelpers.ts(111,28): error TS1005: '>' expected.
src/lib/supabaseHelpers.ts(111,33): error TS1005: '{' expected.
src/lib/supabaseHelpers.ts(111,56): error TS1005: ';' expected.
src/lib/supabaseHelpers.ts(112,14): error TS1005: ',' expected.
src/lib/supabaseHelpers.ts(112,68): error TS1005: ',' expected.
src/lib/supabaseHelpers.ts(113,7): error TS1005: ';' expected.
src/lib/supabaseHelpers.ts(114,74): error TS1005: '>' expected.
src/lib/supabaseHelpers.ts(114,79): error TS1005: '{' expected.
src/lib/supabaseHelpers.ts(114,102): error TS1005: ',' expected.
src/lib/supabaseHelpers.ts(116,7): error TS1005: '>' expected.
src/lib/supabaseHelpers.ts(116,12): error TS1005: '{' expected.
src/lib/supabaseHelpers.ts(116,35): error TS1005: ';' expected.
src/lib/supabaseHelpers.ts(116,65): error TS1109: Expression expected.
src/lib/supabaseOptimized.ts(1,45): error TS1005: '>' expected.
src/lib/supabaseOptimized.ts(1,50): error TS1005: '{' expected.
src/lib/supabaseOptimized.ts(1,62): error TS1005: ';' expected.
src/lib/supabaseOptimized.ts(1,98): error TS1005: '>' expected.
src/lib/supabaseOptimized.ts(1,103): error TS1005: '{' expected.
src/lib/supabaseOptimized.ts(1,126): error TS1005: ';' expected.
src/lib/supabaseOptimized.ts(11,1): error TS1109: Expression expected.
src/lib/trainingDataExporter.ts(1,54): error TS1005: '>' expected.
src/lib/trainingDataExporter.ts(1,59): error TS1005: '{' expected.
src/lib/trainingDataExporter.ts(1,71): error TS1005: ';' expected.
src/lib/trainingDataExporter.ts(1,107): error TS1005: '>' expected.
src/lib/trainingDataExporter.ts(1,112): error TS1005: '{' expected.
src/lib/trainingDataExporter.ts(1,135): error TS1005: ';' expected.
src/lib/trainingDataExporter.ts(3,1): error TS1109: Expression expected.
src/lib/validators.ts(1,45): error TS1068: Unexpected token. A constructor, method, accessor, or property was expected.
src/lib/validators.ts(1,51): error TS1005: '>' expected.
src/lib/validators.ts(1,56): error TS1005: '{' expected.
src/lib/validators.ts(1,68): error TS1005: ';' expected.
src/lib/validators.ts(1,104): error TS1005: '>' expected.
src/lib/validators.ts(1,109): error TS1005: '{' expected.
src/lib/validators.ts(1,132): error TS1005: ';' expected.
src/lib/validators.ts(2,22): error TS1005: ',' expected.
src/lib/validators.ts(2,39): error TS1005: ',' expected.
src/lib/validators.ts(2,44): error TS1005: ',' expected.
src/lib/validators.ts(2,54): error TS1005: ';' expected.
src/lib/validators.ts(6,1): error TS1128: Declaration or statement expected.
src/main.tsx(1,35): error TS1005: ';' expected.
src/main.tsx(1,36): error TS17008: JSX element 'span' has no corresponding closing tag.
src/main.tsx(1,89): error TS17008: JSX element 'span' has no corresponding closing tag.
src/main.tsx(57,5): error TS1005: '}' expected.
src/main.tsx(63,1): error TS1381: Unexpected token. Did you mean `{'}'}` or `&rbrace;`?
src/main.tsx(76,3): error TS1109: Expression expected.
src/main.tsx(77,5): error TS1109: Expression expected.
src/main.tsx(80,53): error TS1005: '}' expected.
src/main.tsx(81,5): error TS1381: Unexpected token. Did you mean `{'}'}` or `&rbrace;`?
src/main.tsx(82,56): error TS1005: '}' expected.
src/main.tsx(83,5): error TS1381: Unexpected token. Did you mean `{'}'}` or `&rbrace;`?
src/main.tsx(84,3): error TS1381: Unexpected token. Did you mean `{'}'}` or `&rbrace;`?
src/main.tsx(86,5): error TS1109: Expression expected.
src/main.tsx(87,53): error TS1005: '}' expected.
src/main.tsx(88,5): error TS1381: Unexpected token. Did you mean `{'}'}` or `&rbrace;`?
src/main.tsx(89,3): error TS1381: Unexpected token. Did you mean `{'}'}` or `&rbrace;`?
src/main.tsx(90,1): error TS1381: Unexpected token. Did you mean `{'}'}` or `&rbrace;`?
src/main.tsx(106,2): error TS1005: '</' expected.
src/pages/CategoriesPage.tsx(1,46): error TS17008: JSX element 'span' has no corresponding closing tag.
src/pages/CategoriesPage.tsx(1,99): error TS17008: JSX element 'span' has no corresponding closing tag.
src/pages/CategoriesPage.tsx(13,14): error TS1005: '}' expected.
src/pages/CategoriesPage.tsx(20,1): error TS1381: Unexpected token. Did you mean `{'}'}` or `&rbrace;`?
src/pages/CategoriesPage.tsx(23,3): error TS1109: Expression expected.
src/pages/CategoriesPage.tsx(23,65): error TS1003: Identifier expected.
src/pages/CategoriesPage.tsx(23,67): error TS1382: Unexpected token. Did you mean `{'>'}` or `&gt;`?
src/pages/CategoriesPage.tsx(24,65): error TS1003: Identifier expected.
src/pages/CategoriesPage.tsx(24,71): error TS1382: Unexpected token. Did you mean `{'>'}` or `&gt;`?
src/pages/CategoriesPage.tsx(26,45): error TS1003: Identifier expected.
src/pages/CategoriesPage.tsx(26,51): error TS1382: Unexpected token. Did you mean `{'>'}` or `&gt;`?
src/pages/CategoriesPage.tsx(28,67): error TS1003: Identifier expected.
src/pages/CategoriesPage.tsx(28,73): error TS1382: Unexpected token. Did you mean `{'>'}` or `&gt;`?
src/pages/CategoriesPage.tsx(30,54): error TS1003: Identifier expected.
src/pages/CategoriesPage.tsx(31,5): error TS1005: '...' expected.
src/pages/CategoriesPage.tsx(31,9): error TS1005: '}' expected.
src/pages/CategoriesPage.tsx(34,3): error TS1381: Unexpected token. Did you mean `{'}'}` or `&rbrace;`?
src/pages/CategoriesPage.tsx(34,4): error TS1382: Unexpected token. Did you mean `{'>'}` or `&gt;`?
src/pages/CategoriesPage.tsx(35,9): error TS1005: '}' expected.
src/pages/CategoriesPage.tsx(38,3): error TS1381: Unexpected token. Did you mean `{'}'}` or `&rbrace;`?
src/pages/CategoriesPage.tsx(43,5): error TS1109: Expression expected.
src/pages/CategoriesPage.tsx(44,60): error TS1005: '}' expected.
src/pages/CategoriesPage.tsx(48,19): error TS1005: '}' expected.
src/pages/CategoriesPage.tsx(48,60): error TS1381: Unexpected token. Did you mean `{'}'}` or `&rbrace;`?
src/pages/CategoriesPage.tsx(54,69): error TS1005: '}' expected.
src/pages/CategoriesPage.tsx(58,7): error TS1381: Unexpected token. Did you mean `{'}'}` or `&rbrace;`?
src/pages/CategoriesPage.tsx(61,26): error TS1005: '}' expected.
src/pages/CategoriesPage.tsx(64,7): error TS1381: Unexpected token. Did you mean `{'}'}` or `&rbrace;`?
src/pages/CategoriesPage.tsx(67,19): error TS1005: '}' expected.
src/pages/CategoriesPage.tsx(67,52): error TS1381: Unexpected token. Did you mean `{'}'}` or `&rbrace;`?
src/pages/CategoriesPage.tsx(73,67): error TS1005: '}' expected.
src/pages/CategoriesPage.tsx(76,7): error TS1381: Unexpected token. Did you mean `{'}'}` or `&rbrace;`?
src/pages/CategoriesPage.tsx(79,39): error TS1003: Identifier expected.
src/pages/CategoriesPage.tsx(79,47): error TS1382: Unexpected token. Did you mean `{'>'}` or `&gt;`?
src/pages/CategoriesPage.tsx(80,33): error TS1382: Unexpected token. Did you mean `{'>'}` or `&gt;`?
src/pages/CategoriesPage.tsx(81,9): error TS1109: Expression expected.
src/pages/CategoriesPage.tsx(83,7): error TS1381: Unexpected token. Did you mean `{'}'}` or `&rbrace;`?
src/pages/CategoriesPage.tsx(86,19): error TS1005: '}' expected.
src/pages/CategoriesPage.tsx(86,50): error TS1381: Unexpected token. Did you mean `{'}'}` or `&rbrace;`?
src/pages/CategoriesPage.tsx(90,76): error TS1005: '}' expected.
src/pages/CategoriesPage.tsx(91,7): error TS1381: Unexpected token. Did you mean `{'}'}` or `&rbrace;`?
src/pages/CategoriesPage.tsx(93,38): error TS1003: Identifier expected.
src/pages/CategoriesPage.tsx(93,43): error TS1382: Unexpected token. Did you mean `{'>'}` or `&gt;`?
src/pages/CategoriesPage.tsx(93,77): error TS1382: Unexpected token. Did you mean `{'>'}` or `&gt;`?
src/pages/CategoriesPage.tsx(95,90): error TS1382: Unexpected token. Did you mean `{'>'}` or `&gt;`?
src/pages/CategoriesPage.tsx(96,9): error TS1109: Expression expected.
src/pages/CategoriesPage.tsx(100,22): error TS1005: '}' expected.
src/pages/CategoriesPage.tsx(107,9): error TS1381: Unexpected token. Did you mean `{'}'}` or `&rbrace;`?
src/pages/CategoriesPage.tsx(108,7): error TS1381: Unexpected token. Did you mean `{'}'}` or `&rbrace;`?
src/pages/CategoriesPage.tsx(112,5): error TS1381: Unexpected token. Did you mean `{'}'}` or `&rbrace;`?
src/pages/CategoriesPage.tsx(113,56): error TS1005: '}' expected.
src/pages/CategoriesPage.tsx(116,5): error TS1381: Unexpected token. Did you mean `{'}'}` or `&rbrace;`?
src/pages/CategoriesPage.tsx(117,3): error TS1381: Unexpected token. Did you mean `{'}'}` or `&rbrace;`?
src/pages/CategoriesPage.tsx(121,17): error TS1382: Unexpected token. Did you mean `{'>'}` or `&gt;`?
src/pages/CategoriesPage.tsx(144,5): error TS1005: '}' expected.
src/pages/CategoriesPage.tsx(145,3): error TS1381: Unexpected token. Did you mean `{'}'}` or `&rbrace;`?
src/pages/CategoriesPage.tsx(151,5): error TS1109: Expression expected.
src/pages/CategoriesPage.tsx(153,9): error TS1005: '}' expected.
src/pages/CategoriesPage.tsx(163,5): error TS1381: Unexpected token. Did you mean `{'}'}` or `&rbrace;`?
src/pages/CategoriesPage.tsx(189,8): error TS1005: '}' expected.
src/pages/CategoriesPage.tsx(192,5): error TS1381: Unexpected token. Did you mean `{'}'}` or `&rbrace;`?
src/pages/CategoriesPage.tsx(193,53): error TS1005: '}' expected.
src/pages/CategoriesPage.tsx(194,5): error TS1381: Unexpected token. Did you mean `{'}'}` or `&rbrace;`?
src/pages/CategoriesPage.tsx(195,3): error TS1381: Unexpected token. Did you mean `{'}'}` or `&rbrace;`?
src/pages/CategoriesPage.tsx(199,32): error TS1005: '}' expected.
src/pages/CategoriesPage.tsx(200,3): error TS1381: Unexpected token. Did you mean `{'}'}` or `&rbrace;`?
src/pages/CategoriesPage.tsx(204,62): error TS1005: '}' expected.
src/pages/CategoriesPage.tsx(205,3): error TS1381: Unexpected token. Did you mean `{'}'}` or `&rbrace;`?
src/pages/CategoriesPage.tsx(209,33): error TS1005: '}' expected.
src/pages/CategoriesPage.tsx(210,3): error TS1381: Unexpected token. Did you mean `{'}'}` or `&rbrace;`?
src/pages/CategoriesPage.tsx(214,5): error TS1109: Expression expected.
src/pages/CategoriesPage.tsx(214,41): error TS1382: Unexpected token. Did you mean `{'>'}` or `&gt;`?
src/pages/CategoriesPage.tsx(216,11): error TS1005: '}' expected.
src/pages/CategoriesPage.tsx(219,5): error TS1381: Unexpected token. Did you mean `{'}'}` or `&rbrace;`?
src/pages/CategoriesPage.tsx(220,3): error TS1381: Unexpected token. Did you mean `{'}'}` or `&rbrace;`?
src/pages/CategoriesPage.tsx(224,5): error TS1109: Expression expected.
src/pages/CategoriesPage.tsx(228,7): error TS1109: Expression expected.
src/pages/CategoriesPage.tsx(228,20): error TS1005: '}' expected.
src/pages/CategoriesPage.tsx(228,33): error TS1381: Unexpected token. Did you mean `{'}'}` or `&rbrace;`?
src/pages/CategoriesPage.tsx(230,29): error TS1005: '}' expected.
src/pages/CategoriesPage.tsx(230,51): error TS1381: Unexpected token. Did you mean `{'}'}` or `&rbrace;`?
src/pages/CategoriesPage.tsx(233,36): error TS1382: Unexpected token. Did you mean `{'>'}` or `&gt;`?
src/pages/CategoriesPage.tsx(236,10): error TS1005: '}' expected.
src/pages/CategoriesPage.tsx(237,32): error TS1005: '}' expected.
src/pages/CategoriesPage.tsx(237,76): error TS1381: Unexpected token. Did you mean `{'}'}` or `&rbrace;`?
src/pages/CategoriesPage.tsx(239,7): error TS1381: Unexpected token. Did you mean `{'}'}` or `&rbrace;`?
src/pages/CategoriesPage.tsx(241,51): error TS1382: Unexpected token. Did you mean `{'>'}` or `&gt;`?
src/pages/CategoriesPage.tsx(250,19): error TS1382: Unexpected token. Did you mean `{'>'}` or `&gt;`?
src/pages/CategoriesPage.tsx(251,11): error TS1109: Expression expected.
src/pages/CategoriesPage.tsx(257,9): error TS1381: Unexpected token. Did you mean `{'}'}` or `&rbrace;`?
src/pages/CategoriesPage.tsx(259,25): error TS1005: '}' expected.
src/pages/CategoriesPage.tsx(261,9): error TS1381: Unexpected token. Did you mean `{'}'}` or `&rbrace;`?
src/pages/CategoriesPage.tsx(265,30): error TS1005: '}' expected.
src/pages/CategoriesPage.tsx(265,74): error TS1381: Unexpected token. Did you mean `{'}'}` or `&rbrace;`?
src/pages/CategoriesPage.tsx(266,5): error TS1381: Unexpected token. Did you mean `{'}'}` or `&rbrace;`?
src/pages/CategoriesPage.tsx(267,55): error TS1005: '}' expected.
src/pages/CategoriesPage.tsx(269,5): error TS1381: Unexpected token. Did you mean `{'}'}` or `&rbrace;`?
src/pages/CategoriesPage.tsx(270,3): error TS1381: Unexpected token. Did you mean `{'}'}` or `&rbrace;`?
src/pages/CategoriesPage.tsx(275,5): error TS1109: Expression expected.
src/pages/CategoriesPage.tsx(275,35): error TS1003: Identifier expected.
src/pages/CategoriesPage.tsx(275,43): error TS1382: Unexpected token. Did you mean `{'>'}` or `&gt;`?
src/pages/CategoriesPage.tsx(276,20): error TS1005: '}' expected.
src/pages/CategoriesPage.tsx(281,5): error TS1381: Unexpected token. Did you mean `{'}'}` or `&rbrace;`?
src/pages/CategoriesPage.tsx(285,3): error TS1381: Unexpected token. Did you mean `{'}'}` or `&rbrace;`?
src/pages/CategoriesPage.tsx(291,62): error TS1005: '}' expected.
src/pages/CategoriesPage.tsx(292,3): error TS1381: Unexpected token. Did you mean `{'}'}` or `&rbrace;`?
src/pages/CategoriesPage.tsx(297,62): error TS1005: '}' expected.
src/pages/CategoriesPage.tsx(298,3): error TS1381: Unexpected token. Did you mean `{'}'}` or `&rbrace;`?
src/pages/CategoriesPage.tsx(302,5): error TS1109: Expression expected.
src/pages/CategoriesPage.tsx(305,7): error TS1109: Expression expected.
src/pages/CategoriesPage.tsx(308,15): error TS1005: '}' expected.
src/pages/CategoriesPage.tsx(317,9): error TS1381: Unexpected token. Did you mean `{'}'}` or `&rbrace;`?
src/pages/CategoriesPage.tsx(321,57): error TS1005: '}' expected.
src/pages/CategoriesPage.tsx(324,7): error TS1381: Unexpected token. Did you mean `{'}'}` or `&rbrace;`?
src/pages/CategoriesPage.tsx(329,27): error TS1382: Unexpected token. Did you mean `{'>'}` or `&gt;`?
src/pages/CategoriesPage.tsx(329,43): error TS1382: Unexpected token. Did you mean `{'>'}` or `&gt;`?
src/pages/CategoriesPage.tsx(331,27): error TS1005: '}' expected.
src/pages/CategoriesPage.tsx(331,39): error TS1381: Unexpected token. Did you mean `{'}'}` or `&rbrace;`?
src/pages/CategoriesPage.tsx(337,78): error TS1005: '}' expected.
src/pages/CategoriesPage.tsx(338,7): error TS1381: Unexpected token. Did you mean `{'}'}` or `&rbrace;`?
src/pages/CategoriesPage.tsx(339,5): error TS1381: Unexpected token. Did you mean `{'}'}` or `&rbrace;`?
src/pages/CategoriesPage.tsx(340,62): error TS1005: '}' expected.
src/pages/CategoriesPage.tsx(342,5): error TS1381: Unexpected token. Did you mean `{'}'}` or `&rbrace;`?
src/pages/CategoriesPage.tsx(343,3): error TS1381: Unexpected token. Did you mean `{'}'}` or `&rbrace;`?
src/pages/CategoriesPage.tsx(367,58): error TS1382: Unexpected token. Did you mean `{'>'}` or `&gt;`?
src/pages/CategoriesPage.tsx(372,28): error TS1003: Identifier expected.
src/pages/CategoriesPage.tsx(372,30): error TS1005: '...' expected.
src/pages/CategoriesPage.tsx(372,35): error TS1005: '}' expected.
src/pages/CategoriesPage.tsx(372,83): error TS1381: Unexpected token. Did you mean `{'}'}` or `&rbrace;`?
src/pages/CategoriesPage.tsx(372,84): error TS1382: Unexpected token. Did you mean `{'>'}` or `&gt;`?
src/pages/CategoriesPage.tsx(373,12): error TS1005: '}' expected.
src/pages/CategoriesPage.tsx(373,64): error TS1381: Unexpected token. Did you mean `{'}'}` or `&rbrace;`?
src/pages/CategoriesPage.tsx(377,53): error TS1005: '}' expected.
src/pages/CategoriesPage.tsx(378,3): error TS1381: Unexpected token. Did you mean `{'}'}` or `&rbrace;`?
src/pages/CategoriesPage.tsx(673,1): error TS1381: Unexpected token. Did you mean `{'}'}` or `&rbrace;`?
src/pages/CategoriesPage.tsx(673,2): error TS1005: '</' expected.
src/pages/CodeListPage.tsx(1,46): error TS17008: JSX element 'span' has no corresponding closing tag.
src/pages/CodeListPage.tsx(1,99): error TS17008: JSX element 'span' has no corresponding closing tag.
src/pages/CodeListPage.tsx(17,3): error TS1109: Expression expected.
src/pages/CodeListPage.tsx(17,56): error TS1003: Identifier expected.
src/pages/CodeListPage.tsx(17,58): error TS1382: Unexpected token. Did you mean `{'>'}` or `&gt;`?
src/pages/CodeListPage.tsx(18,56): error TS1003: Identifier expected.
src/pages/CodeListPage.tsx(18,58): error TS1382: Unexpected token. Did you mean `{'>'}` or `&gt;`?
src/pages/CodeListPage.tsx(20,45): error TS1003: Identifier expected.
src/pages/CodeListPage.tsx(20,51): error TS1382: Unexpected token. Did you mean `{'>'}` or `&gt;`?
src/pages/CodeListPage.tsx(21,58): error TS17008: JSX element 'Record' has no corresponding closing tag.
src/pages/CodeListPage.tsx(26,62): error TS1003: Identifier expected.
src/pages/CodeListPage.tsx(26,64): error TS1382: Unexpected token. Did you mean `{'>'}` or `&gt;`?
src/pages/CodeListPage.tsx(32,52): error TS1003: Identifier expected.
src/pages/CodeListPage.tsx(32,54): error TS1005: '...' expected.
src/pages/CodeListPage.tsx(32,56): error TS1005: '}' expected.
src/pages/CodeListPage.tsx(32,79): error TS1381: Unexpected token. Did you mean `{'}'}` or `&rbrace;`?
src/pages/CodeListPage.tsx(32,87): error TS1382: Unexpected token. Did you mean `{'>'}` or `&gt;`?
src/pages/CodeListPage.tsx(36,17): error TS1382: Unexpected token. Did you mean `{'>'}` or `&gt;`?
src/pages/CodeListPage.tsx(37,5): error TS1109: Expression expected.
src/pages/CodeListPage.tsx(37,38): error TS1382: Unexpected token. Did you mean `{'>'}` or `&gt;`?
src/pages/CodeListPage.tsx(38,59): error TS1005: '}' expected.
src/pages/CodeListPage.tsx(42,35): error TS1005: '}' expected.
src/pages/CodeListPage.tsx(43,7): error TS1381: Unexpected token. Did you mean `{'}'}` or `&rbrace;`?
src/pages/CodeListPage.tsx(44,66): error TS1005: '}' expected.
src/pages/CodeListPage.tsx(46,7): error TS1381: Unexpected token. Did you mean `{'}'}` or `&rbrace;`?
src/pages/CodeListPage.tsx(47,5): error TS1381: Unexpected token. Did you mean `{'}'}` or `&rbrace;`?
src/pages/CodeListPage.tsx(50,3): error TS1381: Unexpected token. Did you mean `{'}'}` or `&rbrace;`?
src/pages/CodeListPage.tsx(55,21): error TS1005: '}' expected.
src/pages/CodeListPage.tsx(60,11): error TS1005: '}' expected.
src/pages/CodeListPage.tsx(67,62): error TS1005: '}' expected.
src/pages/CodeListPage.tsx(68,7): error TS1381: Unexpected token. Did you mean `{'}'}` or `&rbrace;`?
src/pages/CodeListPage.tsx(70,49): error TS1005: '}' expected.
src/pages/CodeListPage.tsx(71,7): error TS1381: Unexpected token. Did you mean `{'}'}` or `&rbrace;`?
src/pages/CodeListPage.tsx(73,19): error TS1005: '}' expected.
src/pages/CodeListPage.tsx(73,50): error TS1381: Unexpected token. Did you mean `{'}'}` or `&rbrace;`?
src/pages/CodeListPage.tsx(76,37): error TS1005: '}' expected.
src/pages/CodeListPage.tsx(78,7): error TS1381: Unexpected token. Did you mean `{'}'}` or `&rbrace;`?
src/pages/CodeListPage.tsx(81,19): error TS1005: '}' expected.
src/pages/CodeListPage.tsx(81,58): error TS1381: Unexpected token. Did you mean `{'}'}` or `&rbrace;`?
src/pages/CodeListPage.tsx(86,41): error TS1005: '}' expected.
src/pages/CodeListPage.tsx(88,7): error TS1381: Unexpected token. Did you mean `{'}'}` or `&rbrace;`?
src/pages/CodeListPage.tsx(90,32): error TS1382: Unexpected token. Did you mean `{'>'}` or `&gt;`?
src/pages/CodeListPage.tsx(91,42): error TS1003: Identifier expected.
src/pages/CodeListPage.tsx(91,52): error TS1382: Unexpected token. Did you mean `{'>'}` or `&gt;`?
src/pages/CodeListPage.tsx(92,35): error TS1382: Unexpected token. Did you mean `{'>'}` or `&gt;`?
src/pages/CodeListPage.tsx(93,9): error TS1109: Expression expected.
src/pages/CodeListPage.tsx(94,44): error TS1005: '}' expected.
src/pages/CodeListPage.tsx(95,9): error TS1381: Unexpected token. Did you mean `{'}'}` or `&rbrace;`?
src/pages/CodeListPage.tsx(97,7): error TS1381: Unexpected token. Did you mean `{'}'}` or `&rbrace;`?
src/pages/CodeListPage.tsx(100,85): error TS1382: Unexpected token. Did you mean `{'>'}` or `&gt;`?
src/pages/CodeListPage.tsx(102,21): error TS1005: '}' expected.
src/pages/CodeListPage.tsx(103,7): error TS1381: Unexpected token. Did you mean `{'}'}` or `&rbrace;`?
src/pages/CodeListPage.tsx(107,33): error TS1382: Unexpected token. Did you mean `{'>'}` or `&gt;`?
src/pages/CodeListPage.tsx(110,10): error TS1005: '}' expected.
src/pages/CodeListPage.tsx(111,7): error TS1381: Unexpected token. Did you mean `{'}'}` or `&rbrace;`?
src/pages/CodeListPage.tsx(118,5): error TS1381: Unexpected token. Did you mean `{'}'}` or `&rbrace;`?
src/pages/CodeListPage.tsx(119,40): error TS1005: '}' expected.
src/pages/CodeListPage.tsx(120,5): error TS1381: Unexpected token. Did you mean `{'}'}` or `&rbrace;`?
src/pages/CodeListPage.tsx(121,24): error TS1005: '}' expected.
src/pages/CodeListPage.tsx(122,5): error TS1381: Unexpected token. Did you mean `{'}'}` or `&rbrace;`?
src/pages/CodeListPage.tsx(123,3): error TS1381: Unexpected token. Did you mean `{'}'}` or `&rbrace;`?
src/pages/CodeListPage.tsx(127,57): error TS1005: '}' expected.
src/pages/CodeListPage.tsx(129,35): error TS1003: Identifier expected.
src/pages/CodeListPage.tsx(129,43): error TS1382: Unexpected token. Did you mean `{'>'}` or `&gt;`?
src/pages/CodeListPage.tsx(134,7): error TS1109: Expression expected.
src/pages/CodeListPage.tsx(135,9): error TS1109: Expression expected.
src/pages/CodeListPage.tsx(137,32): error TS1005: '}' expected.
src/pages/CodeListPage.tsx(137,54): error TS1381: Unexpected token. Did you mean `{'}'}` or `&rbrace;`?
src/pages/CodeListPage.tsx(141,42): error TS1005: '}' expected.
src/pages/CodeListPage.tsx(142,9): error TS1381: Unexpected token. Did you mean `{'}'}` or `&rbrace;`?
src/pages/CodeListPage.tsx(143,78): error TS1005: '}' expected.
src/pages/CodeListPage.tsx(145,9): error TS1381: Unexpected token. Did you mean `{'}'}` or `&rbrace;`?
src/pages/CodeListPage.tsx(146,7): error TS1381: Unexpected token. Did you mean `{'}'}` or `&rbrace;`?
src/pages/CodeListPage.tsx(150,5): error TS1381: Unexpected token. Did you mean `{'}'}` or `&rbrace;`?
src/pages/CodeListPage.tsx(151,66): error TS1005: '}' expected.
src/pages/CodeListPage.tsx(153,5): error TS1381: Unexpected token. Did you mean `{'}'}` or `&rbrace;`?
src/pages/CodeListPage.tsx(154,3): error TS1381: Unexpected token. Did you mean `{'}'}` or `&rbrace;`?
src/pages/CodeListPage.tsx(157,17): error TS1382: Unexpected token. Did you mean `{'>'}` or `&gt;`?
src/pages/CodeListPage.tsx(158,17): error TS1005: '}' expected.
src/pages/CodeListPage.tsx(159,3): error TS1381: Unexpected token. Did you mean `{'}'}` or `&rbrace;`?
src/pages/CodeListPage.tsx(163,5): error TS1109: Expression expected.
src/pages/CodeListPage.tsx(164,47): error TS1005: '}' expected.
src/pages/CodeListPage.tsx(166,5): error TS1381: Unexpected token. Did you mean `{'}'}` or `&rbrace;`?
src/pages/CodeListPage.tsx(168,31): error TS1382: Unexpected token. Did you mean `{'>'}` or `&gt;`?
src/pages/CodeListPage.tsx(169,68): error TS1005: '}' expected.
src/pages/CodeListPage.tsx(171,5): error TS1381: Unexpected token. Did you mean `{'}'}` or `&rbrace;`?
src/pages/CodeListPage.tsx(174,11): error TS1005: '}' expected.
src/pages/CodeListPage.tsx(178,13): error TS1005: '}' expected.
src/pages/CodeListPage.tsx(180,7): error TS1381: Unexpected token. Did you mean `{'}'}` or `&rbrace;`?
src/pages/CodeListPage.tsx(180,20): error TS17008: JSX element 'CodeWithCategories' has no corresponding closing tag.
src/pages/CodeListPage.tsx(181,27): error TS1382: Unexpected token. Did you mean `{'>'}` or `&gt;`?
src/pages/CodeListPage.tsx(182,59): error TS1005: '}' expected.
src/pages/CodeListPage.tsx(186,17): error TS1005: '}' expected.
src/pages/CodeListPage.tsx(188,11): error TS1381: Unexpected token. Did you mean `{'}'}` or `&rbrace;`?
src/pages/CodeListPage.tsx(193,7): error TS1381: Unexpected token. Did you mean `{'}'}` or `&rbrace;`?
src/pages/CodeListPage.tsx(196,5): error TS1381: Unexpected token. Did you mean `{'}'}` or `&rbrace;`?
src/pages/CodeListPage.tsx(197,3): error TS1381: Unexpected token. Did you mean `{'}'}` or `&rbrace;`?
src/pages/CodeListPage.tsx(222,7): error TS1005: '}' expected.
src/pages/CodeListPage.tsx(223,3): error TS1381: Unexpected token. Did you mean `{'}'}` or `&rbrace;`?
src/pages/CodeListPage.tsx(228,5): error TS1109: Expression expected.
src/pages/CodeListPage.tsx(228,18): error TS1005: '}' expected.
src/pages/CodeListPage.tsx(228,32): error TS1381: Unexpected token. Did you mean `{'}'}` or `&rbrace;`?
src/pages/CodeListPage.tsx(234,71): error TS1005: '}' expected.
src/pages/CodeListPage.tsx(236,5): error TS1381: Unexpected token. Did you mean `{'}'}` or `&rbrace;`?
src/pages/CodeListPage.tsx(239,28): error TS1382: Unexpected token. Did you mean `{'>'}` or `&gt;`?
src/pages/CodeListPage.tsx(240,7): error TS1109: Expression expected.
src/pages/CodeListPage.tsx(240,53): error TS1382: Unexpected token. Did you mean `{'>'}` or `&gt;`?
src/pages/CodeListPage.tsx(241,16): error TS1005: '}' expected.
src/pages/CodeListPage.tsx(243,7): error TS1381: Unexpected token. Did you mean `{'}'}` or `&rbrace;`?
src/pages/CodeListPage.tsx(245,20): error TS1005: '}' expected.
src/pages/CodeListPage.tsx(245,34): error TS1381: Unexpected token. Did you mean `{'}'}` or `&rbrace;`?
src/pages/CodeListPage.tsx(250,74): error TS1005: '}' expected.
src/pages/CodeListPage.tsx(252,7): error TS1381: Unexpected token. Did you mean `{'}'}` or `&rbrace;`?
src/pages/CodeListPage.tsx(253,5): error TS1381: Unexpected token. Did you mean `{'}'}` or `&rbrace;`?
src/pages/CodeListPage.tsx(256,3): error TS1381: Unexpected token. Did you mean `{'}'}` or `&rbrace;`?
src/pages/CodeListPage.tsx(261,5): error TS1109: Expression expected.
src/pages/CodeListPage.tsx(263,20): error TS1382: Unexpected token. Did you mean `{'>'}` or `&gt;`?
src/pages/CodeListPage.tsx(269,8): error TS1005: '}' expected.
src/pages/CodeListPage.tsx(271,5): error TS1381: Unexpected token. Did you mean `{'}'}` or `&rbrace;`?
src/pages/CodeListPage.tsx(275,3): error TS1381: Unexpected token. Did you mean `{'}'}` or `&rbrace;`?
src/pages/CodeListPage.tsx(278,5): error TS1109: Expression expected.
src/pages/CodeListPage.tsx(280,40): error TS1382: Unexpected token. Did you mean `{'>'}` or `&gt;`?
src/pages/CodeListPage.tsx(312,8): error TS1005: '}' expected.
src/pages/CodeListPage.tsx(317,5): error TS1381: Unexpected token. Did you mean `{'}'}` or `&rbrace;`?
src/pages/CodeListPage.tsx(318,53): error TS1005: '}' expected.
src/pages/CodeListPage.tsx(319,5): error TS1381: Unexpected token. Did you mean `{'}'}` or `&rbrace;`?
src/pages/CodeListPage.tsx(320,25): error TS1005: '}' expected.
src/pages/CodeListPage.tsx(321,5): error TS1381: Unexpected token. Did you mean `{'}'}` or `&rbrace;`?
src/pages/CodeListPage.tsx(322,3): error TS1381: Unexpected token. Did you mean `{'}'}` or `&rbrace;`?
src/pages/CodeListPage.tsx(326,5): error TS1109: Expression expected.
src/pages/CodeListPage.tsx(333,49): error TS1005: '}' expected.
src/pages/CodeListPage.tsx(335,5): error TS1381: Unexpected token. Did you mean `{'}'}` or `&rbrace;`?
src/pages/CodeListPage.tsx(338,28): error TS1382: Unexpected token. Did you mean `{'>'}` or `&gt;`?
src/pages/CodeListPage.tsx(339,7): error TS1109: Expression expected.
src/pages/CodeListPage.tsx(339,53): error TS1382: Unexpected token. Did you mean `{'>'}` or `&gt;`?
src/pages/CodeListPage.tsx(340,16): error TS1005: '}' expected.
src/pages/CodeListPage.tsx(342,7): error TS1381: Unexpected token. Did you mean `{'}'}` or `&rbrace;`?
src/pages/CodeListPage.tsx(344,20): error TS1005: '}' expected.
src/pages/CodeListPage.tsx(344,37): error TS1381: Unexpected token. Did you mean `{'}'}` or `&rbrace;`?
src/pages/CodeListPage.tsx(349,74): error TS1005: '}' expected.
src/pages/CodeListPage.tsx(351,7): error TS1381: Unexpected token. Did you mean `{'}'}` or `&rbrace;`?
src/pages/CodeListPage.tsx(352,5): error TS1381: Unexpected token. Did you mean `{'}'}` or `&rbrace;`?
src/pages/CodeListPage.tsx(357,3): error TS1381: Unexpected token. Did you mean `{'}'}` or `&rbrace;`?
src/pages/CodeListPage.tsx(361,5): error TS1109: Expression expected.
src/pages/CodeListPage.tsx(362,59): error TS1005: '}' expected.
src/pages/CodeListPage.tsx(365,19): error TS1005: '}' expected.
src/pages/CodeListPage.tsx(365,55): error TS1381: Unexpected token. Did you mean `{'}'}` or `&rbrace;`?
src/pages/CodeListPage.tsx(367,37): error TS1382: Unexpected token. Did you mean `{'>'}` or `&gt;`?
src/pages/CodeListPage.tsx(371,61): error TS1005: '}' expected.
src/pages/CodeListPage.tsx(374,7): error TS1381: Unexpected token. Did you mean `{'}'}` or `&rbrace;`?
src/pages/CodeListPage.tsx(379,30): error TS1382: Unexpected token. Did you mean `{'>'}` or `&gt;`?
src/pages/CodeListPage.tsx(379,58): error TS1382: Unexpected token. Did you mean `{'>'}` or `&gt;`?
src/pages/CodeListPage.tsx(380,9): error TS1109: Expression expected.
src/pages/CodeListPage.tsx(380,55): error TS1382: Unexpected token. Did you mean `{'>'}` or `&gt;`?
src/pages/CodeListPage.tsx(381,39): error TS1382: Unexpected token. Did you mean `{'>'}` or `&gt;`?
src/pages/CodeListPage.tsx(382,20): error TS1005: '}' expected.
src/pages/CodeListPage.tsx(384,11): error TS1381: Unexpected token. Did you mean `{'}'}` or `&rbrace;`?
src/pages/CodeListPage.tsx(387,22): error TS1005: '}' expected.
src/pages/CodeListPage.tsx(387,39): error TS1381: Unexpected token. Did you mean `{'}'}` or `&rbrace;`?
src/pages/CodeListPage.tsx(392,76): error TS1005: '}' expected.
src/pages/CodeListPage.tsx(394,9): error TS1381: Unexpected token. Did you mean `{'}'}` or `&rbrace;`?
src/pages/CodeListPage.tsx(395,72): error TS1005: '}' expected.
src/pages/CodeListPage.tsx(396,9): error TS1381: Unexpected token. Did you mean `{'}'}` or `&rbrace;`?
src/pages/CodeListPage.tsx(397,7): error TS1381: Unexpected token. Did you mean `{'}'}` or `&rbrace;`?
src/pages/CodeListPage.tsx(402,5): error TS1381: Unexpected token. Did you mean `{'}'}` or `&rbrace;`?
src/pages/CodeListPage.tsx(403,49): error TS1005: '}' expected.
src/pages/CodeListPage.tsx(405,5): error TS1381: Unexpected token. Did you mean `{'}'}` or `&rbrace;`?
src/pages/CodeListPage.tsx(406,3): error TS1381: Unexpected token. Did you mean `{'}'}` or `&rbrace;`?
src/pages/CodeListPage.tsx(503,1): error TS1381: Unexpected token. Did you mean `{'}'}` or `&rbrace;`?
src/pages/CodeListPage.tsx(503,2): error TS1005: '</' expected.
src/pages/FileDataCodingPage.tsx(1,46): error TS17008: JSX element 'span' has no corresponding closing tag.
src/pages/FileDataCodingPage.tsx(1,99): error TS17008: JSX element 'span' has no corresponding closing tag.
src/pages/FileDataCodingPage.tsx(14,3): error TS1109: Expression expected.
src/pages/FileDataCodingPage.tsx(14,56): error TS1003: Identifier expected.
src/pages/FileDataCodingPage.tsx(14,58): error TS1382: Unexpected token. Did you mean `{'>'}` or `&gt;`?
src/pages/FileDataCodingPage.tsx(15,67): error TS1003: Identifier expected.
src/pages/FileDataCodingPage.tsx(15,73): error TS1382: Unexpected token. Did you mean `{'>'}` or `&gt;`?
src/pages/FileDataCodingPage.tsx(16,41): error TS1003: Identifier expected.
src/pages/FileDataCodingPage.tsx(16,47): error TS1382: Unexpected token. Did you mean `{'>'}` or `&gt;`?
src/pages/FileDataCodingPage.tsx(18,52): error TS1003: Identifier expected.
src/pages/FileDataCodingPage.tsx(19,5): error TS1005: '...' expected.
src/pages/FileDataCodingPage.tsx(19,12): error TS1005: '}' expected.
src/pages/FileDataCodingPage.tsx(22,3): error TS1381: Unexpected token. Did you mean `{'}'}` or `&rbrace;`?
src/pages/FileDataCodingPage.tsx(22,11): error TS1382: Unexpected token. Did you mean `{'>'}` or `&gt;`?
src/pages/FileDataCodingPage.tsx(25,53): error TS1003: Identifier expected.
src/pages/FileDataCodingPage.tsx(25,55): error TS1382: Unexpected token. Did you mean `{'>'}` or `&gt;`?
src/pages/FileDataCodingPage.tsx(26,59): error TS1003: Identifier expected.
src/pages/FileDataCodingPage.tsx(26,65): error TS1382: Unexpected token. Did you mean `{'>'}` or `&gt;`?
src/pages/FileDataCodingPage.tsx(30,17): error TS1382: Unexpected token. Did you mean `{'>'}` or `&gt;`?
src/pages/FileDataCodingPage.tsx(31,5): error TS1109: Expression expected.
src/pages/FileDataCodingPage.tsx(31,38): error TS1382: Unexpected token. Did you mean `{'>'}` or `&gt;`?
src/pages/FileDataCodingPage.tsx(32,7): error TS1109: Expression expected.
src/pages/FileDataCodingPage.tsx(34,35): error TS1005: '}' expected.
src/pages/FileDataCodingPage.tsx(35,7): error TS1381: Unexpected token. Did you mean `{'}'}` or `&rbrace;`?
src/pages/FileDataCodingPage.tsx(36,5): error TS1381: Unexpected token. Did you mean `{'}'}` or `&rbrace;`?
src/pages/FileDataCodingPage.tsx(38,3): error TS1381: Unexpected token. Did you mean `{'}'}` or `&rbrace;`?
src/pages/FileDataCodingPage.tsx(40,56): error TS1382: Unexpected token. Did you mean `{'>'}` or `&gt;`?
src/pages/FileDataCodingPage.tsx(41,26): error TS1005: '}' expected.
src/pages/FileDataCodingPage.tsx(46,44): error TS1005: '}' expected.
src/pages/FileDataCodingPage.tsx(51,9): error TS1109: Expression expected.
src/pages/FileDataCodingPage.tsx(53,53): error TS1382: Unexpected token. Did you mean `{'>'}` or `&gt;`?
src/pages/FileDataCodingPage.tsx(54,32): error TS1382: Unexpected token. Did you mean `{'>'}` or `&gt;`?
src/pages/FileDataCodingPage.tsx(54,59): error TS1382: Unexpected token. Did you mean `{'>'}` or `&gt;`?
src/pages/FileDataCodingPage.tsx(55,7): error TS1381: Unexpected token. Did you mean `{'}'}` or `&rbrace;`?
src/pages/FileDataCodingPage.tsx(58,9): error TS1109: Expression expected.
src/pages/FileDataCodingPage.tsx(66,11): error TS1109: Expression expected.
src/pages/FileDataCodingPage.tsx(67,9): error TS1381: Unexpected token. Did you mean `{'}'}` or `&rbrace;`?
src/pages/FileDataCodingPage.tsx(71,46): error TS1382: Unexpected token. Did you mean `{'>'}` or `&gt;`?
src/pages/FileDataCodingPage.tsx(72,11): error TS1109: Expression expected.
src/pages/FileDataCodingPage.tsx(73,38): error TS1005: '}' expected.
src/pages/FileDataCodingPage.tsx(73,45): error TS1381: Unexpected token. Did you mean `{'}'}` or `&rbrace;`?
src/pages/FileDataCodingPage.tsx(73,68): error TS1382: Unexpected token. Did you mean `{'>'}` or `&gt;`?
src/pages/FileDataCodingPage.tsx(75,57): error TS1005: '}' expected.
src/pages/FileDataCodingPage.tsx(76,11): error TS1381: Unexpected token. Did you mean `{'}'}` or `&rbrace;`?
src/pages/FileDataCodingPage.tsx(78,9): error TS1381: Unexpected token. Did you mean `{'}'}` or `&rbrace;`?
src/pages/FileDataCodingPage.tsx(79,7): error TS1381: Unexpected token. Did you mean `{'}'}` or `&rbrace;`?
src/pages/FileDataCodingPage.tsx(80,9): error TS1109: Expression expected.
src/pages/FileDataCodingPage.tsx(81,7): error TS1381: Unexpected token. Did you mean `{'}'}` or `&rbrace;`?
src/pages/FileDataCodingPage.tsx(84,53): error TS1005: '}' expected.
src/pages/FileDataCodingPage.tsx(86,7): error TS1381: Unexpected token. Did you mean `{'}'}` or `&rbrace;`?
src/pages/FileDataCodingPage.tsx(89,51): error TS1382: Unexpected token. Did you mean `{'>'}` or `&gt;`?
src/pages/FileDataCodingPage.tsx(90,30): error TS1382: Unexpected token. Did you mean `{'>'}` or `&gt;`?
src/pages/FileDataCodingPage.tsx(91,99): error TS1005: '}' expected.
src/pages/FileDataCodingPage.tsx(92,7): error TS1381: Unexpected token. Did you mean `{'}'}` or `&rbrace;`?
src/pages/FileDataCodingPage.tsx(97,5): error TS1381: Unexpected token. Did you mean `{'}'}` or `&rbrace;`?
src/pages/FileDataCodingPage.tsx(98,51): error TS1005: '}' expected.
src/pages/FileDataCodingPage.tsx(101,5): error TS1381: Unexpected token. Did you mean `{'}'}` or `&rbrace;`?
src/pages/FileDataCodingPage.tsx(102,3): error TS1381: Unexpected token. Did you mean `{'}'}` or `&rbrace;`?
src/pages/FileDataCodingPage.tsx(104,50): error TS17008: JSX element 'HTMLInputElement' has no corresponding closing tag.
src/pages/FileDataCodingPage.tsx(104,70): error TS1382: Unexpected token. Did you mean `{'>'}` or `&gt;`?
src/pages/FileDataCodingPage.tsx(105,5): error TS1109: Expression expected.
src/pages/FileDataCodingPage.tsx(108,7): error TS1109: Expression expected.
src/pages/FileDataCodingPage.tsx(112,76): error TS1005: '}' expected.
src/pages/FileDataCodingPage.tsx(114,7): error TS1381: Unexpected token. Did you mean `{'}'}` or `&rbrace;`?
src/pages/FileDataCodingPage.tsx(121,5): error TS1381: Unexpected token. Did you mean `{'}'}` or `&rbrace;`?
src/pages/FileDataCodingPage.tsx(122,3): error TS1381: Unexpected token. Did you mean `{'}'}` or `&rbrace;`?
src/pages/FileDataCodingPage.tsx(124,28): error TS1382: Unexpected token. Did you mean `{'>'}` or `&gt;`?
src/pages/FileDataCodingPage.tsx(125,18): error TS1005: '}' expected.
src/pages/FileDataCodingPage.tsx(134,27): error TS1005: '}' expected.
src/pages/FileDataCodingPage.tsx(135,5): error TS1381: Unexpected token. Did you mean `{'}'}` or `&rbrace;`?
src/pages/FileDataCodingPage.tsx(136,3): error TS1381: Unexpected token. Did you mean `{'}'}` or `&rbrace;`?
src/pages/FileDataCodingPage.tsx(138,34): error TS1382: Unexpected token. Did you mean `{'>'}` or `&gt;`?
src/pages/FileDataCodingPage.tsx(139,5): error TS1109: Expression expected.
src/pages/FileDataCodingPage.tsx(140,42): error TS1005: '}' expected.
src/pages/FileDataCodingPage.tsx(142,5): error TS1381: Unexpected token. Did you mean `{'}'}` or `&rbrace;`?
src/pages/FileDataCodingPage.tsx(145,46): error TS1005: '}' expected.
src/pages/FileDataCodingPage.tsx(147,5): error TS1381: Unexpected token. Did you mean `{'}'}` or `&rbrace;`?
src/pages/FileDataCodingPage.tsx(153,38): error TS1005: '}' expected.
src/pages/FileDataCodingPage.tsx(162,15): error TS1005: '}' expected.
src/pages/FileDataCodingPage.tsx(164,7): error TS1381: Unexpected token. Did you mean `{'}'}` or `&rbrace;`?
src/pages/FileDataCodingPage.tsx(169,9): error TS1109: Expression expected.
src/pages/FileDataCodingPage.tsx(170,7): error TS1381: Unexpected token. Did you mean `{'}'}` or `&rbrace;`?
src/pages/FileDataCodingPage.tsx(174,16): error TS1005: '}' expected.
src/pages/FileDataCodingPage.tsx(179,7): error TS1381: Unexpected token. Did you mean `{'}'}` or `&rbrace;`?
src/pages/FileDataCodingPage.tsx(188,49): error TS1382: Unexpected token. Did you mean `{'>'}` or `&gt;`?
src/pages/FileDataCodingPage.tsx(189,54): error TS1005: '}' expected.
src/pages/FileDataCodingPage.tsx(191,7): error TS1381: Unexpected token. Did you mean `{'}'}` or `&rbrace;`?
src/pages/FileDataCodingPage.tsx(199,5): error TS1381: Unexpected token. Did you mean `{'}'}` or `&rbrace;`?
src/pages/FileDataCodingPage.tsx(200,44): error TS1005: '}' expected.
src/pages/FileDataCodingPage.tsx(202,16): error TS1005: '}' expected.
src/pages/FileDataCodingPage.tsx(204,7): error TS1381: Unexpected token. Did you mean `{'}'}` or `&rbrace;`?
src/pages/FileDataCodingPage.tsx(206,5): error TS1381: Unexpected token. Did you mean `{'}'}` or `&rbrace;`?
src/pages/FileDataCodingPage.tsx(207,24): error TS1005: '}' expected.
src/pages/FileDataCodingPage.tsx(208,5): error TS1381: Unexpected token. Did you mean `{'}'}` or `&rbrace;`?
src/pages/FileDataCodingPage.tsx(209,3): error TS1381: Unexpected token. Did you mean `{'}'}` or `&rbrace;`?
src/pages/FileDataCodingPage.tsx(495,1): error TS1381: Unexpected token. Did you mean `{'}'}` or `&rbrace;`?
src/pages/FileDataCodingPage.tsx(495,2): error TS1005: '</' expected.
